<html>
<body>
<pre>
<h1>µVision Build Log</h1>
<h2>Tool Versions:</h2>
IDE-Version: ¦ÌVision V5.28.0.0
Copyright (C) 2019 ARM Ltd and ARM Germany GmbH. All rights reserved.
License Information: q q, q, LIC=21EY8-31PFH-FVA1N-YZ0WE-9HMER-U68X7
 
Tool Versions:
Toolchain:       MDK-ARM Plus  Version: 5.28.0.0
Toolchain Path:  C:\Keil_v5\ARM\ARMCLANG\Bin
C Compiler:      ArmClang.exe V6.12
Assembler:       Armasm.exe V6.12
Linker/Locator:  ArmLink.exe V6.12
Library Manager: ArmAr.exe V6.12
Hex Converter:   FromElf.exe V6.12
CPU DLL:         SARMCM3.DLL V5.28.0.0
Dialog DLL:      DCM.DLL V1.17.3.0
Target DLL:      Segger\JL2CM3.dll V2.99.36.0
Dialog DLL:      TCM.DLL V1.36.2.0
 
<h2>Project:</h2>
E:\DDZ-Office\Tiny-bord\Software\BasicDemo\my_frame\MDK-ARM\black.uvprojx
Project File Date:  11/21/2019

<h2>Output:</h2>
*** Using Compiler 'V6.12', folder: 'C:\Keil_v5\ARM\ARMCLANG\Bin'
Build target 'black'
../cplusplus/wifi.c(450): warning: implicit conversion from enumeration type 'rt_State_t' to different enumeration type 'wifiState_t' [-Wenum-conversion]
        return check(2000, "OK\r\n");
        ~~~~~~ ^~~~~~~~~~~~~~~~~~~~~
../cplusplus/wifi.c(463): warning: implicit conversion from enumeration type 'rt_State_t' to different enumeration type 'wifiState_t' [-Wenum-conversion]
        return check(20000, "OK\r\n");
        ~~~~~~ ^~~~~~~~~~~~~~~~~~~~~~
../cplusplus/wifi.c(484): warning: implicit conversion from enumeration type 'rt_State_t' to different enumeration type 'wifiState_t' [-Wenum-conversion]
                return rt;
                ~~~~~~ ^~
../cplusplus/wifi.c(485): warning: control may reach end of non-void function [-Wreturn-type]
}
^
../cplusplus/wifi.c(498): warning: implicit conversion from enumeration type 'rt_State_t' to different enumeration type 'wifiState_t' [-Wenum-conversion]
                return rt;
                ~~~~~~ ^~
../cplusplus/wifi.c(499): warning: control may reach end of non-void function [-Wreturn-type]
}
^
../cplusplus/wifi.c(506): warning: implicit conversion from enumeration type 'rt_State_t' to different enumeration type 'wifiState_t' [-Wenum-conversion]
        return check(5000, "OK\r\n");
        ~~~~~~ ^~~~~~~~~~~~~~~~~~~~~
../cplusplus/wifi.c(521): warning: implicit conversion from enumeration type 'rt_State_t' to different enumeration type 'wifiState_t' [-Wenum-conversion]
        return check(5000, "OK\r\n");
        ~~~~~~ ^~~~~~~~~~~~~~~~~~~~~
../cplusplus/wifi.c(529): warning: implicit conversion from enumeration type 'rt_State_t' to different enumeration type 'wifiState_t' [-Wenum-conversion]
        return check(5000, "OK\r\n");
        ~~~~~~ ^~~~~~~~~~~~~~~~~~~~~
../cplusplus/wifi.c(536): warning: implicit conversion from enumeration type 'rt_State_t' to different enumeration type 'wifiState_t' [-Wenum-conversion]
        return check(5000, "OK\r\n");
        ~~~~~~ ^~~~~~~~~~~~~~~~~~~~~
../cplusplus/wifi.c(543): warning: implicit conversion from enumeration type 'rt_State_t' to different enumeration type 'wifiState_t' [-Wenum-conversion]
        return check(5000, "OK\r\n");
        ~~~~~~ ^~~~~~~~~~~~~~~~~~~~~
../cplusplus/wifi.c(556): warning: implicit conversion from enumeration type 'rt_State_t' to different enumeration type 'wifiState_t' [-Wenum-conversion]
                return check(5000, "OK\r\n");
                ~~~~~~ ^~~~~~~~~~~~~~~~~~~~~
../cplusplus/wifi.c(592): warning: control may reach end of non-void function [-Wreturn-type]
}
^
../cplusplus/wifi.c(626): warning: control may reach end of non-void function [-Wreturn-type]
}
^
14 warnings generated.
compiling wifi.c...
linking...
Program Size: Code=54960 RO-data=6664 RW-data=932 ZI-data=78892  
FromELF: creating hex file...
"black\black.axf" - 0 Error(s), 14 Warning(s).

<h2>Software Packages used:</h2>

Package Vendor: ARM
                http://www.keil.com/pack/ARM.CMSIS.5.6.0.pack
                ARM.CMSIS.5.6.0
                CMSIS (Cortex Microcontroller Software Interface Standard)
   * Component: RTOS2 Version: 2.1.3
   * Component: CORE Version: 5.3.0
   * Component: Keil RTX5 Variant: Source Version: 5.5.1

Package Vendor: Keil
                http://www.keil.com/pack/Keil.MDK-Middleware.7.10.0.pack
                Keil.MDK-Middleware.7.10.0
                Middleware for Keil MDK-Professional and MDK-Plus
   * Component: CORE Version: 5.50.0
   * Component: Interface Template Version: 5.50.0
   * Component: GUI Builder Version: 5.50.0

Package Vendor: Keil
                http://www.keil.com/pack/Keil.STM32F4xx_DFP.2.14.0.pack
                Keil.STM32F4xx_DFP.2.14.0
                STMicroelectronics STM32F4 Series Device Support, Drivers and Examples

<h2>Collection of Component include folders:</h2>
  .\RTE\CMSIS
  .\RTE\_black
  C:\Users\87436\AppData\Local\Arm\Packs\ARM\CMSIS\5.6.0\CMSIS\Core\Include
  C:\Users\87436\AppData\Local\Arm\Packs\ARM\CMSIS\5.6.0\CMSIS\RTOS2\Include
  C:\Users\87436\AppData\Local\Arm\Packs\ARM\CMSIS\5.6.0\CMSIS\RTOS2\RTX\Include
  C:\Users\87436\AppData\Local\Arm\Packs\Keil\MDK-Middleware\7.10.0\emWin\Include
  C:\Users\87436\AppData\Local\Arm\Packs\Keil\STM32F4xx_DFP\2.14.0\Drivers\CMSIS\Device\ST\STM32F4xx\Include

<h2>Collection of Component Files used:</h2>

   * Component: ::CMSIS:RTOS2:2.1.3 (API)
      Include file:  CMSIS\RTOS2\Include\cmsis_os2.h

   * Component: ARM::CMSIS:CORE:5.3.0

   * Component: ARM::CMSIS:RTOS2:Keil RTX5:Source:5.5.1
      Include file:  CMSIS\RTOS2\RTX\Config\RTX_Config.h
      Include file:  CMSIS\RTOS2\RTX\Include\rtx_os.h
      Source file:   CMSIS\RTOS2\RTX\Template\Mutex.c
      Source file:   CMSIS\RTOS2\RTX\Source\rtx_mutex.c
      Source file:   CMSIS\RTOS2\RTX\Template\Semaphore.c
      Source file:   CMSIS\RTOS2\RTX\Template\Timer.c
      Source file:   CMSIS\RTOS2\RTX\Template\svc_user.c
      Source file:   CMSIS\RTOS2\RTX\Source\rtx_kernel.c
      Source file:   CMSIS\RTOS2\RTX\Source\rtx_mempool.c
      Source file:   CMSIS\RTOS2\RTX\Source\rtx_evr.c
      Source file:   CMSIS\RTOS2\RTX\Template\MemPool.c
      Source file:   CMSIS\RTOS2\RTX\Source\rtx_lib.c
      Source file:   CMSIS\RTOS2\RTX\Source\ARM\irq_cm4f.s
      Source file:   CMSIS\RTOS2\RTX\Source\rtx_msgqueue.c
      Source file:   CMSIS\RTOS2\RTX\Source\rtx_evflags.c
      Source file:   CMSIS\RTOS2\RTX\Template\Thread.c
      Source file:   CMSIS\RTOS2\RTX\Source\rtx_delay.c
      Source file:   CMSIS\RTOS2\RTX\Template\Events.c
      Source file:   CMSIS\RTOS2\RTX\Config\RTX_Config.c
      Source file:   CMSIS\RTOS2\RTX\Source\rtx_thread.c
      Source file:   CMSIS\RTOS2\RTX\Source\rtx_system.c
      Source file:   CMSIS\RTOS2\RTX\Source\rtx_memory.c
      Source file:   CMSIS\RTOS2\RTX\Template\main.c
      Source file:   CMSIS\RTOS2\RTX\Template\MsgQueue.c
      Source file:   CMSIS\RTOS2\RTX\Source\rtx_timer.c
      Source file:   CMSIS\RTOS2\RTX\Source\rtx_semaphore.c
      Source file:   CMSIS\RTOS2\Source\os_systick.c

   * Component: Segger.MDK-Plus::Graphics:CORE:5.50.0
      Source file:   emWin\Sample\Config\GUIConf.c
      Source file:   emWin\Sample\Template\RTOS2\GUI_TemplateThread.c
      Source file:   emWin\Sample\Template\RTOS2\GUI_SingleThread.c
      Include file:  emWin\Include\GUI.h
      Library file:  emWin\Lib\ARM\GUI_CM4F_L.lib
      Source file:   emWin\Sample\GUI_X\GUI_X_RTE.c
      Source file:   emWin\Sample\Template\RTOS2\GUI_MultiThread.c

   * Component: Segger.MDK-Plus::Graphics:Display:Interface Template:5.50.0
      Source file:   emWin\Sample\Config\LCDConf.c

   * Component: Segger.MDK-Plus::Graphics:Tools:GUI Builder:5.50.0
Build Time Elapsed:  00:00:01
</pre>
</body>
</html>
