Component: ARM Compiler 6.12 Tool: armlink [5d624300]

==============================================================================

Section Cross References

    osmain.o(.text) refers (Special) to _scanf_str.o(.text) for _scanf_string
    osmain.o(.text.app_main) refers (Special) to _scanf_str.o(.text) for _scanf_string
    osmain.o(.text.app_main) refers to serial.o(.text.em_printf) for em_printf
    osmain.o(.text.app_main) refers to fs_mapi.o(i.finit) for finit
    osmain.o(.text.app_main) refers to fs_mapi.o(i.fmount) for fmount
    osmain.o(.text.app_main) refers to fs_mapi.o(i.ffind) for ffind
    osmain.o(.text.app_main) refers to fopen_locked.o(.text) for fopen
    osmain.o(.text.app_main) refers to __0fscanf.o(.text) for __0fscanf
    osmain.o(.text.app_main) refers to fs_mapi.o(i.funmount) for funmount
    osmain.o(.text.app_main) refers to fs_mapi.o(i.funinit) for funinit
    osmain.o(.text.app_main) refers to rtx_semaphore.o(.text.osSemaphoreAcquire) for osSemaphoreAcquire
    osmain.o(.text.app_main) refers to shell.o(.text.console_line_handle) for console_line_handle
    osmain.o(.text.app_main) refers to osmain.o(.bss..L_MergedGlobals) for [Anonymous Symbol]
    osmain.o(.text.app_main) refers to osmain.o(.rodata.str1.1) for .L.str
    osmain.o(.text.app_main) refers to fwritefast_locked.o(.text) for fwrite
    osmain.o(.text.app_main) refers to fclose_locked.o(.text) for fclose
    osmain.o(.ARM.exidx.text.app_main) refers (Special) to _scanf_str.o(.text) for _scanf_string
    osmain.o(.ARM.exidx.text.app_main) refers to osmain.o(.text.app_main) for [Anonymous Symbol]
    osmain.o(.text.app_pwm) refers (Special) to _scanf_str.o(.text) for _scanf_string
    osmain.o(.text.app_pwm) refers to osmain.o(.bss.light) for light
    osmain.o(.text.app_pwm) refers to stm32f4xx_hal_gpio.o(.text.HAL_GPIO_WritePin) for HAL_GPIO_WritePin
    osmain.o(.ARM.exidx.text.app_pwm) refers (Special) to _scanf_str.o(.text) for _scanf_string
    osmain.o(.ARM.exidx.text.app_pwm) refers to osmain.o(.text.app_pwm) for [Anonymous Symbol]
    osmain.o(.text.osMain) refers (Special) to _scanf_str.o(.text) for _scanf_string
    osmain.o(.text.osMain) refers to eventrecorder.o(.text.EventRecorderInitialize) for EventRecorderInitialize
    osmain.o(.text.osMain) refers to rtx_semaphore.o(.text.osSemaphoreNew) for osSemaphoreNew
    osmain.o(.text.osMain) refers to serial.o(.text.registerSerial) for registerSerial
    osmain.o(.text.osMain) refers to shell.o(.text.console_cmd_init) for console_cmd_init
    osmain.o(.text.osMain) refers to system_stm32f4xx.o(.text.SystemCoreClockUpdate) for SystemCoreClockUpdate
    osmain.o(.text.osMain) refers to rtx_kernel.o(.text.osKernelInitialize) for osKernelInitialize
    osmain.o(.text.osMain) refers to rtx_thread.o(.text.osThreadNew) for osThreadNew
    osmain.o(.text.osMain) refers to rtx_kernel.o(.text.osKernelStart) for osKernelStart
    osmain.o(.text.osMain) refers to osmain.o(.bss..L_MergedGlobals) for [Anonymous Symbol]
    osmain.o(.text.osMain) refers to usart.o(.bss.huart1) for huart1
    osmain.o(.text.osMain) refers to osmain.o(.text.app_main) for app_main
    osmain.o(.text.osMain) refers to osmain.o(.text.app_pwm) for app_pwm
    osmain.o(.ARM.exidx.text.osMain) refers (Special) to _scanf_str.o(.text) for _scanf_string
    osmain.o(.ARM.exidx.text.osMain) refers to osmain.o(.text.osMain) for [Anonymous Symbol]
    osmain.o(.bss.light) refers (Special) to _scanf_str.o(.text) for _scanf_string
    osmain.o(.rodata.str1.1) refers (Special) to _scanf_str.o(.text) for _scanf_string
    osmain.o(.data.str) refers (Special) to _scanf_str.o(.text) for _scanf_string
    osmain.o(.bss.buf) refers (Special) to _scanf_str.o(.text) for _scanf_string
    osmain.o(.bss..L_MergedGlobals) refers (Special) to _scanf_str.o(.text) for _scanf_string
    serial.o(.ARM.exidx.text.emHAL_UART_Transmit_DMA) refers to serial.o(.text.emHAL_UART_Transmit_DMA) for [Anonymous Symbol]
    serial.o(.text.em_printf) refers to vsnprintf.o(.text) for vsnprintf
    serial.o(.text.em_printf) refers to serial.o(.text.emHAL_UART_Transmit_DMA) for emHAL_UART_Transmit_DMA
    serial.o(.text.em_printf) refers to serial.o(.bss..L_MergedGlobals) for [Anonymous Symbol]
    serial.o(.ARM.exidx.text.em_printf) refers to serial.o(.text.em_printf) for [Anonymous Symbol]
    serial.o(.ARM.exidx.text.initSerial) refers to serial.o(.text.initSerial) for [Anonymous Symbol]
    serial.o(.ARM.exidx.text.restartDMA) refers to serial.o(.text.restartDMA) for [Anonymous Symbol]
    serial.o(.text.USART1_IRQHandler) refers to rtx_semaphore.o(.text.osSemaphoreRelease) for osSemaphoreRelease
    serial.o(.text.USART1_IRQHandler) refers to serial.o(.bss..L_MergedGlobals) for [Anonymous Symbol]
    serial.o(.ARM.exidx.text.USART1_IRQHandler) refers to serial.o(.text.USART1_IRQHandler) for [Anonymous Symbol]
    serial.o(.text.registerSerial) refers to serial.o(.text.em_printf) for em_printf
[...]
    funmount                                 0x0800a0a1   Thumb Code    92  fs_mapi.o(i.funmount)
    get_u32                                  0x0800a105   Thumb Code    22  fs_common.o(i.get_u32)
    _get_lc_numeric                          0x0800a1cd   Thumb Code    44  lc_numeric_c.o(locale$$code)
    _get_lc_ctype                            0x0800a1f9   Thumb Code    44  lc_ctype_c.o(locale$$code)
    _fp_init                                 0x0800a225   Thumb Code    26  fpinit.o(x$fpl$fpinit)
    __fplib_config_fpu_vfp                   0x0800a23d   Thumb Code     0  fpinit.o(x$fpl$fpinit)
    __fplib_config_pureend_doubles           0x0800a23d   Thumb Code     0  fpinit.o(x$fpl$fpinit)
    _printf_fp_dec                           0x0800a23f   Thumb Code     4  printf1.o(x$fpl$printf1)
    _printf_fp_hex                           0x0800a243   Thumb Code     4  printf2.o(x$fpl$printf2)
    __I$use$fp                               0x0800a246   Number         0  usenofp.o(x$fpl$usenofp)
    osRtxConfig                              0x0800a344   Data         104  rtx_lib.o(.rodata)
    os_cb_sections                           0x0800a3ac   Data          56  rtx_lib.o(.rodata)
    AHBPrescTable                            0x0800a3e4   Data          16  system_stm32f4xx.o(.rodata.AHBPrescTable)
    APBPrescTable                            0x0800a3f4   Data           8  system_stm32f4xx.o(.rodata.APBPrescTable)
    Driver_Flash0                            0x0800a3fc   Data          44  driver_flash.o(.rodata.Driver_Flash0)
    EventRecorderInfo                        0x0800a428   Data          24  eventrecorder.o(.rodata.EventRecorderInfo)
    __stderr_name                            0x0800a458   Data           8  retarget_io.o(.rodata.__stderr_name)
    __stdin_name                             0x0800a460   Data           7  retarget_io.o(.rodata.__stdin_name)
    __stdout_name                            0x0800a467   Data           8  retarget_io.o(.rodata.__stdout_name)
    fs_DevPool                               0x0800a470   Data           8  fs_config.o(.rodata.fs_DevPool)
    fs_efs_fh_cnt                            0x0800a478   Data           1  fs_config.o(.rodata.fs_efs_fh_cnt)
    fs_fat_fh_cnt                            0x0800a479   Data           1  fs_config.o(.rodata.fs_fat_fh_cnt)
    fs_ndrv                                  0x0800a47a   Data           1  fs_config.o(.rodata.fs_ndrv)
    osRtxUserSVC                             0x0800a494   Data           4  rtx_lib.o(.rodata.osRtxUserSVC)
    Region$$Table$$Base                      0x0800a644   Number         0  anon$$obj.o(Region$$Table)
    Region$$Table$$Limit                     0x0800a664   Number         0  anon$$obj.o(Region$$Table)
    __ctype                                  0x0800a68d   Data           0  lc_ctype_c.o(locale$$data)
    _stream_list_lock                        0x20000004   Data           4  streamlock.o(.data)
    __aeabi_stdin                            0x20000008   Data           4  stdio_streams.o(.data)
    __aeabi_stdout                           0x2000000c   Data           4  stdio_streams.o(.data)
    __aeabi_stderr                           0x20000010   Data           4  stdio_streams.o(.data)
    uwTickFreq                               0x20000014   Data           1  stm32f4xx_hal.o(.data..L_MergedGlobals)
    uwTickPrio                               0x20000018   Data           4  stm32f4xx_hal.o(.data..L_MergedGlobals)
    SystemCoreClock                          0x2000001c   Data           4  system_stm32f4xx.o(.data.SystemCoreClock)
    emConsoleCmdManage                       0x20000020   Data          20  shell.o(.data.emConsoleCmdManage)
    emConsoleString                          0x20000034   Data         200  shell.o(.data.emConsoleString)
    emHistory                                0x200000fc   Data         520  shell.o(.data.emHistory)
    osRtxInfo                                0x20000304   Data         164  rtx_kernel.o(.data.os)
    __stdin                                  0x200003c0   Data          84  stdio_streams.o(.bss)
    __stdout                                 0x20000414   Data          84  stdio_streams.o(.bss)
    __stderr                                 0x20000468   Data          84  stdio_streams.o(.bss)
    __libspace_start                         0x200004bc   Data          96  libspace.o(.bss)
    __temporary_stack_top$libspace           0x2000051c   Data           0  libspace.o(.bss)
    s                                        0x2000051c   Data           1  osmain.o(.bss..L_MergedGlobals)
    emSerial                                 0x20000520   Data           4  osmain.o(.bss..L_MergedGlobals)
    semSerial                                0x20000524   Data           4  osmain.o(.bss..L_MergedGlobals)
    cnt                                      0x20000538   Data           4  driver_flash.o(.bss.cnt)
    fs_efs_fh                                0x2000053c   Data         112  fs_config.o(.bss.fs_efs_fh)
    fs_fat_fh                                0x200005ac   Data          36  fs_config.o(.bss.fs_fat_fh)
    fs_ms_rtos_tick                          0x200005d0   Data           4  fs_config.o(.bss.fs_ms_rtos_tick)
    hdma_usart1_rx                           0x2000060c   Data          96  usart.o(.bss.hdma_usart1_rx)
    hdma_usart1_tx                           0x2000066c   Data          96  usart.o(.bss.hdma_usart1_tx)
    hspi2                                    0x200006cc   Data          88  spi.o(.bss.hspi2)
    htim11                                   0x20000724   Data          64  stm32f4xx_hal_timebase_tim.o(.bss.htim11)
    huart1                                   0x20000764   Data          64  usart.o(.bss.huart1)
    light                                    0x200007a4   Data           2  osmain.o(.bss.light)
    .bss.os.msgqueue.cb$$Base                0x20001e98   Number         0  rtx_lib.o(.bss.os.msgqueue.cb)
    .bss.os.msgqueue.cb$$Limit               0x20001ecc   Number         0  rtx_lib.o(.bss.os.msgqueue.cb)
    .bss.os.mutex.cb$$Base                   0x20001f1c   Number         0  fs_config.o(.bss.os.mutex.cb)
    .bss.os.mutex.cb$$Limit                  0x20001f38   Number         0  fs_config.o(.bss.os.mutex.cb)
    .bss.os.thread.cb$$Base                  0x20001f38   Number         0  rtx_lib.o(.bss.os.thread.cb)
    .bss.os.thread.cb$$Limit                 0x20001fc0   Number         0  rtx_lib.o(.bss.os.thread.cb)
    uwTick                                   0x200021c4   Data           4  stm32f4xx_hal.o(.bss.uwTick)
    w25qxx                                   0x200021c8   Data          40  w25qxx.o(.bss.w25qxx)



==============================================================================

Memory Map of the image

  Image Entry point : 0x08000199

  Load Region LR_IROM1 (Base: 0x08000000, Size: 0x0000ab80, Max: 0x00080000, ABSOLUTE, COMPRESSED[0x0000a840])

    Execution Region ER_IROM1 (Exec base: 0x08000000, Load base: 0x08000000, Size: 0x0000a790, Max: 0x00080000, ABSOLUTE)

    Exec Addr    Load Addr    Size         Type   Attr      Idx    E Section Name        Object

    0x08000000   0x08000000   0x00000198   Data   RO          196    RESET               startup_stm32f411xe.o
    0x08000198   0x08000198   0x00000008   Code   RO         2808  * !!!main             c_w.l(__main.o)
    0x080001a0   0x080001a0   0x00000034   Code   RO         3294    !!!scatter          c_w.l(__scatter.o)
    0x080001d4   0x080001d4   0x0000003a   Code   RO         3292    !!dczerorl          c_w.l(__dczerorl.o)
    0x0800020e   0x0800020e   0x00000002   PAD
    0x08000210   0x08000210   0x0000001c   Code   RO         3296    !!handler_zi        c_w.l(__scatter_zi.o)
    0x0800022c   0x0800022c   0x00000000   Code   RO         2929    .ARM.Collect$$_printf_percent$$00000000  c_w.l(_printf_percent.o)
    0x0800022c   0x0800022c   0x00000006   Code   RO         2918    .ARM.Collect$$_printf_percent$$00000001  c_w.l(_printf_n.o)
    0x08000232   0x08000232   0x00000006   Code   RO         2920    .ARM.Collect$$_printf_percent$$00000002  c_w.l(_printf_p.o)
    0x08000238   0x08000238   0x00000006   Code   RO         2925    .ARM.Collect$$_printf_percent$$00000003  c_w.l(_printf_f.o)
    0x0800023e   0x0800023e   0x00000006   Code   RO         2926    .ARM.Collect$$_printf_percent$$00000004  c_w.l(_printf_e.o)
    0x08000244   0x08000244   0x00000006   Code   RO         2927    .ARM.Collect$$_printf_percent$$00000005  c_w.l(_printf_g.o)
    0x0800024a   0x0800024a   0x00000006   Code   RO         2928    .ARM.Collect$$_printf_percent$$00000006  c_w.l(_printf_a.o)
    0x08000250   0x08000250   0x0000000a   Code   RO         2933    .ARM.Collect$$_printf_percent$$00000007  c_w.l(_printf_ll.o)
    0x0800025a   0x0800025a   0x00000006   Code   RO         2922    .ARM.Collect$$_printf_percent$$00000008  c_w.l(_printf_i.o)
    0x08000260   0x08000260   0x00000006   Code   RO         2923    .ARM.Collect$$_printf_percent$$00000009  c_w.l(_printf_d.o)
    0x08000266   0x08000266   0x00000006   Code   RO         2924    .ARM.Collect$$_printf_percent$$0000000A  c_w.l(_printf_u.o)
    0x0800026c   0x0800026c   0x00000006   Code   RO         2921    .ARM.Collect$$_printf_percent$$0000000B  c_w.l(_printf_o.o)
    0x08000272   0x08000272   0x00000006   Code   RO         2919    .ARM.Collect$$_printf_percent$$0000000C  c_w.l(_printf_x.o)
    0x08000278   0x08000278   0x00000006   Code   RO         2930    .ARM.Collect$$_printf_percent$$0000000D  c_w.l(_printf_lli.o)
    0x0800027e   0x0800027e   0x00000006   Code   RO         2931    .ARM.Collect$$_printf_percent$$0000000E  c_w.l(_printf_lld.o)
    0x08000284   0x08000284   0x00000006   Code   RO         2932    .ARM.Collect$$_printf_percent$$0000000F  c_w.l(_printf_llu.o)
    0x0800028a   0x0800028a   0x00000006   Code   RO         2937    .ARM.Collect$$_printf_percent$$00000010  c_w.l(_printf_llo.o)
    0x08000290   0x08000290   0x00000006   Code   RO         2938    .ARM.Collect$$_printf_percent$$00000011  c_w.l(_printf_llx.o)
    0x08000296   0x08000296   0x0000000a   Code   RO         2934    .ARM.Collect$$_printf_percent$$00000012  c_w.l(_printf_l.o)
    0x080002a0   0x080002a0   0x00000006   Code   RO         2916    .ARM.Collect$$_printf_percent$$00000013  c_w.l(_printf_c.o)
    0x080002a6   0x080002a6   0x00000006   Code   RO         2917    .ARM.Collect$$_printf_percent$$00000014  c_w.l(_printf_s.o)
    0x080002ac   0x080002ac   0x00000006   Code   RO         2935    .ARM.Collect$$_printf_percent$$00000015  c_w.l(_printf_lc.o)
    0x080002b2   0x080002b2   0x00000006   Code   RO         2936    .ARM.Collect$$_printf_percent$$00000016  c_w.l(_printf_ls.o)
    0x080002b8   0x080002b8   0x00000004   Code   RO         3068    .ARM.Collect$$_printf_percent$$00000017  c_w.l(_printf_percent_end.o)
    0x080002bc   0x080002bc   0x00000002   Code   RO         3196    .ARM.Collect$$libinit$$00000000  c_w.l(libinit.o)
    0x080002be   0x080002be   0x00000004   Code   RO         2964    .ARM.Collect$$libinit$$00000001  c_w.l(libinit2.o)
    0x080002c2   0x080002c2   0x00000000   Code   RO         2967    .ARM.Collect$$libinit$$00000004  c_w.l(libinit2.o)
    0x080002c2   0x080002c2   0x00000008   Code   RO         2968    .ARM.Collect$$libinit$$00000005  c_w.l(libinit2.o)
    0x080002ca   0x080002ca   0x00000000   Code   RO         2970    .ARM.Collect$$libinit$$0000000A  c_w.l(libinit2.o)
    0x080002ca   0x080002ca   0x00000000   Code   RO         2972    .ARM.Collect$$libinit$$0000000C  c_w.l(libinit2.o)
    0x080002ca   0x080002ca   0x00000000   Code   RO         2974    .ARM.Collect$$libinit$$0000000E  c_w.l(libinit2.o)
    0x080002ca   0x080002ca   0x00000006   Code   RO         2975    .ARM.Collect$$libinit$$0000000F  c_w.l(libinit2.o)
    0x080002d0   0x080002d0   0x00000000   Code   RO         2977    .ARM.Collect$$libinit$$00000011  c_w.l(libinit2.o)
    0x080002d0   0x080002d0   0x0000000c   Code   RO         2978    .ARM.Collect$$libinit$$00000012  c_w.l(libinit2.o)
    0x080002dc   0x080002dc   0x00000000   Code   RO         2979    .ARM.Collect$$libinit$$00000013  c_w.l(libinit2.o)
    0x080002dc   0x080002dc   0x00000000   Code   RO         2981    .ARM.Collect$$libinit$$00000015  c_w.l(libinit2.o)
    0x080002dc   0x080002dc   0x0000000a   Code   RO         2982    .ARM.Collect$$libinit$$00000016  c_w.l(libinit2.o)
    0x080002e6   0x080002e6   0x00000000   Code   RO         2983    .ARM.Collect$$libinit$$00000017  c_w.l(libinit2.o)
    0x080002e6   0x080002e6   0x00000000   Code   RO         2985    .ARM.Collect$$libinit$$00000019  c_w.l(libinit2.o)
    0x080002e6   0x080002e6   0x00000000   Code   RO         2987    .ARM.Collect$$libinit$$0000001B  c_w.l(libinit2.o)
    0x080002e6   0x080002e6   0x00000000   Code   RO         2989    .ARM.Collect$$libinit$$0000001D  c_w.l(libinit2.o)
    0x080002e6   0x080002e6   0x00000000   Code   RO         2991    .ARM.Collect$$libinit$$0000001F  c_w.l(libinit2.o)
    0x080002e6   0x080002e6   0x00000000   Code   RO         2993    .ARM.Collect$$libinit$$00000021  c_w.l(libinit2.o)
    0x080002e6   0x080002e6   0x00000000   Code   RO         2995    .ARM.Collect$$libinit$$00000023  c_w.l(libinit2.o)
    0x080002e6   0x080002e6   0x00000004   Code   RO         2996    .ARM.Collect$$libinit$$00000024  c_w.l(libinit2.o)
    0x080002ea   0x080002ea   0x00000000   Code   RO         2997    .ARM.Collect$$libinit$$00000025  c_w.l(libinit2.o)
    0x080002ea   0x080002ea   0x00000000   Code   RO         3001    .ARM.Collect$$libinit$$0000002C  c_w.l(libinit2.o)
    0x080002ea   0x080002ea   0x00000000   Code   RO         3003    .ARM.Collect$$libinit$$0000002E  c_w.l(libinit2.o)
    0x080002ea   0x080002ea   0x00000000   Code   RO         3005    .ARM.Collect$$libinit$$00000030  c_w.l(libinit2.o)
    0x080002ea   0x080002ea   0x00000000   Code   RO         3007    .ARM.Collect$$libinit$$00000032  c_w.l(libinit2.o)
    0x080002ea   0x080002ea   0x00000002   Code   RO         3008    .ARM.Collect$$libinit$$00000033  c_w.l(libinit2.o)
    0x080002ec   0x080002ec   0x00000002   Code   RO         3290    .ARM.Collect$$libshutdown$$00000000  c_w.l(libshutdown.o)
    0x080002ee   0x080002ee   0x00000000   Code   RO         3198    .ARM.Collect$$libshutdown$$00000002  c_w.l(libshutdown2.o)
    0x080002ee   0x080002ee   0x00000004   Code   RO         3199    .ARM.Collect$$libshutdown$$00000003  c_w.l(libshutdown2.o)
    0x080002f2   0x080002f2   0x00000000   Code   RO         3200    .ARM.Collect$$libshutdown$$00000004  c_w.l(libshutdown2.o)
    0x080002f2   0x080002f2   0x00000000   Code   RO         3203    .ARM.Collect$$libshutdown$$00000007  c_w.l(libshutdown2.o)
    0x080002f2   0x080002f2   0x00000000   Code   RO         3206    .ARM.Collect$$libshutdown$$0000000A  c_w.l(libshutdown2.o)
    0x080002f2   0x080002f2   0x00000000   Code   RO         3208    .ARM.Collect$$libshutdown$$0000000C  c_w.l(libshutdown2.o)
    0x080002f2   0x080002f2   0x00000004   Code   RO         3209    .ARM.Collect$$libshutdown$$0000000D  c_w.l(libshutdown2.o)
    0x080002f6   0x080002f6   0x00000000   Code   RO         3211    .ARM.Collect$$libshutdown$$0000000F  c_w.l(libshutdown2.o)
    0x080002f6   0x080002f6   0x00000002   Code   RO         3212    .ARM.Collect$$libshutdown$$00000010  c_w.l(libshutdown2.o)
    0x080002f8   0x080002f8   0x00000000   Code   RO         2810    .ARM.Collect$$rtentry$$00000000  c_w.l(__rtentry.o)
    0x080002f8   0x080002f8   0x00000000   Code   RO         3025    .ARM.Collect$$rtentry$$00000002  c_w.l(__rtentry2.o)
    0x080002f8   0x080002f8   0x00000006   Code   RO         3037    .ARM.Collect$$rtentry$$00000004  c_w.l(__rtentry4.o)
    0x080002fe   0x080002fe   0x00000008   Code   RO         3026    .ARM.Collect$$rtentry$$00000008  c_w.l(__rtentry2.o)
    0x08000306   0x08000306   0x00000004   Code   RO         3028    .ARM.Collect$$rtentry$$0000000A  c_w.l(__rtentry2.o)
    0x0800030a   0x0800030a   0x00000000   Code   RO         3030    .ARM.Collect$$rtentry$$0000000C  c_w.l(__rtentry2.o)
    0x0800030a   0x0800030a   0x00000008   Code   RO         3031    .ARM.Collect$$rtentry$$0000000D  c_w.l(__rtentry2.o)
    0x08000312   0x08000312   0x00000002   Code   RO         3224    .ARM.Collect$$rtexit$$00000000  c_w.l(rtexit.o)
    0x08000314   0x08000314   0x00000000   Code   RO         3266    .ARM.Collect$$rtexit$$00000002  c_w.l(rtexit2.o)
    0x08000314   0x08000314   0x00000004   Code   RO         3267    .ARM.Collect$$rtexit$$00000003  c_w.l(rtexit2.o)
    0x08000318   0x08000318   0x00000006   Code   RO         3268    .ARM.Collect$$rtexit$$00000004  c_w.l(rtexit2.o)
    0x0800031e   0x0800031e   0x00000002   PAD
    0x08000320   0x08000320   0x00000040   Code   RO          197    .text               startup_stm32f411xe.o
    0x08000360   0x08000360   0x000000c4   Code   RO         1328    .text               irq_cm4f.o
    0x08000424   0x08000424   0x000000a6   Code   RO         2718    .text               c_w.l(h1_alloc_threads.o)
    0x080004ca   0x080004ca   0x000000ee   Code   RO         2770    .text               c_w.l(lludivv7m.o)
    0x080005b8   0x080005b8   0x00000034   Code   RO         2772    .text               c_w.l(vsnprintf.o)
    0x080005ec   0x080005ec   0x00000018   Code   RO         2774    .text               c_w.l(__0fscanf.o)
    0x08000604   0x08000604   0x0000003c   Code   RO         2776    .text               c_w.l(__0sscanf.o)
    0x08000640   0x08000640   0x000000e0   Code   RO         2778    .text               c_w.l(_scanf_str.o)
    0x08000720   0x08000720   0x0000004c   Code   RO         2786    .text               c_w.l(fclose.o)
    0x0800076c   0x0800076c   0x00000034   Code   RO         2788    .text               c_w.l(fclose_locked.o)
    0x080007a0   0x080007a0   0x00000090   Code   RO         2790    .text               c_w.l(fflush_locked.o)
    0x08000830   0x08000830   0x00000144   Code   RO         2792    .text               c_w.l(fopen_locked.o)
    0x08000974   0x08000974   0x0000003e   Code   RO         2794    .text               c_w.l(strlen.o)
    0x080009b2   0x080009b2   0x0000008a   Code   RO         2796    .text               c_w.l(rt_memcpy_v6.o)
    0x08000a3c   0x08000a3c   0x00000064   Code   RO         2798    .text               c_w.l(rt_memcpy_w.o)
    0x08000aa0   0x08000aa0   0x00000044   Code   RO         2800    .text               c_w.l(rt_memclr.o)
    0x08000ae4   0x08000ae4   0x0000004e   Code   RO         2802    .text               c_w.l(rt_memclr_w.o)
    0x08000b32   0x08000b32   0x00000006   PAD
    0x08000b38   0x08000b38   0x0000007c   Code   RO         2804    .text               c_w.l(strcmpv7em.o)
    0x08000bb4   0x08000bb4   0x00000006   Code   RO         2806    .text               c_w.l(heapauxi.o)
    0x08000bba   0x08000bba   0x0000000a   Code   RO         2820    .text               c_w.l(rt_heap_descriptor_twolibspace.o)
    0x08000bc4   0x08000bc4   0x00000004   Code   RO         2822    .text               c_w.l(hguard.o)
    0x08000bc8   0x08000bc8   0x0000008a   Code   RO         2824    .text               c_w.l(init_alloc.o)
    0x08000c52   0x08000c52   0x00000012   Code   RO         2834    .text               c_w.l(h1_init_threads.o)
    0x08000c64   0x08000c64   0x00000076   Code   RO         2836    .text               c_w.l(h1_free_threads.o)
    0x08000cda   0x08000cda   0x0000004e   Code   RO         2848    .text               c_w.l(_printf_pad.o)
    0x08000d28   0x08000d28   0x00000024   Code   RO         2850    .text               c_w.l(_printf_truncate.o)
    0x08000d4c   0x08000d4c   0x00000052   Code   RO         2852    .text               c_w.l(_printf_str.o)
    0x08000d9e   0x08000d9e   0x00000002   PAD
    0x08000da0   0x08000da0   0x00000078   Code   RO         2854    .text               c_w.l(_printf_dec.o)
    0x08000e18   0x08000e18   0x00000028   Code   RO         2856    .text               c_w.l(_printf_charcount.o)
    0x08000e40   0x08000e40   0x00000030   Code   RO         2858    .text               c_w.l(_printf_char_common.o)
    0x08000e70   0x08000e70   0x0000000a   Code   RO         2860    .text               c_w.l(_sputc.o)
    0x08000e7a   0x08000e7a   0x00000010   Code   RO         2862    .text               c_w.l(_snputc.o)
    0x08000e8a   0x08000e8a   0x00000002   PAD
    0x08000e8c   0x08000e8c   0x000000bc   Code   RO         2864    .text               c_w.l(_printf_wctomb.o)
    0x08000f48   0x08000f48   0x0000007c   Code   RO         2867    .text               c_w.l(_printf_longlong_dec.o)
    0x08000fc4   0x08000fc4   0x00000070   Code   RO         2873    .text               c_w.l(_printf_oct_int_ll.o)
    0x08001034   0x08001034   0x00000094   Code   RO         2893    .text               c_w.l(_printf_hex_int_ll_ptr.o)
    0x080010c8   0x080010c8   0x00000188   Code   RO         2913    .text               c_w.l(__printf_flags_ss_wp.o)
    0x08001250   0x08001250   0x0000002c   Code   RO         2939    .text               c_w.l(scanf_char.o)
    0x0800127c   0x0800127c   0x00000040   Code   RO         2941    .text               c_w.l(_sgetc.o)
    0x080012bc   0x080012bc   0x000000f8   Code   RO         2949    .text               c_w.l(fseek.o)
    0x080013b4   0x080013b4   0x000000f0   Code   RO         2951    .text               c_w.l(stdio.o)
    0x080014a4   0x080014a4   0x00000008   Code   RO         3021    .text               c_w.l(libspace.o)
    0x080014ac   0x080014ac   0x00000000   Code   RO         3044    .text               c_w.l(maybetermalloc2.o)
    0x080014ac   0x080014ac   0x00000052   Code   RO         3047    .text               c_w.l(h1_extend_threads.o)
    0x080014fe   0x080014fe   0x0000008a   Code   RO         3049    .text               c_w.l(lludiv10.o)
    0x08001588   0x08001588   0x00000012   Code   RO         3051    .text               c_w.l(isspace.o)
    0x0800159a   0x0800159a   0x000000b2   Code   RO         3053    .text               c_w.l(_printf_intcommon.o)
    0x0800164c   0x0800164c   0x0000041c   Code   RO         3055    .text               c_w.l(_printf_fp_dec.o)
    0x08001a68   0x08001a68   0x000002fc   Code   RO         3059    .text               c_w.l(_printf_fp_hex.o)
    0x08001d64   0x08001d64   0x0000002c   Code   RO         3064    .text               c_w.l(_printf_char.o)
    0x08001d90   0x08001d90   0x0000002c   Code   RO         3066    .text               c_w.l(_printf_wchar.o)
    0x08001dbc   0x08001dbc   0x00000374   Code   RO         3069    .text               c_w.l(_scanf.o)
    0x08002130   0x08002130   0x00000048   Code   RO         3071    .text               c_w.l(backspace.o)
    0x08002178   0x08002178   0x000001d6   Code   RO         3077    .text               c_w.l(flsbuf.o)
    0x0800234e   0x0800234e   0x00000042   Code   RO         3079    .text               c_w.l(ftell.o)
    0x08002390   0x08002390   0x000001c8   Code   RO         3087    .text               c_w.l(initio_locked.o)
    0x08002558   0x08002558   0x00000048   Code   RO         3089    .text               c_w.l(_c16rtomb.o)
    0x080025a0   0x080025a0   0x0000000e   Code   RO         3091    .text               c_w.l(defsig_rtmem_outer.o)
    0x080025ae   0x080025ae   0x00000002   Code   RO         3104    .text               c_w.l(use_no_semi.o)
    0x080025b0   0x080025b0   0x00000000   Code   RO         3106    .text               c_w.l(indicate_semi.o)
    0x080025b0   0x080025b0   0x0000004a   Code   RO         3107    .text               c_w.l(sys_stackheap_outer.o)
    0x080025fa   0x080025fa   0x00000002   PAD
    0x080025fc   0x080025fc   0x00000010   Code   RO         3109    .text               c_w.l(rt_ctype_table.o)
    0x0800260c   0x0800260c   0x0000000a   Code   RO         3118    .text               c_w.l(rt_locale_twolibspace.o)
    0x08002616   0x08002616   0x00000004   Code   RO         3125    .text               c_w.l(rt_errno_addr_twolibspace.o)
    0x0800261a   0x0800261a   0x00000010   Code   RO         3127    .text               c_w.l(term_alloc.o)
    0x0800262a   0x0800262a   0x00000002   PAD
    0x0800262c   0x0800262c   0x00000080   Code   RO         3129    .text               c_w.l(_printf_fp_infnan.o)
    0x080026ac   0x080026ac   0x000000e4   Code   RO         3131    .text               c_w.l(bigflt0.o)
    0x08002790   0x08002790   0x0000023a   Code   RO         3158    .text               c_w.l(filbuf.o)
    0x080029ca   0x080029ca   0x00000002   PAD
    0x080029cc   0x080029cc   0x00000048   Code   RO         3162    .text               c_w.l(ungetc.o)
    0x08002a14   0x08002a14   0x00000068   Code   RO         3166    .text               c_w.l(setvbuf_locked.o)
    0x08002a7c   0x08002a7c   0x000000d0   Code   RO         3168    .text               c_w.l(fwritefast_locked.o)
    0x08002b4c   0x08002b4c   0x00000012   Code   RO         3173    .text               c_w.l(exit.o)
    0x08002b5e   0x08002b5e   0x0000000a   Code   RO         3175    .text               c_w.l(defsig_exit.o)
    0x08002b68   0x08002b68   0x0000000e   Code   RO         3181    .text               c_w.l(defsig_rtred_outer.o)
    0x08002b76   0x08002b76   0x00000002   PAD
    0x08002b78   0x08002b78   0x00000050   Code   RO         3185    .text               c_w.l(defsig_rtmem_inner.o)
    0x08002bc8   0x08002bc8   0x0000000c   Code   RO         3220    .text               c_w.l(sys_exit.o)
    0x08002bd4   0x08002bd4   0x0000000a   Code   RO         3228    .text               c_w.l(h1_final_threads.o)
    0x08002bde   0x08002bde   0x00000002   PAD
    0x08002be0   0x08002be0   0x00000040   Code   RO         3230    .text               c_w.l(scanf_char_file_locked.o)
    0x08002c20   0x08002c20   0x0000005c   Code   RO         3248    .text               c_w.l(flushlinebuffered_locked.o)
    0x08002c7c   0x08002c7c   0x00000032   Code   RO         3255    .text               c_w.l(defsig_general.o)
    0x08002cae   0x08002cae   0x00000002   PAD
    0x08002cb0   0x08002cb0   0x00000034   Code   RO         3259    .text               c_w.l(defsig_rtred_inner.o)
    0x08002ce4   0x08002ce4   0x0000000e   Code   RO         3261    .text               c_w.l(sys_wrch.o)
    0x08002cf2   0x08002cf2   0x0000000a   Code   RO          130    .text.ARM_Flash_EraseChip  driver_flash.o
    0x08002cfc   0x08002cfc   0x00000038   Code   RO          128    .text.ARM_Flash_EraseSector  driver_flash.o
    0x08002d34   0x08002d34   0x00000004   Code   RO          116    .text.ARM_Flash_GetCapabilities  driver_flash.o
    0x08002d38   0x08002d38   0x00000008   Code   RO          134    .text.ARM_Flash_GetInfo  driver_flash.o
    0x08002d40   0x08002d40   0x0000000c   Code   RO          132    .text.ARM_Flash_GetStatus  driver_flash.o
    0x08002d4c   0x08002d4c   0x00000008   Code   RO          114    .text.ARM_Flash_GetVersion  driver_flash.o
    0x08002d54   0x08002d54   0x00000024   Code   RO          118    .text.ARM_Flash_Initialize  driver_flash.o
    0x08002d78   0x08002d78   0x0000000e   Code   RO          122    .text.ARM_Flash_PowerControl  driver_flash.o
    0x08002d86   0x08002d86   0x00000020   Code   RO          126    .text.ARM_Flash_ProgramData  driver_flash.o
    0x08002da6   0x08002da6   0x00000010   Code   RO          124    .text.ARM_Flash_ReadData  driver_flash.o
    0x08002db6   0x08002db6   0x00000004   Code   RO          120    .text.ARM_Flash_Uninitialize  driver_flash.o
    0x08002dba   0x08002dba   0x00000002   Code   RO          283    .text.BusFault_Handler  stm32f4xx_it.o
    0x08002dbc   0x08002dbc   0x0000000c   Code   RO          291    .text.DMA2_Stream2_IRQHandler  stm32f4xx_it.o
    0x08002dc8   0x08002dc8   0x0000000c   Code   RO          293    .text.DMA2_Stream7_IRQHandler  stm32f4xx_it.o
    0x08002dd4   0x08002dd4   0x00000030   Code   RO         1064    .text.DMA_CalcBaseAndBitshift  stm32f4xx_hal_dma.o
    0x08002e04   0x08002e04   0x00000002   Code   RO          287    .text.DebugMon_Handler  stm32f4xx_it.o
    0x08002e06   0x08002e06   0x00000002   Code   RO          208    .text.Error_Handler  main.o
    0x08002e08   0x08002e08   0x00000020   Code   RO         2296    .text.EventCheckFilter  eventrecorder.o
    0x08002e28   0x08002e28   0x00000038   Code   RO         2282    .text.EventGetTS    eventrecorder.o
    0x08002e60   0x08002e60   0x0000003c   Code   RO         2298    .text.EventRecord2  eventrecorder.o
    0x08002e9c   0x08002e9c   0x0000007c   Code   RO         2300    .text.EventRecord4  eventrecorder.o
    0x08002f18   0x08002f18   0x0000010c   Code   RO         2294    .text.EventRecordData  eventrecorder.o
    0x08003024   0x08003024   0x000000fc   Code   RO         2284    .text.EventRecordItem  eventrecorder.o
    0x08003120   0x08003120   0x00000060   Code   RO         2288    .text.EventRecorderDisable  eventrecorder.o
    0x08003180   0x08003180   0x00000064   Code   RO         2280    .text.EventRecorderEnable  eventrecorder.o
    0x080031e4   0x080031e4   0x00000134   Code   RO         2278    .text.EventRecorderInitialize  eventrecorder.o
    0x08003318   0x08003318   0x0000002c   Code   RO         2286    .text.EventRecorderStart  eventrecorder.o
    0x08003344   0x08003344   0x0000000c   Code   RO         2276    .text.EventRecorderTimerGetCount  eventrecorder.o
    0x08003350   0x08003350   0x0000000c   Code   RO         2274    .text.EventRecorderTimerGetFreq  eventrecorder.o
    0x0800335c   0x0800335c   0x00000020   Code   RO         2272    .text.EventRecorderTimerSetup  eventrecorder.o
    0x0800337c   0x0800337c   0x00000010   Code   RO         1531    .text.EvrRtxDelay   rtx_evr.o
    0x0800338c   0x0800338c   0x00000010   Code   RO         1539    .text.EvrRtxDelayCompleted  rtx_evr.o
    0x0800339c   0x0800339c   0x0000000c   Code   RO         1529    .text.EvrRtxDelayError  rtx_evr.o
    0x080033a8   0x080033a8   0x00000010   Code   RO         1535    .text.EvrRtxDelayStarted  rtx_evr.o
    0x080033b8   0x080033b8   0x00000010   Code   RO         1587    .text.EvrRtxEventFlagsWaitTimeout  rtx_evr.o
    0x080033c8   0x080033c8   0x0000000c   Code   RO         1403    .text.EvrRtxKernelError  rtx_evr.o
    0x080033d4   0x080033d4   0x00000010   Code   RO         1413    .text.EvrRtxKernelGetState  rtx_evr.o
    0x080033e4   0x080033e4   0x00000010   Code   RO         1441    .text.EvrRtxKernelGetTickFreq  rtx_evr.o
    0x080033f4   0x080033f4   0x00000010   Code   RO         1405    .text.EvrRtxKernelInitialize  rtx_evr.o
    0x08003404   0x08003404   0x00000010   Code   RO         1407    .text.EvrRtxKernelInitialized  rtx_evr.o
    0x08003414   0x08003414   0x00000010   Code   RO         1415    .text.EvrRtxKernelStart  rtx_evr.o
    0x08003424   0x08003424   0x00000010   Code   RO         1417    .text.EvrRtxKernelStarted  rtx_evr.o
    0x08003434   0x08003434   0x00000018   Code   RO         1393    .text.EvrRtxMemoryAlloc  rtx_evr.o
    0x0800344c   0x0800344c   0x00000010   Code   RO         1399    .text.EvrRtxMemoryBlockAlloc  rtx_evr.o
    0x0800345c   0x0800345c   0x00000018   Code   RO         1401    .text.EvrRtxMemoryBlockFree  rtx_evr.o
    0x08003474   0x08003474   0x00000018   Code   RO         1397    .text.EvrRtxMemoryBlockInit  rtx_evr.o
    0x0800348c   0x0800348c   0x00000018   Code   RO         1395    .text.EvrRtxMemoryFree  rtx_evr.o
    0x080034a4   0x080034a4   0x00000016   Code   RO         1391    .text.EvrRtxMemoryInit  rtx_evr.o
    0x080034ba   0x080034ba   0x00000002   PAD
    0x080034bc   0x080034bc   0x00000010   Code   RO         1665    .text.EvrRtxMemoryPoolAllocTimeout  rtx_evr.o
    0x080034cc   0x080034cc   0x00000010   Code   RO         1693    .text.EvrRtxMessageQueueCreated  rtx_evr.o
    0x080034dc   0x080034dc   0x0000000c   Code   RO         1689    .text.EvrRtxMessageQueueError  rtx_evr.o
    0x080034e8   0x080034e8   0x00000018   Code   RO         1709    .text.EvrRtxMessageQueueGet  rtx_evr.o
    0x08003500   0x08003500   0x00000018   Code   RO         1711    .text.EvrRtxMessageQueueGetPending  rtx_evr.o
    0x08003518   0x08003518   0x00000010   Code   RO         1713    .text.EvrRtxMessageQueueGetTimeout  rtx_evr.o
    0x08003528   0x08003528   0x00000010   Code   RO         1703    .text.EvrRtxMessageQueueInsertPending  rtx_evr.o
    0x08003538   0x08003538   0x00000010   Code   RO         1705    .text.EvrRtxMessageQueueInserted  rtx_evr.o
    0x08003548   0x08003548   0x00000018   Code   RO         1691    .text.EvrRtxMessageQueueNew  rtx_evr.o
    0x08003560   0x08003560   0x00000010   Code   RO         1707    .text.EvrRtxMessageQueueNotInserted  rtx_evr.o
    0x08003570   0x08003570   0x00000010   Code   RO         1717    .text.EvrRtxMessageQueueNotRetrieved  rtx_evr.o
    0x08003580   0x08003580   0x00000018   Code   RO         1697    .text.EvrRtxMessageQueuePut  rtx_evr.o
    0x08003598   0x08003598   0x00000018   Code   RO         1699    .text.EvrRtxMessageQueuePutPending  rtx_evr.o
    0x080035b0   0x080035b0   0x00000010   Code   RO         1701    .text.EvrRtxMessageQueuePutTimeout  rtx_evr.o
    0x080035c0   0x080035c0   0x00000010   Code   RO         1715    .text.EvrRtxMessageQueueRetrieved  rtx_evr.o
    0x080035d0   0x080035d0   0x00000010   Code   RO         1605    .text.EvrRtxMutexAcquire  rtx_evr.o
    0x080035e0   0x080035e0   0x00000010   Code   RO         1607    .text.EvrRtxMutexAcquirePending  rtx_evr.o
    0x080035f0   0x080035f0   0x00000010   Code   RO         1609    .text.EvrRtxMutexAcquireTimeout  rtx_evr.o
    0x08003600   0x08003600   0x00000010   Code   RO         1611    .text.EvrRtxMutexAcquired  rtx_evr.o
    0x08003610   0x08003610   0x00000010   Code   RO         1601    .text.EvrRtxMutexCreated  rtx_evr.o
    0x08003620   0x08003620   0x00000010   Code   RO         1621    .text.EvrRtxMutexDelete  rtx_evr.o
    0x08003630   0x08003630   0x00000010   Code   RO         1623    .text.EvrRtxMutexDestroyed  rtx_evr.o
    0x08003640   0x08003640   0x0000000c   Code   RO         1597    .text.EvrRtxMutexError  rtx_evr.o
    0x0800364c   0x0800364c   0x00000010   Code   RO         1599    .text.EvrRtxMutexNew  rtx_evr.o
    0x0800365c   0x0800365c   0x00000010   Code   RO         1613    .text.EvrRtxMutexNotAcquired  rtx_evr.o
    0x0800366c   0x0800366c   0x00000010   Code   RO         1615    .text.EvrRtxMutexRelease  rtx_evr.o
    0x0800367c   0x0800367c   0x00000010   Code   RO         1617    .text.EvrRtxMutexReleased  rtx_evr.o
    0x0800368c   0x0800368c   0x00000010   Code   RO         1633    .text.EvrRtxSemaphoreAcquire  rtx_evr.o
    0x0800369c   0x0800369c   0x00000010   Code   RO         1635    .text.EvrRtxSemaphoreAcquirePending  rtx_evr.o
    0x080036ac   0x080036ac   0x00000010   Code   RO         1637    .text.EvrRtxSemaphoreAcquireTimeout  rtx_evr.o
    0x080036bc   0x080036bc   0x00000010   Code   RO         1639    .text.EvrRtxSemaphoreAcquired  rtx_evr.o
    0x080036cc   0x080036cc   0x00000010   Code   RO         1629    .text.EvrRtxSemaphoreCreated  rtx_evr.o
    0x080036dc   0x080036dc   0x0000000c   Code   RO         1625    .text.EvrRtxSemaphoreError  rtx_evr.o
    0x080036e8   0x080036e8   0x00000018   Code   RO         1627    .text.EvrRtxSemaphoreNew  rtx_evr.o
    0x08003700   0x08003700   0x00000010   Code   RO         1641    .text.EvrRtxSemaphoreNotAcquired  rtx_evr.o
    0x08003710   0x08003710   0x00000010   Code   RO         1643    .text.EvrRtxSemaphoreRelease  rtx_evr.o
    0x08003720   0x08003720   0x00000010   Code   RO         1645    .text.EvrRtxSemaphoreReleased  rtx_evr.o
    0x08003730   0x08003730   0x00000010   Code   RO         1489    .text.EvrRtxThreadBlocked  rtx_evr.o
    0x08003740   0x08003740   0x00000018   Code   RO         1451    .text.EvrRtxThreadCreated  rtx_evr.o
    0x08003758   0x08003758   0x00000010   Code   RO         1501    .text.EvrRtxThreadDestroyed  rtx_evr.o
    0x08003768   0x08003768   0x0000000c   Code   RO         1447    .text.EvrRtxThreadError  rtx_evr.o
    0x08003774   0x08003774   0x00000010   Code   RO         1497    .text.EvrRtxThreadExit  rtx_evr.o
    0x08003784   0x08003784   0x00000018   Code   RO         1525    .text.EvrRtxThreadFlagsWaitCompleted  rtx_evr.o
    0x0800379c   0x0800379c   0x00000010   Code   RO         1523    .text.EvrRtxThreadFlagsWaitTimeout  rtx_evr.o
    0x080037ac   0x080037ac   0x00000010   Code   RO         1455    .text.EvrRtxThreadGetId  rtx_evr.o
    0x080037bc   0x080037bc   0x00000010   Code   RO         1487    .text.EvrRtxThreadJoined  rtx_evr.o
    0x080037cc   0x080037cc   0x00000018   Code   RO         1449    .text.EvrRtxThreadNew  rtx_evr.o
    0x080037e4   0x080037e4   0x00000010   Code   RO         1493    .text.EvrRtxThreadPreempted  rtx_evr.o
    0x080037f4   0x080037f4   0x00000010   Code   RO         1495    .text.EvrRtxThreadSwitched  rtx_evr.o
    0x08003804   0x08003804   0x00000010   Code   RO         1491    .text.EvrRtxThreadUnblocked  rtx_evr.o
    0x08003814   0x08003814   0x00000010   Code   RO         1543    .text.EvrRtxTimerCallback  rtx_evr.o
    0x08003824   0x08003824   0x00000170   Code   RO         1080    .text.HAL_DMA_IRQHandler  stm32f4xx_hal_dma.o
    0x08003994   0x08003994   0x00000128   Code   RO         1062    .text.HAL_DMA_Init  stm32f4xx_hal_dma.o
    0x08003abc   0x08003abc   0x00000188   Code   RO         1022    .text.HAL_GPIO_Init  stm32f4xx_hal_gpio.o
    0x08003c44   0x08003c44   0x0000000a   Code   RO         1028    .text.HAL_GPIO_WritePin  stm32f4xx_hal_gpio.o
    0x08003c4e   0x08003c4e   0x00000002   PAD
    0x08003c50   0x08003c50   0x00000008   Code   RO         1232    .text.HAL_GetTick   stm32f4xx_hal.o
    0x08003c58   0x08003c58   0x00000018   Code   RO         1230    .text.HAL_IncTick   stm32f4xx_hal.o
    0x08003c70   0x08003c70   0x00000034   Code   RO         1220    .text.HAL_Init      stm32f4xx_hal.o
    0x08003ca4   0x08003ca4   0x00000078   Code   RO          312    .text.HAL_InitTick  stm32f4xx_hal_timebase_tim.o
    0x08003d1c   0x08003d1c   0x00000038   Code   RO          303    .text.HAL_MspInit   stm32f4xx_hal_msp.o
    0x08003d54   0x08003d54   0x0000001c   Code   RO         1177    .text.HAL_NVIC_EnableIRQ  stm32f4xx_hal_cortex.o
    0x08003d70   0x08003d70   0x0000003c   Code   RO         1173    .text.HAL_NVIC_SetPriority  stm32f4xx_hal_cortex.o
    0x08003dac   0x08003dac   0x00000020   Code   RO         1171    .text.HAL_NVIC_SetPriorityGrouping  stm32f4xx_hal_cortex.o
    0x08003dcc   0x08003dcc   0x00000120   Code   RO          882    .text.HAL_RCC_ClockConfig  stm32f4xx_hal_rcc.o
    0x08003eec   0x08003eec   0x00000038   Code   RO          900    .text.HAL_RCC_GetClockConfig  stm32f4xx_hal_rcc.o
    0x08003f24   0x08003f24   0x00000014   Code   RO          894    .text.HAL_RCC_GetPCLK1Freq  stm32f4xx_hal_rcc.o
    0x08003f38   0x08003f38   0x00000020   Code   RO          896    .text.HAL_RCC_GetPCLK2Freq  stm32f4xx_hal_rcc.o
    0x08003f58   0x08003f58   0x0000005c   Code   RO          884    .text.HAL_RCC_GetSysClockFreq  stm32f4xx_hal_rcc.o
    0x08003fb4   0x08003fb4   0x000002d8   Code   RO          880    .text.HAL_RCC_OscConfig  stm32f4xx_hal_rcc.o
    0x0800428c   0x0800428c   0x0000007e   Code   RO          328    .text.HAL_SPI_Init  stm32f4xx_hal_spi.o
    0x0800430a   0x0800430a   0x00000002   PAD
    0x0800430c   0x0800430c   0x0000006c   Code   RO          245    .text.HAL_SPI_MspInit  spi.o
    0x08004378   0x08004378   0x0000012e   Code   RO          340    .text.HAL_SPI_Receive  stm32f4xx_hal_spi.o
    0x080044a6   0x080044a6   0x000001d4   Code   RO          342    .text.HAL_SPI_TransmitReceive  stm32f4xx_hal_spi.o
    0x0800467a   0x0800467a   0x00000002   Code   RO          752    .text.HAL_TIMEx_BreakCallback  stm32f4xx_hal_tim_ex.o
    0x0800467c   0x0800467c   0x00000002   Code   RO          748    .text.HAL_TIMEx_CommutCallback  stm32f4xx_hal_tim_ex.o
    0x0800467e   0x0800467e   0x00000034   Code   RO          447    .text.HAL_TIM_Base_Init  stm32f4xx_hal_tim.o
    0x080046b2   0x080046b2   0x00000002   Code   RO          449    .text.HAL_TIM_Base_MspInit  stm32f4xx_hal_tim.o
    0x080046b4   0x080046b4   0x00000020   Code   RO          461    .text.HAL_TIM_Base_Start_IT  stm32f4xx_hal_tim.o
    0x080046d4   0x080046d4   0x00000002   Code   RO          583    .text.HAL_TIM_IC_CaptureCallback  stm32f4xx_hal_tim.o
    0x080046d6   0x080046d6   0x0000016a   Code   RO          581    .text.HAL_TIM_IRQHandler  stm32f4xx_hal_tim.o
    0x08004840   0x08004840   0x00000002   Code   RO          585    .text.HAL_TIM_OC_DelayElapsedCallback  stm32f4xx_hal_tim.o
    0x08004842   0x08004842   0x00000002   Code   RO          587    .text.HAL_TIM_PWM_PulseFinishedCallback  stm32f4xx_hal_tim.o
    0x08004844   0x08004844   0x00000014   Code   RO          210    .text.HAL_TIM_PeriodElapsedCallback  main.o
    0x08004858   0x08004858   0x00000002   Code   RO          591    .text.HAL_TIM_TriggerCallback  stm32f4xx_hal_tim.o
    0x0800485a   0x0800485a   0x0000005c   Code   RO          765    .text.HAL_UART_Init  stm32f4xx_hal_uart.o
    0x080048b6   0x080048b6   0x00000002   PAD
    0x080048b8   0x080048b8   0x000000e8   Code   RO          261    .text.HAL_UART_MspInit  usart.o
    0x080049a0   0x080049a0   0x00000002   Code   RO          279    .text.HardFault_Handler  stm32f4xx_it.o
    0x080049a2   0x080049a2   0x00000002   PAD
    0x080049a4   0x080049a4   0x00000040   Code   RO          233    .text.MX_DMA_Init   dma.o
    0x080049e4   0x080049e4   0x000000d4   Code   RO          222    .text.MX_GPIO_Init  gpio.o
    0x08004ab8   0x08004ab8   0x00000044   Code   RO          243    .text.MX_SPI2_Init  spi.o
    0x08004afc   0x08004afc   0x00000038   Code   RO          259    .text.MX_USART1_UART_Init  usart.o
    0x08004b34   0x08004b34   0x00000002   Code   RO          281    .text.MemManage_Handler  stm32f4xx_it.o
    0x08004b36   0x08004b36   0x00000044   Code   RO         1953    .text.MessageQueueGet  rtx_msgqueue.o
    0x08004b7a   0x08004b7a   0x00000062   Code   RO         1947    .text.MessageQueuePut  rtx_msgqueue.o
    0x08004bdc   0x08004bdc   0x0000001c   Code   RO         1945    .text.MessageQueueRemove  rtx_msgqueue.o
    0x08004bf8   0x08004bf8   0x00000002   Code   RO          277    .text.NMI_Handler   stm32f4xx_it.o
    0x08004bfa   0x08004bfa   0x00000002   PAD
    0x08004bfc   0x08004bfc   0x0000000c   Code   RO         2427    .text.NOR0_DriverEvent  fs_config.o
    0x08004c08   0x08004c08   0x00000008   Code   RO         2237    .text.OS_Tick_AcknowledgeIRQ  os_systick.o
    0x08004c10   0x08004c10   0x00000024   Code   RO         2233    .text.OS_Tick_Enable  os_systick.o
    0x08004c34   0x08004c34   0x00000006   Code   RO         2239    .text.OS_Tick_GetIRQn  os_systick.o
    0x08004c3a   0x08004c3a   0x00000002   PAD
    0x08004c3c   0x08004c3c   0x0000003c   Code   RO         2231    .text.OS_Tick_Setup  os_systick.o
    0x08004c78   0x08004c78   0x00000052   Code   RO          344    .text.SPI_EndRxTransaction  stm32f4xx_hal_spi.o
    0x08004cca   0x08004cca   0x00000002   PAD
    0x08004ccc   0x08004ccc   0x00000054   Code   RO          338    .text.SPI_EndRxTxTransaction  stm32f4xx_hal_spi.o
    0x08004d20   0x08004d20   0x00000080   Code   RO          436    .text.SPI_WaitFlagStateUntilTimeout  stm32f4xx_hal_spi.o
    0x08004da0   0x08004da0   0x00000084   Code   RO          206    .text.SystemClock_Config  main.o
    0x08004e24   0x08004e24   0x0000006c   Code   RO         1314    .text.SystemCoreClockUpdate  system_stm32f4xx.o
    0x08004e90   0x08004e90   0x0000004c   Code   RO         1312    .text.SystemInit    system_stm32f4xx.o
    0x08004edc   0x08004edc   0x0000000c   Code   RO          289    .text.TIM1_TRG_COM_TIM11_IRQHandler  stm32f4xx_it.o
    0x08004ee8   0x08004ee8   0x00000084   Code   RO          451    .text.TIM_Base_SetConfig  stm32f4xx_hal_tim.o
    0x08004f6c   0x08004f6c   0x0000006a   Code   RO         2137    .text.ThreadFlagsCheck  rtx_thread.o
    0x08004fd6   0x08004fd6   0x00000002   PAD
    0x08004fd8   0x08004fd8   0x00000050   Code   RO         2206    .text.TimerInsert   rtx_timer.o
    0x08005028   0x08005028   0x0000017c   Code   RO          769    .text.UART_SetConfig  stm32f4xx_hal_uart.o
    0x080051a4   0x080051a4   0x00000048   Code   RO           30    .text.USART1_IRQHandler  serial.o
    0x080051ec   0x080051ec   0x00000002   Code   RO          285    .text.UsageFault_Handler  stm32f4xx_it.o
    0x080051ee   0x080051ee   0x00000002   PAD
    0x080051f0   0x080051f0   0x0000004c   Code   RO           64    .text.W25qxx_EraseChip  w25qxx.o
    0x0800523c   0x0800523c   0x0000007c   Code   RO           66    .text.W25qxx_EraseSector  w25qxx.o
    0x080052b8   0x080052b8   0x000000c0   Code   RO           62    .text.W25qxx_Init   w25qxx.o
    0x08005378   0x08005378   0x00000080   Code   RO           96    .text.W25qxx_ReadBytes  w25qxx.o
    0x080053f8   0x080053f8   0x00000040   Code   RO           48    .text.W25qxx_ReadID  w25qxx.o
    0x08005438   0x08005438   0x0000006c   Code   RO           56    .text.W25qxx_ReadStatusRegister  w25qxx.o
    0x080054a4   0x080054a4   0x0000004c   Code   RO           50    .text.W25qxx_ReadUniqID  w25qxx.o
    0x080054f0   0x080054f0   0x00000028   Code   RO           46    .text.W25qxx_Spi    w25qxx.o
    0x08005518   0x08005518   0x0000004c   Code   RO           60    .text.W25qxx_WaitForWriteEnd  w25qxx.o
    0x08005564   0x08005564   0x00000080   Code   RO           86    .text.W25qxx_WriteByte  w25qxx.o
    0x080055e4   0x080055e4   0x00000030   Code   RO           52    .text.W25qxx_WriteEnable  w25qxx.o
    0x08005614   0x08005614   0x00000024   Code   RO         1175    .text.__NVIC_SetPriority  stm32f4xx_hal_cortex.o
    0x08005638   0x08005638   0x00000050   Code   RO         1811    .text.__user_perthread_libspace  rtx_lib.o
    0x08005688   0x08005688   0x0000001a   Code   RO         1817    .text._mutex_acquire  rtx_lib.o
    0x080056a2   0x080056a2   0x00000006   Code   RO         1821    .text._mutex_free   rtx_lib.o
    0x080056a8   0x080056a8   0x00000020   Code   RO         1815    .text._mutex_initialize  rtx_lib.o
    0x080056c8   0x080056c8   0x00000016   Code   RO         1819    .text._mutex_release  rtx_lib.o
    0x080056de   0x080056de   0x00000004   Code   RO         1809    .text._platform_post_stackheap_init  rtx_lib.o
    0x080056e2   0x080056e2   0x00000012   Code   RO         2315    .text._sys_close    retarget_io.o
    0x080056f4   0x080056f4   0x00000012   Code   RO         2325    .text._sys_flen     retarget_io.o
    0x08005706   0x08005706   0x00000010   Code   RO         2321    .text._sys_istty    retarget_io.o
    0x08005716   0x08005716   0x00000002   PAD
    0x08005718   0x08005718   0x00000060   Code   RO         2313    .text._sys_open     retarget_io.o
    0x08005778   0x08005778   0x00000022   Code   RO         2319    .text._sys_read     retarget_io.o
    0x0800579a   0x0800579a   0x00000014   Code   RO         2323    .text._sys_seek     retarget_io.o
    0x080057ae   0x080057ae   0x00000002   PAD
    0x080057b0   0x080057b0   0x00000024   Code   RO         2317    .text._sys_write    retarget_io.o
    0x080057d4   0x080057d4   0x000001c8   Code   RO            2    .text.app_main      osmain.o
    0x0800599c   0x0800599c   0x000000a0   Code   RO            4    .text.app_pwm       osmain.o
    0x08005a3c   0x08005a3c   0x00000014   Code   RO          171    .text.consoleCmdManageAppend  shell.o
    0x08005a50   0x08005a50   0x0000002a   Code   RO          173    .text.consoleCmdManageFind  shell.o
    0x08005a7a   0x08005a7a   0x0000000a   Code   RO          167    .text.consoleStringGetString  shell.o
    0x08005a84   0x08005a84   0x00000040   Code   RO          163    .text.consoleStringInsert  shell.o
    0x08005ac4   0x08005ac4   0x00000050   Code   RO          165    .text.consoleStringRemove  shell.o
    0x08005b14   0x08005b14   0x00000008   Code   RO          161    .text.consoleStringReset  shell.o
    0x08005b1c   0x08005b1c   0x00000070   Code   RO          159    .text.consoleStringSetString  shell.o
    0x08005b8c   0x08005b8c   0x00000088   Code   RO          169    .text.consoleStringStringSplit  shell.o
    0x08005c14   0x08005c14   0x0000000c   Code   RO          179    .text.console_cmd_init  shell.o
    0x08005c20   0x08005c20   0x00000178   Code   RO          175    .text.console_line_handle  shell.o
    0x08005d98   0x08005d98   0x00000046   Code   RO           22    .text.emHAL_UART_Transmit_DMA  serial.o
    0x08005dde   0x08005dde   0x00000002   PAD
    0x08005de0   0x08005de0   0x0000004c   Code   RO           24    .text.em_printf     serial.o
    0x08005e2c   0x08005e2c   0x00000004   Code   RO         2373    .text.fat_close     fs_config.o
    0x08005e30   0x08005e30   0x00000004   Code   RO         2385    .text.fat_ffind     fs_config.o
    0x08005e34   0x08005e34   0x00000006   Code   RO         2381    .text.fat_flen      fs_config.o
    0x08005e3a   0x08005e3a   0x00000006   Code   RO         2361    .text.fat_handle_get  fs_config.o
    0x08005e40   0x08005e40   0x00000004   Code   RO         2363    .text.fat_init      fs_config.o
    0x08005e44   0x08005e44   0x00000004   Code   RO         2367    .text.fat_mount     fs_config.o
    0x08005e48   0x08005e48   0x00000004   Code   RO         2371    .text.fat_open      fs_config.o
    0x08005e4c   0x08005e4c   0x00000006   Code   RO         2375    .text.fat_read      fs_config.o
    0x08005e52   0x08005e52   0x00000004   Code   RO         2383    .text.fat_seek      fs_config.o
    0x08005e56   0x08005e56   0x00000004   Code   RO         2365    .text.fat_uninit    fs_config.o
    0x08005e5a   0x08005e5a   0x00000004   Code   RO         2369    .text.fat_unmount   fs_config.o
    0x08005e5e   0x08005e5e   0x00000006   Code   RO         2377    .text.fat_write     fs_config.o
    0x08005e64   0x08005e64   0x00000040   Code   RO         2355    .text.fs_config     fs_config.o
    0x08005ea4   0x08005ea4   0x00000050   Code   RO         2449    .text.fs_config_evr  fs_debug.o
    0x08005ef4   0x08005ef4   0x00000004   Code   RO         2347    .text.fs_get_rtos_tick_freq  fs_config.o
    0x08005ef8   0x08005ef8   0x00000012   Code   RO         2341    .text.fs_mutex_acquire  fs_config.o
    0x08005f0a   0x08005f0a   0x0000000e   Code   RO         2345    .text.fs_mutex_delete  fs_config.o
    0x08005f18   0x08005f18   0x0000000e   Code   RO         2343    .text.fs_mutex_release  fs_config.o
    0x08005f26   0x08005f26   0x00000002   PAD
    0x08005f28   0x08005f28   0x00000014   Code   RO         2349    .text.fs_set_rtos_delay  fs_config.o
    0x08005f3c   0x08005f3c   0x00000096   Code   RO          153    .text.hAppend       shell.o
    0x08005fd2   0x08005fd2   0x00000008   Code   RO          151    .text.hInitialise   shell.o
    0x08005fda   0x08005fda   0x0000002a   Code   RO          157    .text.hNext         shell.o
    0x08006004   0x08006004   0x0000002c   Code   RO          155    .text.hPrevious     shell.o
    0x08006030   0x08006030   0x00000064   Code   RO           26    .text.initSerial    serial.o
    0x08006094   0x08006094   0x00000044   Code   RO          177    .text.m_cmd_fun_help  shell.o
    0x080060d8   0x080060d8   0x0000001e   Code   RO          204    .text.main          main.o
    0x080060f6   0x080060f6   0x0000000e   Code   RO           44    .text.mmdelay       w25qxx.o
    0x08006104   0x08006104   0x00000038   Code   RO         1333    .text.osDelay       rtx_delay.o
    0x0800613c   0x0800613c   0x0000002c   Code   RO         1752    .text.osKernelGetState  rtx_kernel.o
    0x08006168   0x08006168   0x00000024   Code   RO         1772    .text.osKernelGetTickFreq  rtx_kernel.o
    0x0800618c   0x0800618c   0x00000038   Code   RO         1746    .text.osKernelInitialize  rtx_kernel.o
    0x080061c4   0x080061c4   0x00000034   Code   RO         1756    .text.osKernelStart  rtx_kernel.o
    0x080061f8   0x080061f8   0x00000068   Code   RO            6    .text.osMain        osmain.o
    0x08006260   0x08006260   0x00000094   Code   RO         1919    .text.osMessageQueueGet  rtx_msgqueue.o
    0x080062f4   0x080062f4   0x00000044   Code   RO         1913    .text.osMessageQueueNew  rtx_msgqueue.o
    0x08006338   0x08006338   0x00000098   Code   RO         1917    .text.osMessageQueuePut  rtx_msgqueue.o
    0x080063d0   0x080063d0   0x0000003c   Code   RO         1976    .text.osMutexAcquire  rtx_mutex.o
    0x0800640c   0x0800640c   0x00000038   Code   RO         1982    .text.osMutexDelete  rtx_mutex.o
    0x08006444   0x08006444   0x0000003c   Code   RO         1972    .text.osMutexNew    rtx_mutex.o
    0x08006480   0x08006480   0x00000038   Code   RO         1978    .text.osMutexRelease  rtx_mutex.o
    0x080064b8   0x080064b8   0x00000002   Code   RO         2261    .text.osRtxErrorNotify  rtx_config.o
    0x080064ba   0x080064ba   0x00000002   Code   RO         2259    .text.osRtxIdleThread  rtx_config.o
    0x080064bc   0x080064bc   0x00000002   Code   RO         1744    .text.osRtxKernelPreInit  rtx_kernel.o
    0x080064be   0x080064be   0x0000008a   Code   RO         1847    .text.osRtxMemoryAlloc  rtx_memory.o
    0x08006548   0x08006548   0x00000052   Code   RO         1849    .text.osRtxMemoryFree  rtx_memory.o
    0x0800659a   0x0800659a   0x0000003e   Code   RO         1845    .text.osRtxMemoryInit  rtx_memory.o
    0x080065d8   0x080065d8   0x00000044   Code   RO         1862    .text.osRtxMemoryPoolAlloc  rtx_mempool.o
    0x0800661c   0x0800661c   0x00000056   Code   RO         1864    .text.osRtxMemoryPoolFree  rtx_mempool.o
    0x08006672   0x08006672   0x0000004c   Code   RO         1860    .text.osRtxMemoryPoolInit  rtx_mempool.o
    0x080066be   0x080066be   0x000000f2   Code   RO         1943    .text.osRtxMessageQueuePostProcess  rtx_msgqueue.o
    0x080067b0   0x080067b0   0x0000005a   Code   RO         1970    .text.osRtxMutexOwnerRelease  rtx_mutex.o
    0x0800680a   0x0800680a   0x00000002   PAD
    0x0800680c   0x0800680c   0x0000008c   Code   RO         2042    .text.osRtxPendSV_Handler  rtx_system.o
    0x08006898   0x08006898   0x00000070   Code   RO         2044    .text.osRtxPostProcess  rtx_system.o
    0x08006908   0x08006908   0x00000042   Code   RO         2021    .text.osRtxSemaphorePostProcess  rtx_semaphore.o
    0x0800694a   0x0800694a   0x00000002   PAD
    0x0800694c   0x0800694c   0x00000038   Code   RO         2077    .text.osRtxThreadBlock  rtx_thread.o
    0x08006984   0x08006984   0x00000084   Code   RO         2085    .text.osRtxThreadDelayInsert  rtx_thread.o
    0x08006a08   0x08006a08   0x00000038   Code   RO         2081    .text.osRtxThreadDelayRemove  rtx_thread.o
    0x08006a40   0x08006a40   0x000000b8   Code   RO         2065    .text.osRtxThreadDelayTick  rtx_thread.o
    0x08006af8   0x08006af8   0x00000058   Code   RO         2075    .text.osRtxThreadDispatch  rtx_thread.o
    0x08006b50   0x08006b50   0x00000058   Code   RO         2161    .text.osRtxThreadFree  rtx_thread.o
    0x08006ba8   0x08006ba8   0x00000014   Code   RO         2057    .text.osRtxThreadListGet  rtx_thread.o
    0x08006bbc   0x08006bbc   0x0000002a   Code   RO         2055    .text.osRtxThreadListPut  rtx_thread.o
    0x08006be6   0x08006be6   0x00000014   Code   RO         2061    .text.osRtxThreadListRemove  rtx_thread.o
    0x08006bfa   0x08006bfa   0x0000000c   Code   RO         2067    .text.osRtxThreadListRoot  rtx_thread.o
    0x08006c06   0x08006c06   0x00000028   Code   RO         2059    .text.osRtxThreadListSort  rtx_thread.o
    0x08006c2e   0x08006c2e   0x0000003a   Code   RO         2135    .text.osRtxThreadPostProcess  rtx_thread.o
    0x08006c68   0x08006c68   0x00000014   Code   RO         2063    .text.osRtxThreadReadyPut  rtx_thread.o
    0x08006c7c   0x08006c7c   0x00000014   Code   RO         2069    .text.osRtxThreadRegPtr  rtx_thread.o
    0x08006c90   0x08006c90   0x00000024   Code   RO         2073    .text.osRtxThreadStackCheck  rtx_thread.o
    0x08006cb4   0x08006cb4   0x00000038   Code   RO         2087    .text.osRtxThreadStartup  rtx_thread.o
    0x08006cec   0x08006cec   0x00000020   Code   RO         2071    .text.osRtxThreadSwitch  rtx_thread.o
    0x08006d0c   0x08006d0c   0x0000004c   Code   RO         2083    .text.osRtxThreadWaitEnter  rtx_thread.o
    0x08006d58   0x08006d58   0x00000038   Code   RO         2079    .text.osRtxThreadWaitExit  rtx_thread.o
    0x08006d90   0x08006d90   0x00000078   Code   RO         2040    .text.osRtxTick_Handler  rtx_system.o
    0x08006e08   0x08006e08   0x00000040   Code   RO         2190    .text.osRtxTimerThread  rtx_timer.o
    0x08006e48   0x08006e48   0x00000058   Code   RO         2192    .text.osRtxTimerTick  rtx_timer.o
    0x08006ea0   0x08006ea0   0x00000080   Code   RO         2009    .text.osSemaphoreAcquire  rtx_semaphore.o
    0x08006f20   0x08006f20   0x00000044   Code   RO         2005    .text.osSemaphoreNew  rtx_semaphore.o
    0x08006f64   0x08006f64   0x0000008c   Code   RO         2011    .text.osSemaphoreRelease  rtx_semaphore.o
    0x08006ff0   0x08006ff0   0x0000001c   Code   RO         2119    .text.osThreadExit  rtx_thread.o
    0x0800700c   0x0800700c   0x00000024   Code   RO         2095    .text.osThreadGetId  rtx_thread.o
    0x08007030   0x08007030   0x00000044   Code   RO         2091    .text.osThreadNew   rtx_thread.o
    0x08007074   0x08007074   0x00000020   Code   RO         1813    .text.os_kernel_is_active  rtx_lib.o
    0x08007094   0x08007094   0x00000084   Code   RO           32    .text.registerSerial  serial.o
    0x08007118   0x08007118   0x00000046   Code   RO           28    .text.restartDMA    serial.o
    0x0800715e   0x0800715e   0x00000002   PAD
    0x08007160   0x08007160   0x00000028   Code   RO         1337    .text.svcRtxDelay   rtx_delay.o
    0x08007188   0x08007188   0x00000014   Code   RO         1754    .text.svcRtxKernelGetState  rtx_kernel.o
    0x0800719c   0x0800719c   0x00000014   Code   RO         1774    .text.svcRtxKernelGetTickFreq  rtx_kernel.o
    0x080071b0   0x080071b0   0x00000154   Code   RO         1784    .text.svcRtxKernelInitialize  rtx_kernel.o
    0x08007304   0x08007304   0x000000a0   Code   RO         1786    .text.svcRtxKernelStart  rtx_kernel.o
    0x080073a4   0x080073a4   0x00000110   Code   RO         1955    .text.svcRtxMessageQueueGet  rtx_msgqueue.o
    0x080074b4   0x080074b4   0x00000144   Code   RO         1941    .text.svcRtxMessageQueueNew  rtx_msgqueue.o
    0x080075f8   0x080075f8   0x000000ec   Code   RO         1951    .text.svcRtxMessageQueuePut  rtx_msgqueue.o
    0x080076e4   0x080076e4   0x000000d4   Code   RO         1988    .text.svcRtxMutexAcquire  rtx_mutex.o
    0x080077b8   0x080077b8   0x000000c4   Code   RO         1994    .text.svcRtxMutexDelete  rtx_mutex.o
    0x0800787c   0x0800787c   0x00000080   Code   RO         1984    .text.svcRtxMutexNew  rtx_mutex.o
    0x080078fc   0x080078fc   0x000000e8   Code   RO         1990    .text.svcRtxMutexRelease  rtx_mutex.o
    0x080079e4   0x080079e4   0x00000088   Code   RO         2025    .text.svcRtxSemaphoreAcquire  rtx_semaphore.o
    0x08007a6c   0x08007a6c   0x0000009c   Code   RO         2019    .text.svcRtxSemaphoreNew  rtx_semaphore.o
    0x08007b08   0x08007b08   0x00000086   Code   RO         2027    .text.svcRtxSemaphoreRelease  rtx_semaphore.o
    0x08007b8e   0x08007b8e   0x00000002   PAD
    0x08007b90   0x08007b90   0x00000078   Code   RO         2165    .text.svcRtxThreadExit  rtx_thread.o
    0x08007c08   0x08007c08   0x00000014   Code   RO         2097    .text.svcRtxThreadGetId  rtx_thread.o
    0x08007c1c   0x08007c1c   0x000001ec   Code   RO         2089    .text.svcRtxThreadNew  rtx_thread.o
    0x08007e08   0x08007e08   0x0000003e   Code   RO         3134    CL$$btod_d2e        c_w.l(btod.o)
    0x08007e46   0x08007e46   0x00000046   Code   RO         3136    CL$$btod_d2e_denorm_low  c_w.l(btod.o)
    0x08007e8c   0x08007e8c   0x00000060   Code   RO         3135    CL$$btod_d2e_norm_op1  c_w.l(btod.o)
    0x08007eec   0x08007eec   0x00000338   Code   RO         3144    CL$$btod_div_common  c_w.l(btod.o)
    0x08008224   0x08008224   0x000000dc   Code   RO         3141    CL$$btod_e2e        c_w.l(btod.o)
    0x08008300   0x08008300   0x0000002a   Code   RO         3138    CL$$btod_ediv       c_w.l(btod.o)
    0x0800832a   0x0800832a   0x0000002a   Code   RO         3137    CL$$btod_emul       c_w.l(btod.o)
    0x08008354   0x08008354   0x00000244   Code   RO         3143    CL$$btod_mult_common  c_w.l(btod.o)
    0x08008598   0x08008598   0x0000000c   Code   RO         2461    i.EvrFsEFS_FileHandleInvalid  FS_Dbg_LFN_CM3_L.lib(fs_efs.o)
    0x080085a4   0x080085a4   0x00000010   Code   RO         2462    i.EvrFsEFS_FileName  FS_Dbg_LFN_CM3_L.lib(fs_efs.o)
    0x080085b4   0x080085b4   0x0000000c   Code   RO         2463    i.EvrFsEFS_FileNotOpened  FS_Dbg_LFN_CM3_L.lib(fs_efs.o)
    0x080085c0   0x080085c0   0x00000014   Code   RO         2464    i.EvrFsEFS_FlashReadFailed  FS_Dbg_LFN_CM3_L.lib(fs_efs.o)
    0x080085d4   0x080085d4   0x00000014   Code   RO         2465    i.EvrFsEFS_FlashReadTimeout  FS_Dbg_LFN_CM3_L.lib(fs_efs.o)
    0x080085e8   0x080085e8   0x00000030   Code   RO         3218    i.__ARM_fpclassify  m_wm.l(fpclassify.o)
    0x08008618   0x08008618   0x00000074   Code   RO         2651    i.__sys_close       FS_Dbg_LFN_CM3_L.lib(fs_sys.o)
    0x0800868c   0x0800868c   0x00000074   Code   RO         2653    i.__sys_flen        FS_Dbg_LFN_CM3_L.lib(fs_sys.o)
    0x08008700   0x08008700   0x000000b0   Code   RO         2654    i.__sys_open        FS_Dbg_LFN_CM3_L.lib(fs_sys.o)
    0x080087b0   0x080087b0   0x00000094   Code   RO         2655    i.__sys_read        FS_Dbg_LFN_CM3_L.lib(fs_sys.o)
    0x08008844   0x08008844   0x00000088   Code   RO         2656    i.__sys_seek        FS_Dbg_LFN_CM3_L.lib(fs_sys.o)
    0x080088cc   0x080088cc   0x00000088   Code   RO         2657    i.__sys_write       FS_Dbg_LFN_CM3_L.lib(fs_sys.o)
    0x08008954   0x08008954   0x0000000e   Code   RO         2906    i._is_digit         c_w.l(__printf_wp.o)
    0x08008962   0x08008962   0x00000012   Code   RO         2466    i.addr_of_block     FS_Dbg_LFN_CM3_L.lib(fs_efs.o)
    0x08008974   0x08008974   0x0000001c   Code   RO         2467    i.addr_of_sign      FS_Dbg_LFN_CM3_L.lib(fs_efs.o)
    0x08008990   0x08008990   0x0000006e   Code   RO         2468    i.block_erase       FS_Dbg_LFN_CM3_L.lib(fs_efs.o)
    0x080089fe   0x080089fe   0x00000218   Code   RO         2469    i.block_read        FS_Dbg_LFN_CM3_L.lib(fs_efs.o)
    0x08008c16   0x08008c16   0x00000080   Code   RO         2470    i.block_write       FS_Dbg_LFN_CM3_L.lib(fs_efs.o)
    0x08008c96   0x08008c96   0x0000009a   Code   RO         2477    i.efs_AllocBlock    FS_Dbg_LFN_CM3_L.lib(fs_efs.o)
    0x08008d30   0x08008d30   0x00000036   Code   RO         2478    i.efs_BlockInvalid  FS_Dbg_LFN_CM3_L.lib(fs_efs.o)
    0x08008d66   0x08008d66   0x00000008   Code   RO         2479    i.efs_DrvEvent      FS_Dbg_LFN_CM3_L.lib(fs_efs.o)
    0x08008d6e   0x08008d6e   0x00000002   PAD
    0x08008d70   0x08008d70   0x00000090   Code   RO         2482    i.efs_close         FS_Dbg_LFN_CM3_L.lib(fs_efs.o)
    0x08008e00   0x08008e00   0x000000f4   Code   RO         2485    i.efs_ffind         FS_Dbg_LFN_CM3_L.lib(fs_efs.o)
    0x08008ef4   0x08008ef4   0x0000004c   Code   RO         2486    i.efs_flen          FS_Dbg_LFN_CM3_L.lib(fs_efs.o)
    0x08008f40   0x08008f40   0x00000042   Code   RO         2490    i.efs_get_freeMem   FS_Dbg_LFN_CM3_L.lib(fs_efs.o)
    0x08008f82   0x08008f82   0x00000002   PAD
    0x08008f84   0x08008f84   0x0000004c   Code   RO         2491    i.efs_handle_get    FS_Dbg_LFN_CM3_L.lib(fs_efs.o)
    0x08008fd0   0x08008fd0   0x0000006c   Code   RO         2493    i.efs_init          FS_Dbg_LFN_CM3_L.lib(fs_efs.o)
    0x0800903c   0x0800903c   0x00000034   Code   RO         2494    i.efs_is_busy       FS_Dbg_LFN_CM3_L.lib(fs_efs.o)
    0x08009070   0x08009070   0x0000008a   Code   RO         2495    i.efs_mark_fileMem  FS_Dbg_LFN_CM3_L.lib(fs_efs.o)
    0x080090fa   0x080090fa   0x00000044   Code   RO         2496    i.efs_mark_freeMem  FS_Dbg_LFN_CM3_L.lib(fs_efs.o)
    0x0800913e   0x0800913e   0x00000002   PAD
    0x08009140   0x08009140   0x000000cc   Code   RO         2497    i.efs_mount         FS_Dbg_LFN_CM3_L.lib(fs_efs.o)
    0x0800920c   0x0800920c   0x00000150   Code   RO         2498    i.efs_open          FS_Dbg_LFN_CM3_L.lib(fs_efs.o)
    0x0800935c   0x0800935c   0x0000007e   Code   RO         2499    i.efs_rd            FS_Dbg_LFN_CM3_L.lib(fs_efs.o)
    0x080093da   0x080093da   0x00000002   PAD
    0x080093dc   0x080093dc   0x0000008c   Code   RO         2500    i.efs_read          FS_Dbg_LFN_CM3_L.lib(fs_efs.o)
    0x08009468   0x08009468   0x000000fc   Code   RO         2502    i.efs_seek          FS_Dbg_LFN_CM3_L.lib(fs_efs.o)
    0x08009564   0x08009564   0x0000004c   Code   RO         2503    i.efs_uninit        FS_Dbg_LFN_CM3_L.lib(fs_efs.o)
    0x080095b0   0x080095b0   0x00000060   Code   RO         2504    i.efs_unmount       FS_Dbg_LFN_CM3_L.lib(fs_efs.o)
    0x08009610   0x08009610   0x0000003e   Code   RO         2505    i.efs_vol_chk       FS_Dbg_LFN_CM3_L.lib(fs_efs.o)
    0x0800964e   0x0800964e   0x00000126   Code   RO         2506    i.efs_wr            FS_Dbg_LFN_CM3_L.lib(fs_efs.o)
    0x08009774   0x08009774   0x00000098   Code   RO         2507    i.efs_write         FS_Dbg_LFN_CM3_L.lib(fs_efs.o)
    0x0800980c   0x0800980c   0x00000088   Code   RO         2508    i.falloc_read       FS_Dbg_LFN_CM3_L.lib(fs_efs.o)
    0x08009894   0x08009894   0x0000003c   Code   RO         2509    i.falloc_write      FS_Dbg_LFN_CM3_L.lib(fs_efs.o)
    0x080098d0   0x080098d0   0x000000f4   Code   RO         2596    i.ffind             FS_Dbg_LFN_CM3_L.lib(fs_mapi.o)
    0x080099c4   0x080099c4   0x00000018   Code   RO         3074    i.fgetc             c_w.l(fgetc.o)
    0x080099dc   0x080099dc   0x0000012a   Code   RO         2510    i.file_create       FS_Dbg_LFN_CM3_L.lib(fs_efs.o)
    0x08009b06   0x08009b06   0x00000098   Code   RO         2511    i.file_delete       FS_Dbg_LFN_CM3_L.lib(fs_efs.o)
    0x08009b9e   0x08009b9e   0x0000009c   Code   RO         2512    i.file_find         FS_Dbg_LFN_CM3_L.lib(fs_efs.o)
    0x08009c3a   0x08009c3a   0x0000005a   Code   RO         2513    i.file_id_alloc     FS_Dbg_LFN_CM3_L.lib(fs_efs.o)
    0x08009c94   0x08009c94   0x0000004a   Code   RO         2514    i.file_name_validate  FS_Dbg_LFN_CM3_L.lib(fs_efs.o)
    0x08009cde   0x08009cde   0x0000007e   Code   RO         2515    i.file_size_get     FS_Dbg_LFN_CM3_L.lib(fs_efs.o)
    0x08009d5c   0x08009d5c   0x00000058   Code   RO         2600    i.finit             FS_Dbg_LFN_CM3_L.lib(fs_mapi.o)
    0x08009db4   0x08009db4   0x00000064   Code   RO         2603    i.fmount            FS_Dbg_LFN_CM3_L.lib(fs_mapi.o)
    0x08009e18   0x08009e18   0x000000a8   Code   RO         2607    i.fs_component_init  FS_Dbg_LFN_CM3_L.lib(fs_mapi.o)
    0x08009ec0   0x08009ec0   0x000000cc   Code   RO         2677    i.fs_drive_id       FS_Dbg_LFN_CM3_L.lib(fs_common.o)
    0x08009f8c   0x08009f8c   0x00000020   Code   RO         2678    i.fs_set_cdrive     FS_Dbg_LFN_CM3_L.lib(fs_common.o)
    0x08009fac   0x08009fac   0x00000050   Code   RO         2679    i.fs_strmatch       FS_Dbg_LFN_CM3_L.lib(fs_common.o)
    0x08009ffc   0x08009ffc   0x00000042   Code   RO         2680    i.fs_strncasecmp    FS_Dbg_LFN_CM3_L.lib(fs_common.o)
    0x0800a03e   0x0800a03e   0x00000018   Code   RO         2681    i.fs_strpos         FS_Dbg_LFN_CM3_L.lib(fs_common.o)
    0x0800a056   0x0800a056   0x00000002   PAD
    0x0800a058   0x0800a058   0x00000048   Code   RO         2609    i.funinit           FS_Dbg_LFN_CM3_L.lib(fs_mapi.o)
    0x0800a0a0   0x0800a0a0   0x00000064   Code   RO         2610    i.funmount          FS_Dbg_LFN_CM3_L.lib(fs_mapi.o)
    0x0800a104   0x0800a104   0x00000016   Code   RO         2683    i.get_u32           FS_Dbg_LFN_CM3_L.lib(fs_common.o)
    0x0800a11a   0x0800a11a   0x00000086   Code   RO         2516    i.sign_read         FS_Dbg_LFN_CM3_L.lib(fs_efs.o)
    0x0800a1a0   0x0800a1a0   0x0000002a   Code   RO         2517    i.sign_write        FS_Dbg_LFN_CM3_L.lib(fs_efs.o)
    0x0800a1ca   0x0800a1ca   0x00000002   PAD
    0x0800a1cc   0x0800a1cc   0x0000002c   Code   RO         3171    locale$$code        c_w.l(lc_numeric_c.o)
    0x0800a1f8   0x0800a1f8   0x0000002c   Code   RO         3251    locale$$code        c_w.l(lc_ctype_c.o)
    0x0800a224   0x0800a224   0x0000001a   Code   RO         3102    x$fpl$fpinit        fz_wm.l(fpinit.o)
    0x0800a23e   0x0800a23e   0x00000004   Code   RO         3009    x$fpl$printf1       fz_wm.l(printf1.o)
    0x0800a242   0x0800a242   0x00000004   Code   RO         3011    x$fpl$printf2       fz_wm.l(printf2.o)
    0x0800a246   0x0800a246   0x00000000   Code   RO         3217    x$fpl$usenofp       fz_wm.l(usenofp.o)
    0x0800a246   0x0800a246   0x00000002   PAD
    0x0800a248   0x0800a248   0x00000008   Data   RO         2865    .constdata          c_w.l(_printf_wctomb.o)
    0x0800a250   0x0800a250   0x00000028   Data   RO         2894    .constdata          c_w.l(_printf_hex_int_ll_ptr.o)
    0x0800a278   0x0800a278   0x00000011   Data   RO         2914    .constdata          c_w.l(__printf_flags_ss_wp.o)
    0x0800a289   0x0800a289   0x00000026   Data   RO         3060    .constdata          c_w.l(_printf_fp_hex.o)
    0x0800a2af   0x0800a2af   0x00000001   PAD
    0x0800a2b0   0x0800a2b0   0x00000094   Data   RO         3132    .constdata          c_w.l(bigflt0.o)
    0x0800a344   0x0800a344   0x000000a0   Data   RO         1827    .rodata             rtx_lib.o
    0x0800a3e4   0x0800a3e4   0x00000010   Data   RO         1317    .rodata.AHBPrescTable  system_stm32f4xx.o
    0x0800a3f4   0x0800a3f4   0x00000008   Data   RO         1318    .rodata.APBPrescTable  system_stm32f4xx.o
    0x0800a3fc   0x0800a3fc   0x0000002c   Data   RO          141    .rodata.Driver_Flash0  driver_flash.o
    0x0800a428   0x0800a428   0x00000018   Data   RO         2303    .rodata.EventRecorderInfo  eventrecorder.o
    0x0800a440   0x0800a440   0x00000018   Data   RO          140    .rodata.FlashInfo   driver_flash.o
    0x0800a458   0x0800a458   0x00000008   Data   RO         2329    .rodata.__stderr_name  retarget_io.o
    0x0800a460   0x0800a460   0x00000007   Data   RO         2327    .rodata.__stdin_name  retarget_io.o
    0x0800a467   0x0800a467   0x00000008   Data   RO         2328    .rodata.__stdout_name  retarget_io.o
    0x0800a46f   0x0800a46f   0x00000001   PAD
    0x0800a470   0x0800a470   0x00000008   Data   RO         2434    .rodata.fs_DevPool  fs_config.o
    0x0800a478   0x0800a478   0x00000001   Data   RO         2430    .rodata.fs_efs_fh_cnt  fs_config.o
    0x0800a479   0x0800a479   0x00000001   Data   RO         2429    .rodata.fs_fat_fh_cnt  fs_config.o
    0x0800a47a   0x0800a47a   0x00000001   Data   RO         2431    .rodata.fs_ndrv     fs_config.o
    0x0800a47b   0x0800a47b   0x00000001   PAD
    0x0800a47c   0x0800a47c   0x00000008   Data   RO         2438    .rodata.fs_nor0_flash_tout  fs_config.o
    0x0800a484   0x0800a484   0x00000010   Data   RO         2437    .rodata.fs_nor0_mtx_at  fs_config.o
    0x0800a494   0x0800a494   0x00000004   Data   RO         1829    .rodata.osRtxUserSVC  rtx_lib.o
    0x0800a498   0x0800a498   0x00000024   Data   RO         1824    .rodata.os_idle_thread_attr  rtx_lib.o
    0x0800a4bc   0x0800a4bc   0x00000018   Data   RO         1826    .rodata.os_timer_mq_attr  rtx_lib.o
    0x0800a4d4   0x0800a4d4   0x00000024   Data   RO         1825    .rodata.os_timer_thread_attr  rtx_lib.o
    0x0800a4f8   0x0800a4f8   0x0000006c   Data   RO          185    .rodata.s_cmd_1     shell.o
    0x0800a564   0x0800a564   0x0000008c   Data   RO            9    .rodata.str1.1      osmain.o
    0x0800a5f0   0x0800a5f0   0x00000046   Data   RO          184    .rodata.str1.1      shell.o
    0x0800a636   0x0800a636   0x00000002   PAD
    0x0800a638   0x0800a638   0x0000000b   Data   RO         1798    .rodata.str1.4      rtx_kernel.o
    0x0800a643   0x0800a643   0x00000001   PAD
    0x0800a644   0x0800a644   0x00000020   Data   RO         3291    Region$$Table       anon$$obj.o
    0x0800a664   0x0800a664   0x0000001c   Data   RO         3170    locale$$data        c_w.l(lc_numeric_c.o)
    0x0800a680   0x0800a680   0x00000110   Data   RO         3250    locale$$data        c_w.l(lc_ctype_c.o)


    Execution Region RW_IRAM1 (Exec base: 0x20000000, Load base: 0x0800a7c0, Size: 0x000081f0, Max: 0x00020000, ABSOLUTE, COMPRESSED[0x00000080])

    Exec Addr    Load Addr    Size         Type   Attr      Idx    E Section Name        Object

    0x20000000   COMPRESSED   0x00000001   Data   RW         2612    .data               FS_Dbg_LFN_CM3_L.lib(fs_mapi.o)
    0x20000001   COMPRESSED   0x00000001   Data   RW         2686    .data               FS_Dbg_LFN_CM3_L.lib(fs_common.o)
    0x20000002   COMPRESSED   0x00000002   PAD
    0x20000004   COMPRESSED   0x00000004   Data   RW         2953    .data               c_w.l(streamlock.o)
    0x20000008   COMPRESSED   0x00000004   Data   RW         2957    .data               c_w.l(stdio_streams.o)
    0x2000000c   COMPRESSED   0x00000004   Data   RW         2958    .data               c_w.l(stdio_streams.o)
    0x20000010   COMPRESSED   0x00000004   Data   RW         2959    .data               c_w.l(stdio_streams.o)
    0x20000014   COMPRESSED   0x00000008   Data   RW         1275    .data..L_MergedGlobals  stm32f4xx_hal.o
    0x2000001c   COMPRESSED   0x00000004   Data   RW         1316    .data.SystemCoreClock  system_stm32f4xx.o
    0x20000020   COMPRESSED   0x00000014   Data   RW          183    .data.emConsoleCmdManage  shell.o
    0x20000034   COMPRESSED   0x000000c8   Data   RW          182    .data.emConsoleString  shell.o
    0x200000fc   COMPRESSED   0x00000208   Data   RW          181    .data.emHistory     shell.o
    0x20000304   COMPRESSED   0x000000a4   Data   RW         1799    .data.os            rtx_kernel.o
    0x200003a8   COMPRESSED   0x00000018   PAD
    0x200003c0        -       0x00000054   Zero   RW         2954    .bss                c_w.l(stdio_streams.o)
    0x20000414        -       0x00000054   Zero   RW         2955    .bss                c_w.l(stdio_streams.o)
    0x20000468        -       0x00000054   Zero   RW         2956    .bss                c_w.l(stdio_streams.o)
    0x200004bc        -       0x00000060   Zero   RW         3022    .bss                c_w.l(libspace.o)
    0x2000051c        -       0x0000000c   Zero   RW           12    .bss..L_MergedGlobals  osmain.o
    0x20000528        -       0x00000008   Zero   RW           34    .bss..L_MergedGlobals  serial.o
    0x20000530        -       0x00000004   Zero   RW          138    .bss.FlashStatus    driver_flash.o
    0x20000534        -       0x00000001   Zero   RW         2249    .bss.PendST         os_systick.o
    0x20000535   COMPRESSED   0x00000003   PAD
    0x20000538        -       0x00000004   Zero   RW          139    .bss.cnt            driver_flash.o
    0x2000053c        -       0x00000070   Zero   RW         2436    .bss.fs_efs_fh      fs_config.o
    0x200005ac        -       0x00000024   Zero   RW         2435    .bss.fs_fat_fh      fs_config.o
    0x200005d0        -       0x00000004   Zero   RW         2432    .bss.fs_ms_rtos_tick  fs_config.o
    0x200005d4        -       0x00000038   Zero   RW         2433    .bss.fs_nor0_vol    fs_config.o
    0x2000060c        -       0x00000060   Zero   RW          266    .bss.hdma_usart1_rx  usart.o
    0x2000066c        -       0x00000060   Zero   RW          267    .bss.hdma_usart1_tx  usart.o
    0x200006cc        -       0x00000058   Zero   RW          249    .bss.hspi2          spi.o
    0x20000724        -       0x00000040   Zero   RW          318    .bss.htim11         stm32f4xx_hal_timebase_tim.o
    0x20000764        -       0x00000040   Zero   RW          265    .bss.huart1         usart.o
    0x200007a4        -       0x00000002   Zero   RW            8    .bss.light          osmain.o
    0x200007a6   COMPRESSED   0x0000001a   PAD
    0x200007c0        -       0x000004a4   Zero   RW         2302    .bss.noinit         eventrecorder.o
    0x20000c64   COMPRESSED   0x00000004   PAD
    0x20000c68        -       0x00001040   Zero   RW         1823    .bss.os             rtx_lib.o
    0x20001ca8        -       0x000001f0   Zero   RW         1830    .bss.os.libspace    rtx_lib.o
    0x20001e98        -       0x00000034   Zero   RW         1833    .bss.os.msgqueue.cb  rtx_lib.o
    0x20001ecc        -       0x00000050   Zero   RW         1834    .bss.os.msgqueue.mem  rtx_lib.o
    0x20001f1c        -       0x0000001c   Zero   RW         2439    .bss.os.mutex.cb    fs_config.o
    0x20001f38        -       0x00000088   Zero   RW         1831    .bss.os.thread.cb   rtx_lib.o
    0x20001fc0        -       0x00000200   Zero   RW         1832    .bss.os.thread.stack  rtx_lib.o
    0x200021c0        -       0x00000001   Zero   RW         1835    .bss.os_kernel_is_active.os_kernel_active  rtx_lib.o
    0x200021c1   COMPRESSED   0x00000003   PAD
    0x200021c4        -       0x00000004   Zero   RW         1274    .bss.uwTick         stm32f4xx_hal.o
    0x200021c8        -       0x00000028   Zero   RW          104    .bss.w25qxx         w25qxx.o
    0x200021f0        -       0x00005000   Zero   RW          195    HEAP                startup_stm32f411xe.o
    0x200071f0        -       0x00001000   Zero   RW          194    STACK               startup_stm32f411xe.o


==============================================================================

Image component sizes


      Code (inc. data)   RO Data    RW Data    ZI Data      Debug   Object Name

        64          0          0          0          0       2883   dma.o
       200         20         68          0          8       4275   driver_flash.o
      1396         68         24          0       1188       9465   eventrecorder.o
       202         28         35          0        236      14132   fs_config.o
        80          8          0          0          0        762   fs_debug.o
       212         16          0          0          0       2272   gpio.o
       196         12          0          0          0        664   irq_cm4f.o
       184         12          0          0          0       5318   main.o
       110         16          0          0          1       4125   os_systick.o
       720        236        140          0         14       5782   osmain.o
       238         24         23          0          0       2148   retarget_io.o
         4          0          0          0          0        795   rtx_config.o
        96          8          0          0          0       4264   rtx_delay.o
      1190        248          0          0          0      34529   rtx_evr.o
       730         40         11        164          0      17399   rtx_kernel.o
       202         12        260          0       5437       7129   rtx_lib.o
       282          0          0          0          0       2707   rtx_memory.o
       230          0          0          0          0      15301   rtx_mempool.o
      1636         24          0          0          0      18932   rtx_msgqueue.o
      1090         24          0          0          0       9973   rtx_mutex.o
       828         20          0          0          0      11609   rtx_semaphore.o
       372         18          0          0          0       5576   rtx_system.o
      1962         74          0          0          0      34217   rtx_thread.o
       232         16          0          0          0      10942   rtx_timer.o
       520         60          0          0          8       5511   serial.o
      1172        112        178        740          0       6307   shell.o
       176         16          0          0         88       4979   spi.o
        64         26        408          0      24576        880   startup_stm32f411xe.o
        84         12          0          8          4       6875   stm32f4xx_hal.o
       156         20          0          0          0       9370   stm32f4xx_hal_cortex.o
       712         20          0          0          0       8327   stm32f4xx_hal_dma.o
       402         20          0          0          0       4927   stm32f4xx_hal_gpio.o
        56          4          0          0          0       1546   stm32f4xx_hal_msp.o
      1216         44          0          0          0       7113   stm32f4xx_hal_rcc.o
      1190          4          0          0          0      19205   stm32f4xx_hal_spi.o
       588         28          0          0          0      35469   stm32f4xx_hal_tim.o
         4          0          0          0          0      13671   stm32f4xx_hal_tim_ex.o
       120         16          0          0         64       6289   stm32f4xx_hal_timebase_tim.o
       472         12          0          0          0      15882   stm32f4xx_hal_uart.o
        48         12          0          0          0       1107   stm32f4xx_it.o
       184         36         24          4          0       2692   system_stm32f4xx.o
       288         20          0          0        256       6417   usart.o
      1074         42          0          0         40      11667   w25qxx.o

    ----------------------------------------------------------------------
     21018       1428       1208        916      31980     393433   Object Totals
         0          0         32          0          0          0   (incl. Generated)
        36          0          5          0         60          0   (incl. Padding)

    ----------------------------------------------------------------------

      Code (inc. data)   RO Data    RW Data    ZI Data      Debug   Library Member Name

       428         24          0          1          0        456   fs_common.o
      5094        128          0          0          0       3468   fs_efs.o
       772         84          0          1          0        508   fs_mapi.o
       828         78          0          0          0        496   fs_sys.o
        24          0          0          0          0         84   __0fscanf.o
        60          8          0          0          0         84   __0sscanf.o
        58          0          0          0          0          0   __dczerorl.o
         8          0          0          0          0         68   __main.o
       392          4         17          0          0         92   __printf_flags_ss_wp.o
        14          0          0          0          0         68   __printf_wp.o
         0          0          0          0          0          0   __rtentry.o
        20          0          0          0          0          0   __rtentry2.o
         6          0          0          0          0          0   __rtentry4.o
        52          8          0          0          0          0   __scatter.o
        28          0          0          0          0          0   __scatter_zi.o
        72          0          0          0          0         96   _c16rtomb.o
         6          0          0          0          0          0   _printf_a.o
         6          0          0          0          0          0   _printf_c.o
        44          0          0          0          0        108   _printf_char.o
        48          6          0          0          0         96   _printf_char_common.o
        40          0          0          0          0         68   _printf_charcount.o
         6          0          0          0          0          0   _printf_d.o
       120         16          0          0          0         92   _printf_dec.o
         6          0          0          0          0          0   _printf_e.o
         6          0          0          0          0          0   _printf_f.o
      1052          0          0          0          0        148   _printf_fp_dec.o
       764          8         38          0          0        100   _printf_fp_hex.o
       128         16          0          0          0         84   _printf_fp_infnan.o
         6          0          0          0          0          0   _printf_g.o
       148          4         40          0          0        160   _printf_hex_int_ll_ptr.o
         6          0          0          0          0          0   _printf_i.o
       178          0          0          0          0         88   _printf_intcommon.o
        10          0          0          0          0          0   _printf_l.o
         6          0          0          0          0          0   _printf_lc.o
        10          0          0          0          0          0   _printf_ll.o
         6          0          0          0          0          0   _printf_lld.o
         6          0          0          0          0          0   _printf_lli.o
         6          0          0          0          0          0   _printf_llo.o
         6          0          0          0          0          0   _printf_llu.o
         6          0          0          0          0          0   _printf_llx.o
       124         16          0          0          0         92   _printf_longlong_dec.o
         6          0          0          0          0          0   _printf_ls.o
         6          0          0          0          0          0   _printf_n.o
         6          0          0          0          0          0   _printf_o.o
       112          8          0          0          0        124   _printf_oct_int_ll.o
         6          0          0          0          0          0   _printf_p.o
        78          0          0          0          0        108   _printf_pad.o
         0          0          0          0          0          0   _printf_percent.o
         4          0          0          0          0          0   _printf_percent_end.o
         6          0          0          0          0          0   _printf_s.o
        82          0          0          0          0         80   _printf_str.o
        36          0          0          0          0         84   _printf_truncate.o
         6          0          0          0          0          0   _printf_u.o
        44          0          0          0          0        108   _printf_wchar.o
       188          6          8          0          0         92   _printf_wctomb.o
         6          0          0          0          0          0   _printf_x.o
       884          6          0          0          0        100   _scanf.o
       224          0          0          0          0         96   _scanf_str.o
        64          0          0          0          0         84   _sgetc.o
        16          0          0          0          0         68   _snputc.o
        10          0          0          0          0         68   _sputc.o
        72          0          0          0          0         92   backspace.o
       228          4        148          0          0         96   bigflt0.o
      1936        128          0          0          0        672   btod.o
        10          0          0          0          0         68   defsig_exit.o
        50          0          0          0          0         88   defsig_general.o
        80         58          0          0          0         76   defsig_rtmem_inner.o
        14          0          0          0          0         80   defsig_rtmem_outer.o
        52         38          0          0          0         76   defsig_rtred_inner.o
        14          0          0          0          0         80   defsig_rtred_outer.o
        18          0          0          0          0         80   exit.o
        76          0          0          0          0         88   fclose.o
        52          6          0          0          0         80   fclose_locked.o
       144         10          0          0          0        128   fflush_locked.o
        24          0          0          0          0         68   fgetc.o
       570          0          0          0          0        132   filbuf.o
       470          0          0          0          0         88   flsbuf.o
        92          8          0          0          0         88   flushlinebuffered_locked.o
       324          8          0          0          0        152   fopen_locked.o
       248          6          0          0          0         84   fseek.o
        66          0          0          0          0         76   ftell.o
       208          0          0          0          0         92   fwritefast_locked.o
       166          0          0          0          0        144   h1_alloc_threads.o
        82          0          0          0          0        104   h1_extend_threads.o
        10          0          0          0          0         76   h1_final_threads.o
       118          0          0          0          0        108   h1_free_threads.o
        18          0          0          0          0         84   h1_init_threads.o
         6          0          0          0          0        152   heapauxi.o
         4          0          0          0          0        136   hguard.o
         0          0          0          0          0          0   indicate_semi.o
       138          0          0          0          0        168   init_alloc.o
       456         48          0          0          0        116   initio_locked.o
        18          0          0          0          0         76   isspace.o
        44         10        272          0          0         76   lc_ctype_c.o
        44         10         28          0          0         76   lc_numeric_c.o
         2          0          0          0          0          0   libinit.o
        46          0          0          0          0          0   libinit2.o
         2          0          0          0          0          0   libshutdown.o
        10          0          0          0          0          0   libshutdown2.o
         8          4          0          0         96         68   libspace.o
       138          0          0          0          0         80   lludiv10.o
       238          0          0          0          0        100   lludivv7m.o
         0          0          0          0          0          0   maybetermalloc2.o
        16          4          0          0          0         76   rt_ctype_table.o
         4          0          0          0          0         68   rt_errno_addr_twolibspace.o
        10          0          0          0          0         76   rt_heap_descriptor_twolibspace.o
        10          0          0          0          0         76   rt_locale_twolibspace.o
        68          0          0          0          0         68   rt_memclr.o
        78          0          0          0          0         80   rt_memclr_w.o
       138          0          0          0          0         68   rt_memcpy_v6.o
       100          0          0          0          0         80   rt_memcpy_w.o
         2          0          0          0          0          0   rtexit.o
        10          0          0          0          0          0   rtexit2.o
        44          8          0          0          0         84   scanf_char.o
        64          8          0          0          0         84   scanf_char_file_locked.o
       104          0          0          0          0         88   setvbuf_locked.o
       240          6          0          0          0        156   stdio.o
         0          0          0         12        252          0   stdio_streams.o
       124          0          0          0          0         88   strcmpv7em.o
         0          0          0          4          0          0   streamlock.o
        62          0          0          0          0         76   strlen.o
        12          4          0          0          0         68   sys_exit.o
        74          0          0          0          0         80   sys_stackheap_outer.o
        14          0          0          0          0         76   sys_wrch.o
        16          0          0          0          0         80   term_alloc.o
        72         12          0          0          0         68   ungetc.o
         2          0          0          0          0         68   use_no_semi.o
        52          4          0          0          0         80   vsnprintf.o
        26          0          0          0          0        116   fpinit.o
         4          0          0          0          0        116   printf1.o
         4          0          0          0          0        116   printf2.o
         0          0          0          0          0          0   usenofp.o
        48          0          0          0          0        124   fpclassify.o

    ----------------------------------------------------------------------
     20118        804        552         20        348      13676   Library Totals
        40          0          1          2          0          0   (incl. Padding)

    ----------------------------------------------------------------------

      Code (inc. data)   RO Data    RW Data    ZI Data      Debug   Library Name

      7122        314          0          2          0       4928   FS_Dbg_LFN_CM3_L.lib
     12874        490        551         16        348       8276   c_w.l
        34          0          0          0          0        348   fz_wm.l
        48          0          0          0          0        124   m_wm.l

    ----------------------------------------------------------------------
     20118        804        552         20        348      13676   Library Totals

    ----------------------------------------------------------------------

==============================================================================


      Code (inc. data)   RO Data    RW Data    ZI Data      Debug   

     41136       2232       1760        936      32328     398629   Grand Totals
     41136       2232       1760        128      32328     398629   ELF Image Totals (compressed)
     41136       2232       1760        128          0          0   ROM Totals

==============================================================================

    Total RO  Size (Code + RO Data)                42896 (  41.89kB)
    Total RW  Size (RW Data + ZI Data)             33264 (  32.48kB)
    Total ROM Size (Code + RO Data + RW Data)      43024 (  42.02kB)

==============================================================================

