Component: ARM Compiler 6.12 Tool: armlink [5d624300]

==============================================================================

Section Cross References

    osmain.o(.text) refers (Special) to _printf_f.o(.ARM.Collect$$_printf_percent$$00000003) for _printf_f
    osmain.o(.text) refers (Special) to printf1.o(x$fpl$printf1) for _printf_fp_dec
    osmain.o(.text) refers (Special) to _printf_i.o(.ARM.Collect$$_printf_percent$$00000008) for _printf_i
    osmain.o(.text) refers (Special) to _printf_dec.o(.text) for _printf_int_dec
    osmain.o(.text) refers (Special) to _printf_percent.o(.ARM.Collect$$_printf_percent$$00000000) for _printf_percent
    osmain.o(.text) refers (Special) to _scanf_int.o(.text) for _scanf_int
    osmain.o(.text) refers (Special) to _scanf_str.o(.text) for _scanf_string
    osmain.o(.text.app_main) refers (Special) to _printf_f.o(.ARM.Collect$$_printf_percent$$00000003) for _printf_f
    osmain.o(.text.app_main) refers (Special) to printf1.o(x$fpl$printf1) for _printf_fp_dec
    osmain.o(.text.app_main) refers (Special) to _printf_i.o(.ARM.Collect$$_printf_percent$$00000008) for _printf_i
    osmain.o(.text.app_main) refers (Special) to _printf_dec.o(.text) for _printf_int_dec
    osmain.o(.text.app_main) refers (Special) to _printf_percent.o(.ARM.Collect$$_printf_percent$$00000000) for _printf_percent
    osmain.o(.text.app_main) refers (Special) to _scanf_int.o(.text) for _scanf_int
    osmain.o(.text.app_main) refers (Special) to _scanf_str.o(.text) for _scanf_string
    osmain.o(.text.app_main) refers to serial.o(.text.em_printf) for em_printf
    osmain.o(.text.app_main) refers to fs_mapi.o(i.finit) for finit
    osmain.o(.text.app_main) refers to fs_mapi.o(i.fmount) for fmount
    osmain.o(.text.app_main) refers to fopen_locked.o(.text) for fopen
    osmain.o(.text.app_main) refers to __2fprintf.o(.text) for __2fprintf
    osmain.o(.text.app_main) refers to __0fscanf.o(.text) for __0fscanf
    osmain.o(.text.app_main) refers to rtx_semaphore.o(.text.osSemaphoreAcquire) for osSemaphoreAcquire
    osmain.o(.text.app_main) refers to __0sscanf.o(.text) for __0sscanf
    osmain.o(.text.app_main) refers to osmain.o(.bss..L_MergedGlobals) for [Anonymous Symbol]
    osmain.o(.text.app_main) refers to osmain.o(.rodata.str1.1) for .L.str.1
    osmain.o(.ARM.exidx.text.app_main) refers (Special) to _printf_f.o(.ARM.Collect$$_printf_percent$$00000003) for _printf_f
    osmain.o(.ARM.exidx.text.app_main) refers (Special) to printf1.o(x$fpl$printf1) for _printf_fp_dec
    osmain.o(.ARM.exidx.text.app_main) refers (Special) to _printf_i.o(.ARM.Collect$$_printf_percent$$00000008) for _printf_i
    osmain.o(.ARM.exidx.text.app_main) refers (Special) to _printf_dec.o(.text) for _printf_int_dec
    osmain.o(.ARM.exidx.text.app_main) refers (Special) to _printf_percent.o(.ARM.Collect$$_printf_percent$$00000000) for _printf_percent
    osmain.o(.ARM.exidx.text.app_main) refers (Special) to _scanf_int.o(.text) for _scanf_int
    osmain.o(.ARM.exidx.text.app_main) refers (Special) to _scanf_str.o(.text) for _scanf_string
    osmain.o(.ARM.exidx.text.app_main) refers to osmain.o(.text.app_main) for [Anonymous Symbol]
    osmain.o(.text.app_pwm) refers (Special) to _printf_f.o(.ARM.Collect$$_printf_percent$$00000003) for _printf_f
    osmain.o(.text.app_pwm) refers (Special) to printf1.o(x$fpl$printf1) for _printf_fp_dec
    osmain.o(.text.app_pwm) refers (Special) to _printf_i.o(.ARM.Collect$$_printf_percent$$00000008) for _printf_i
    osmain.o(.text.app_pwm) refers (Special) to _printf_dec.o(.text) for _printf_int_dec
    osmain.o(.text.app_pwm) refers (Special) to _printf_percent.o(.ARM.Collect$$_printf_percent$$00000000) for _printf_percent
    osmain.o(.text.app_pwm) refers (Special) to _scanf_int.o(.text) for _scanf_int
    osmain.o(.text.app_pwm) refers (Special) to _scanf_str.o(.text) for _scanf_string
    osmain.o(.text.app_pwm) refers to stm32f4xx_hal_gpio.o(.text.HAL_GPIO_TogglePin) for HAL_GPIO_TogglePin
    osmain.o(.text.app_pwm) refers to osmain.o(.bss..L_MergedGlobals) for [Anonymous Symbol]
    osmain.o(.ARM.exidx.text.app_pwm) refers (Special) to _printf_f.o(.ARM.Collect$$_printf_percent$$00000003) for _printf_f
    osmain.o(.ARM.exidx.text.app_pwm) refers (Special) to printf1.o(x$fpl$printf1) for _printf_fp_dec
    osmain.o(.ARM.exidx.text.app_pwm) refers (Special) to _printf_i.o(.ARM.Collect$$_printf_percent$$00000008) for _printf_i
    osmain.o(.ARM.exidx.text.app_pwm) refers (Special) to _printf_dec.o(.text) for _printf_int_dec
    osmain.o(.ARM.exidx.text.app_pwm) refers (Special) to _printf_percent.o(.ARM.Collect$$_printf_percent$$00000000) for _printf_percent
    osmain.o(.ARM.exidx.text.app_pwm) refers (Special) to _scanf_int.o(.text) for _scanf_int
    osmain.o(.ARM.exidx.text.app_pwm) refers (Special) to _scanf_str.o(.text) for _scanf_string
    osmain.o(.ARM.exidx.text.app_pwm) refers to osmain.o(.text.app_pwm) for [Anonymous Symbol]
[...]
    osRtxTick_Handler                        0x08006cd5   Thumb Code   120  rtx_system.o(.text.osRtxTick_Handler)
    osRtxTimerThread                         0x08006d4d   Thumb Code    68  rtx_timer.o(.text.osRtxTimerThread)
    osSemaphoreAcquire                       0x08006de5   Thumb Code   128  rtx_semaphore.o(.text.osSemaphoreAcquire)
    osSemaphoreNew                           0x08006e65   Thumb Code    68  rtx_semaphore.o(.text.osSemaphoreNew)
    osSemaphoreRelease                       0x08006ea9   Thumb Code   140  rtx_semaphore.o(.text.osSemaphoreRelease)
    osThreadExit                             0x08006f35   Thumb Code    28  rtx_thread.o(.text.osThreadExit)
    osThreadGetId                            0x08006f51   Thumb Code    36  rtx_thread.o(.text.osThreadGetId)
    osThreadNew                              0x08006f75   Thumb Code    68  rtx_thread.o(.text.osThreadNew)
    registerSerial                           0x08006fd9   Thumb Code    80  serial.o(.text.registerSerial)
    restartDMA                               0x08007029   Thumb Code    70  serial.o(.text.restartDMA)
    _btod_d2e                                0x08007d15   Thumb Code    62  btod.o(CL$$btod_d2e)
    _d2e_denorm_low                          0x08007d53   Thumb Code    70  btod.o(CL$$btod_d2e_denorm_low)
    _d2e_norm_op1                            0x08007d99   Thumb Code    96  btod.o(CL$$btod_d2e_norm_op1)
    __btod_div_common                        0x08007df9   Thumb Code   696  btod.o(CL$$btod_div_common)
    _e2e                                     0x08008131   Thumb Code   220  btod.o(CL$$btod_e2e)
    _btod_ediv                               0x0800820d   Thumb Code    42  btod.o(CL$$btod_ediv)
    _btod_emul                               0x08008237   Thumb Code    42  btod.o(CL$$btod_emul)
    __btod_mult_common                       0x08008261   Thumb Code   580  btod.o(CL$$btod_mult_common)
    __ARM_fpclassify                         0x080084f5   Thumb Code    48  fpclassify.o(i.__ARM_fpclassify)
    __sys_close                              0x08008525   Thumb Code   102  fs_sys.o(i.__sys_close)
    __sys_flen                               0x08008599   Thumb Code   104  fs_sys.o(i.__sys_flen)
    __sys_open                               0x0800860d   Thumb Code   164  fs_sys.o(i.__sys_open)
    __sys_read                               0x080086bd   Thumb Code   136  fs_sys.o(i.__sys_read)
    __sys_seek                               0x08008751   Thumb Code   122  fs_sys.o(i.__sys_seek)
    __sys_write                              0x080087d9   Thumb Code   122  fs_sys.o(i.__sys_write)
    _is_digit                                0x08008861   Thumb Code    14  __printf_wp.o(i._is_digit)
    efs_DrvEvent                             0x08008c73   Thumb Code     8  fs_efs.o(i.efs_DrvEvent)
    efs_close                                0x08008c7d   Thumb Code   130  fs_efs.o(i.efs_close)
    efs_flen                                 0x08008d0d   Thumb Code    72  fs_efs.o(i.efs_flen)
    efs_handle_get                           0x08008d9d   Thumb Code    66  fs_efs.o(i.efs_handle_get)
    efs_init                                 0x08008de9   Thumb Code   102  fs_efs.o(i.efs_init)
    efs_mount                                0x08008f59   Thumb Code   198  fs_efs.o(i.efs_mount)
    efs_open                                 0x08009025   Thumb Code   324  fs_efs.o(i.efs_open)
    efs_read                                 0x080091f5   Thumb Code   128  fs_efs.o(i.efs_read)
    efs_seek                                 0x08009281   Thumb Code   244  fs_efs.o(i.efs_seek)
    efs_write                                0x080094e1   Thumb Code   138  fs_efs.o(i.efs_write)
    _fgetc$unlocked                          0x0800963d   Thumb Code    24  fgetc.o(i.fgetc)
    finit                                    0x080099d5   Thumb Code    78  fs_mapi.o(i.finit)
    fmount                                   0x08009a2d   Thumb Code    92  fs_mapi.o(i.fmount)
    _fputc$unlocked                          0x08009a91   Thumb Code    26  fputc.o(i.fputc)
    fs_drive_id                              0x08009b55   Thumb Code   188  fs_common.o(i.fs_drive_id)
    fs_set_cdrive                            0x08009c21   Thumb Code    24  fs_common.o(i.fs_set_cdrive)
    get_u32                                  0x08009c41   Thumb Code    22  fs_common.o(i.get_u32)
    _get_lc_numeric                          0x08009d09   Thumb Code    44  lc_numeric_c.o(locale$$code)
    _get_lc_ctype                            0x08009d35   Thumb Code    44  lc_ctype_c.o(locale$$code)
    _fp_init                                 0x08009d61   Thumb Code    26  fpinit.o(x$fpl$fpinit)
    __fplib_config_fpu_vfp                   0x08009d79   Thumb Code     0  fpinit.o(x$fpl$fpinit)
    __fplib_config_pureend_doubles           0x08009d79   Thumb Code     0  fpinit.o(x$fpl$fpinit)
    _printf_fp_dec                           0x08009d7b   Thumb Code     4  printf1.o(x$fpl$printf1)
    _printf_fp_hex                           0x08009d7f   Thumb Code     4  printf2.o(x$fpl$printf2)
    __I$use$fp                               0x08009d82   Number         0  usenofp.o(x$fpl$usenofp)
    osRtxConfig                              0x08009e80   Data         104  rtx_lib.o(.rodata)
    os_cb_sections                           0x08009ee8   Data          56  rtx_lib.o(.rodata)
    AHBPrescTable                            0x08009f20   Data          16  system_stm32f4xx.o(.rodata.AHBPrescTable)
    APBPrescTable                            0x08009f30   Data           8  system_stm32f4xx.o(.rodata.APBPrescTable)
    Driver_Flash0                            0x08009f38   Data          44  w25q64.o(.rodata.Driver_Flash0)
    EventRecorderInfo                        0x08009f64   Data          24  eventrecorder.o(.rodata.EventRecorderInfo)
    __stderr_name                            0x08009f94   Data           8  retarget_io.o(.rodata.__stderr_name)
    __stdin_name                             0x08009f9c   Data           7  retarget_io.o(.rodata.__stdin_name)
    __stdout_name                            0x08009fa3   Data           8  retarget_io.o(.rodata.__stdout_name)
    fs_DevPool                               0x08009fac   Data           8  fs_config.o(.rodata.fs_DevPool)
    fs_efs_fh_cnt                            0x08009fb4   Data           1  fs_config.o(.rodata.fs_efs_fh_cnt)
    fs_fat_fh_cnt                            0x08009fb5   Data           1  fs_config.o(.rodata.fs_fat_fh_cnt)
    fs_ndrv                                  0x08009fb6   Data           1  fs_config.o(.rodata.fs_ndrv)
    osRtxUserSVC                             0x08009fd0   Data           4  rtx_lib.o(.rodata.osRtxUserSVC)
    Region$$Table$$Base                      0x0800a050   Number         0  anon$$obj.o(Region$$Table)
    Region$$Table$$Limit                     0x0800a070   Number         0  anon$$obj.o(Region$$Table)
    __ctype                                  0x0800a099   Data           0  lc_ctype_c.o(locale$$data)
    _stream_list_lock                        0x20000004   Data           4  streamlock.o(.data)
    __aeabi_stdin                            0x20000008   Data           4  stdio_streams.o(.data)
    __aeabi_stdout                           0x2000000c   Data           4  stdio_streams.o(.data)
    __aeabi_stderr                           0x20000010   Data           4  stdio_streams.o(.data)
    uwTickFreq                               0x20000014   Data           1  stm32f4xx_hal.o(.data..L_MergedGlobals)
    uwTickPrio                               0x20000018   Data           4  stm32f4xx_hal.o(.data..L_MergedGlobals)
    SystemCoreClock                          0x2000001c   Data           4  system_stm32f4xx.o(.data.SystemCoreClock)
    flash_spi                                0x20000020   Data           4  w25q64.o(.data.flash_spi)
    osRtxInfo                                0x20000024   Data         164  rtx_kernel.o(.data.os)
    __stdin                                  0x20000100   Data          84  stdio_streams.o(.bss)
    __stdout                                 0x20000154   Data          84  stdio_streams.o(.bss)
    __stderr                                 0x200001a8   Data          84  stdio_streams.o(.bss)
    __libspace_start                         0x200001fc   Data          96  libspace.o(.bss)
    __temporary_stack_top$libspace           0x2000025c   Data           0  libspace.o(.bss)
    s                                        0x2000025c   Data           1  osmain.o(.bss..L_MergedGlobals)
    light                                    0x2000025e   Data           2  osmain.o(.bss..L_MergedGlobals)
    emSerial                                 0x20000260   Data           4  osmain.o(.bss..L_MergedGlobals)
    semSerial                                0x20000264   Data           4  osmain.o(.bss..L_MergedGlobals)
    m_serialDev                              0x2000026c   Data           4  serial.o(.bss..L_MergedGlobals)
    fs_efs_fh                                0x20000278   Data         112  fs_config.o(.bss.fs_efs_fh)
    fs_fat_fh                                0x200002e8   Data          36  fs_config.o(.bss.fs_fat_fh)
    fs_ms_rtos_tick                          0x2000030c   Data           4  fs_config.o(.bss.fs_ms_rtos_tick)
    hdma_usart1_rx                           0x20000348   Data          96  usart.o(.bss.hdma_usart1_rx)
    hdma_usart1_tx                           0x200003a8   Data          96  usart.o(.bss.hdma_usart1_tx)
    hdma_usart2_rx                           0x20000408   Data          96  usart.o(.bss.hdma_usart2_rx)
    hdma_usart2_tx                           0x20000468   Data          96  usart.o(.bss.hdma_usart2_tx)
    hspi2                                    0x200004c8   Data          88  spi.o(.bss.hspi2)
    htim11                                   0x20000520   Data          64  stm32f4xx_hal_timebase_tim.o(.bss.htim11)
    huart1                                   0x20000560   Data          64  usart.o(.bss.huart1)
    huart2                                   0x200005a0   Data          64  usart.o(.bss.huart2)
    .bss.os.msgqueue.cb$$Base                0x20001cd8   Number         0  rtx_lib.o(.bss.os.msgqueue.cb)
    .bss.os.msgqueue.cb$$Limit               0x20001d0c   Number         0  rtx_lib.o(.bss.os.msgqueue.cb)
    .bss.os.mutex.cb$$Base                   0x20001d5c   Number         0  fs_config.o(.bss.os.mutex.cb)
    .bss.os.mutex.cb$$Limit                  0x20001d78   Number         0  fs_config.o(.bss.os.mutex.cb)
    .bss.os.thread.cb$$Base                  0x20001d78   Number         0  rtx_lib.o(.bss.os.thread.cb)
    .bss.os.thread.cb$$Limit                 0x20001e00   Number         0  rtx_lib.o(.bss.os.thread.cb)
    uwTick                                   0x20002004   Data           4  stm32f4xx_hal.o(.bss.uwTick)



==============================================================================

Memory Map of the image

  Image Entry point : 0x08000199

  Load Region LR_IROM1 (Base: 0x08000000, Size: 0x0000a2c0, Max: 0x00080000, ABSOLUTE)

    Execution Region ER_IROM1 (Exec base: 0x08000000, Load base: 0x08000000, Size: 0x0000a19c, Max: 0x00080000, ABSOLUTE)

    Exec Addr    Load Addr    Size         Type   Attr      Idx    E Section Name        Object

    0x08000000   0x08000000   0x00000198   Data   RO          218    RESET               startup_stm32f411xe.o
    0x08000198   0x08000198   0x00000008   Code   RO         2731  * !!!main             c_w.l(__main.o)
    0x080001a0   0x080001a0   0x00000034   Code   RO         3202    !!!scatter          c_w.l(__scatter.o)
    0x080001d4   0x080001d4   0x0000001a   Code   RO         3204    !!handler_copy      c_w.l(__scatter_copy.o)
    0x080001ee   0x080001ee   0x00000002   PAD
    0x080001f0   0x080001f0   0x0000001c   Code   RO         3206    !!handler_zi        c_w.l(__scatter_zi.o)
    0x0800020c   0x0800020c   0x00000000   Code   RO         2702    .ARM.Collect$$_printf_percent$$00000000  c_w.l(_printf_percent.o)
    0x0800020c   0x0800020c   0x00000006   Code   RO         2827    .ARM.Collect$$_printf_percent$$00000001  c_w.l(_printf_n.o)
    0x08000212   0x08000212   0x00000006   Code   RO         2829    .ARM.Collect$$_printf_percent$$00000002  c_w.l(_printf_p.o)
    0x08000218   0x08000218   0x00000006   Code   RO         2701    .ARM.Collect$$_printf_percent$$00000003  c_w.l(_printf_f.o)
    0x0800021e   0x0800021e   0x00000006   Code   RO         2833    .ARM.Collect$$_printf_percent$$00000004  c_w.l(_printf_e.o)
    0x08000224   0x08000224   0x00000006   Code   RO         2834    .ARM.Collect$$_printf_percent$$00000005  c_w.l(_printf_g.o)
    0x0800022a   0x0800022a   0x00000006   Code   RO         2835    .ARM.Collect$$_printf_percent$$00000006  c_w.l(_printf_a.o)
    0x08000230   0x08000230   0x0000000a   Code   RO         2840    .ARM.Collect$$_printf_percent$$00000007  c_w.l(_printf_ll.o)
    0x0800023a   0x0800023a   0x00000006   Code   RO         2700    .ARM.Collect$$_printf_percent$$00000008  c_w.l(_printf_i.o)
    0x08000240   0x08000240   0x00000006   Code   RO         2831    .ARM.Collect$$_printf_percent$$00000009  c_w.l(_printf_d.o)
    0x08000246   0x08000246   0x00000006   Code   RO         2832    .ARM.Collect$$_printf_percent$$0000000A  c_w.l(_printf_u.o)
    0x0800024c   0x0800024c   0x00000006   Code   RO         2830    .ARM.Collect$$_printf_percent$$0000000B  c_w.l(_printf_o.o)
    0x08000252   0x08000252   0x00000006   Code   RO         2828    .ARM.Collect$$_printf_percent$$0000000C  c_w.l(_printf_x.o)
    0x08000258   0x08000258   0x00000006   Code   RO         2837    .ARM.Collect$$_printf_percent$$0000000D  c_w.l(_printf_lli.o)
    0x0800025e   0x0800025e   0x00000006   Code   RO         2838    .ARM.Collect$$_printf_percent$$0000000E  c_w.l(_printf_lld.o)
    0x08000264   0x08000264   0x00000006   Code   RO         2839    .ARM.Collect$$_printf_percent$$0000000F  c_w.l(_printf_llu.o)
    0x0800026a   0x0800026a   0x00000006   Code   RO         2844    .ARM.Collect$$_printf_percent$$00000010  c_w.l(_printf_llo.o)
    0x08000270   0x08000270   0x00000006   Code   RO         2845    .ARM.Collect$$_printf_percent$$00000011  c_w.l(_printf_llx.o)
    0x08000276   0x08000276   0x0000000a   Code   RO         2841    .ARM.Collect$$_printf_percent$$00000012  c_w.l(_printf_l.o)
    0x08000280   0x08000280   0x00000006   Code   RO         2825    .ARM.Collect$$_printf_percent$$00000013  c_w.l(_printf_c.o)
    0x08000286   0x08000286   0x00000006   Code   RO         2826    .ARM.Collect$$_printf_percent$$00000014  c_w.l(_printf_s.o)
    0x0800028c   0x0800028c   0x00000006   Code   RO         2842    .ARM.Collect$$_printf_percent$$00000015  c_w.l(_printf_lc.o)
    0x08000292   0x08000292   0x00000006   Code   RO         2843    .ARM.Collect$$_printf_percent$$00000016  c_w.l(_printf_ls.o)
    0x08000298   0x08000298   0x00000004   Code   RO         2836    .ARM.Collect$$_printf_percent$$00000017  c_w.l(_printf_percent_end.o)
    0x0800029c   0x0800029c   0x00000002   Code   RO         3103    .ARM.Collect$$libinit$$00000000  c_w.l(libinit.o)
    0x0800029e   0x0800029e   0x00000004   Code   RO         2871    .ARM.Collect$$libinit$$00000001  c_w.l(libinit2.o)
    0x080002a2   0x080002a2   0x00000000   Code   RO         2874    .ARM.Collect$$libinit$$00000004  c_w.l(libinit2.o)
    0x080002a2   0x080002a2   0x00000008   Code   RO         2875    .ARM.Collect$$libinit$$00000005  c_w.l(libinit2.o)
    0x080002aa   0x080002aa   0x00000000   Code   RO         2877    .ARM.Collect$$libinit$$0000000A  c_w.l(libinit2.o)
    0x080002aa   0x080002aa   0x00000000   Code   RO         2879    .ARM.Collect$$libinit$$0000000C  c_w.l(libinit2.o)
    0x080002aa   0x080002aa   0x00000000   Code   RO         2881    .ARM.Collect$$libinit$$0000000E  c_w.l(libinit2.o)
    0x080002aa   0x080002aa   0x00000006   Code   RO         2882    .ARM.Collect$$libinit$$0000000F  c_w.l(libinit2.o)
    0x080002b0   0x080002b0   0x00000000   Code   RO         2884    .ARM.Collect$$libinit$$00000011  c_w.l(libinit2.o)
    0x080002b0   0x080002b0   0x0000000c   Code   RO         2885    .ARM.Collect$$libinit$$00000012  c_w.l(libinit2.o)
    0x080002bc   0x080002bc   0x00000000   Code   RO         2886    .ARM.Collect$$libinit$$00000013  c_w.l(libinit2.o)
    0x080002bc   0x080002bc   0x00000000   Code   RO         2888    .ARM.Collect$$libinit$$00000015  c_w.l(libinit2.o)
    0x080002bc   0x080002bc   0x0000000a   Code   RO         2889    .ARM.Collect$$libinit$$00000016  c_w.l(libinit2.o)
    0x080002c6   0x080002c6   0x00000000   Code   RO         2890    .ARM.Collect$$libinit$$00000017  c_w.l(libinit2.o)
    0x080002c6   0x080002c6   0x00000000   Code   RO         2892    .ARM.Collect$$libinit$$00000019  c_w.l(libinit2.o)
    0x080002c6   0x080002c6   0x00000000   Code   RO         2894    .ARM.Collect$$libinit$$0000001B  c_w.l(libinit2.o)
    0x080002c6   0x080002c6   0x00000000   Code   RO         2896    .ARM.Collect$$libinit$$0000001D  c_w.l(libinit2.o)
    0x080002c6   0x080002c6   0x00000000   Code   RO         2898    .ARM.Collect$$libinit$$0000001F  c_w.l(libinit2.o)
    0x080002c6   0x080002c6   0x00000000   Code   RO         2900    .ARM.Collect$$libinit$$00000021  c_w.l(libinit2.o)
    0x080002c6   0x080002c6   0x00000000   Code   RO         2902    .ARM.Collect$$libinit$$00000023  c_w.l(libinit2.o)
    0x080002c6   0x080002c6   0x00000004   Code   RO         2903    .ARM.Collect$$libinit$$00000024  c_w.l(libinit2.o)
    0x080002ca   0x080002ca   0x00000000   Code   RO         2904    .ARM.Collect$$libinit$$00000025  c_w.l(libinit2.o)
    0x080002ca   0x080002ca   0x00000000   Code   RO         2908    .ARM.Collect$$libinit$$0000002C  c_w.l(libinit2.o)
    0x080002ca   0x080002ca   0x00000000   Code   RO         2910    .ARM.Collect$$libinit$$0000002E  c_w.l(libinit2.o)
    0x080002ca   0x080002ca   0x00000000   Code   RO         2912    .ARM.Collect$$libinit$$00000030  c_w.l(libinit2.o)
    0x080002ca   0x080002ca   0x00000000   Code   RO         2914    .ARM.Collect$$libinit$$00000032  c_w.l(libinit2.o)
    0x080002ca   0x080002ca   0x00000002   Code   RO         2915    .ARM.Collect$$libinit$$00000033  c_w.l(libinit2.o)
    0x080002cc   0x080002cc   0x00000002   Code   RO         3200    .ARM.Collect$$libshutdown$$00000000  c_w.l(libshutdown.o)
    0x080002ce   0x080002ce   0x00000000   Code   RO         3105    .ARM.Collect$$libshutdown$$00000002  c_w.l(libshutdown2.o)
    0x080002ce   0x080002ce   0x00000004   Code   RO         3106    .ARM.Collect$$libshutdown$$00000003  c_w.l(libshutdown2.o)
    0x080002d2   0x080002d2   0x00000000   Code   RO         3107    .ARM.Collect$$libshutdown$$00000004  c_w.l(libshutdown2.o)
    0x080002d2   0x080002d2   0x00000000   Code   RO         3110    .ARM.Collect$$libshutdown$$00000007  c_w.l(libshutdown2.o)
    0x080002d2   0x080002d2   0x00000000   Code   RO         3113    .ARM.Collect$$libshutdown$$0000000A  c_w.l(libshutdown2.o)
    0x080002d2   0x080002d2   0x00000000   Code   RO         3115    .ARM.Collect$$libshutdown$$0000000C  c_w.l(libshutdown2.o)
    0x080002d2   0x080002d2   0x00000004   Code   RO         3116    .ARM.Collect$$libshutdown$$0000000D  c_w.l(libshutdown2.o)
    0x080002d6   0x080002d6   0x00000000   Code   RO         3118    .ARM.Collect$$libshutdown$$0000000F  c_w.l(libshutdown2.o)
    0x080002d6   0x080002d6   0x00000002   Code   RO         3119    .ARM.Collect$$libshutdown$$00000010  c_w.l(libshutdown2.o)
    0x080002d8   0x080002d8   0x00000000   Code   RO         2735    .ARM.Collect$$rtentry$$00000000  c_w.l(__rtentry.o)
    0x080002d8   0x080002d8   0x00000000   Code   RO         2930    .ARM.Collect$$rtentry$$00000002  c_w.l(__rtentry2.o)
    0x080002d8   0x080002d8   0x00000006   Code   RO         2942    .ARM.Collect$$rtentry$$00000004  c_w.l(__rtentry4.o)
    0x080002de   0x080002de   0x00000008   Code   RO         2931    .ARM.Collect$$rtentry$$00000008  c_w.l(__rtentry2.o)
    0x080002e6   0x080002e6   0x00000004   Code   RO         2933    .ARM.Collect$$rtentry$$0000000A  c_w.l(__rtentry2.o)
    0x080002ea   0x080002ea   0x00000000   Code   RO         2935    .ARM.Collect$$rtentry$$0000000C  c_w.l(__rtentry2.o)
    0x080002ea   0x080002ea   0x00000008   Code   RO         2936    .ARM.Collect$$rtentry$$0000000D  c_w.l(__rtentry2.o)
    0x080002f2   0x080002f2   0x00000002   Code   RO         3128    .ARM.Collect$$rtexit$$00000000  c_w.l(rtexit.o)
    0x080002f4   0x080002f4   0x00000000   Code   RO         3174    .ARM.Collect$$rtexit$$00000002  c_w.l(rtexit2.o)
    0x080002f4   0x080002f4   0x00000004   Code   RO         3175    .ARM.Collect$$rtexit$$00000003  c_w.l(rtexit2.o)
    0x080002f8   0x080002f8   0x00000006   Code   RO         3176    .ARM.Collect$$rtexit$$00000004  c_w.l(rtexit2.o)
    0x080002fe   0x080002fe   0x00000002   PAD
    0x08000300   0x08000300   0x00000040   Code   RO          219    .text               startup_stm32f411xe.o
    0x08000340   0x08000340   0x000000c4   Code   RO          226    .text               irq_cm4f.o
    0x08000404   0x08000404   0x000000a6   Code   RO         2616    .text               c_w.l(h1_alloc_threads.o)
    0x080004aa   0x080004aa   0x000000ee   Code   RO         2668    .text               c_w.l(lludivv7m.o)
    0x08000598   0x08000598   0x00000034   Code   RO         2670    .text               c_w.l(vsnprintf.o)
    0x080005cc   0x080005cc   0x00000014   Code   RO         2672    .text               c_w.l(__2fprintf.o)
    0x080005e0   0x080005e0   0x00000078   Code   RO         2678    .text               c_w.l(_printf_dec.o)
    0x08000658   0x08000658   0x00000188   Code   RO         2697    .text               c_w.l(__printf_flags_ss_wp.o)
    0x080007e0   0x080007e0   0x00000018   Code   RO         2703    .text               c_w.l(__0fscanf.o)
    0x080007f8   0x080007f8   0x0000003c   Code   RO         2705    .text               c_w.l(__0sscanf.o)
    0x08000834   0x08000834   0x0000014c   Code   RO         2707    .text               c_w.l(_scanf_int.o)
    0x08000980   0x08000980   0x000000e0   Code   RO         2709    .text               c_w.l(_scanf_str.o)
    0x08000a60   0x08000a60   0x00000090   Code   RO         2715    .text               c_w.l(fflush_locked.o)
    0x08000af0   0x08000af0   0x00000144   Code   RO         2717    .text               c_w.l(fopen_locked.o)
    0x08000c34   0x08000c34   0x0000003e   Code   RO         2719    .text               c_w.l(strlen.o)
    0x08000c72   0x08000c72   0x0000008a   Code   RO         2721    .text               c_w.l(rt_memcpy_v6.o)
    0x08000cfc   0x08000cfc   0x00000044   Code   RO         2723    .text               c_w.l(rt_memclr.o)
    0x08000d40   0x08000d40   0x0000004e   Code   RO         2725    .text               c_w.l(rt_memclr_w.o)
    0x08000d8e   0x08000d8e   0x00000002   PAD
    0x08000d90   0x08000d90   0x0000007c   Code   RO         2727    .text               c_w.l(strcmpv7em.o)
    0x08000e0c   0x08000e0c   0x00000006   Code   RO         2729    .text               c_w.l(heapauxi.o)
    0x08000e12   0x08000e12   0x0000000a   Code   RO         2745    .text               c_w.l(rt_heap_descriptor_twolibspace.o)
    0x08000e1c   0x08000e1c   0x00000004   Code   RO         2747    .text               c_w.l(hguard.o)
    0x08000e20   0x08000e20   0x0000008a   Code   RO         2749    .text               c_w.l(init_alloc.o)
    0x08000eaa   0x08000eaa   0x00000012   Code   RO         2759    .text               c_w.l(h1_init_threads.o)
    0x08000ebc   0x08000ebc   0x00000076   Code   RO         2761    .text               c_w.l(h1_free_threads.o)
    0x08000f32   0x08000f32   0x0000004e   Code   RO         2771    .text               c_w.l(_printf_pad.o)
    0x08000f80   0x08000f80   0x00000024   Code   RO         2773    .text               c_w.l(_printf_truncate.o)
    0x08000fa4   0x08000fa4   0x00000052   Code   RO         2775    .text               c_w.l(_printf_str.o)
    0x08000ff6   0x08000ff6   0x000000b2   Code   RO         2777    .text               c_w.l(_printf_intcommon.o)
    0x080010a8   0x080010a8   0x00000028   Code   RO         2779    .text               c_w.l(_printf_charcount.o)
    0x080010d0   0x080010d0   0x0000041c   Code   RO         2781    .text               c_w.l(_printf_fp_dec.o)
    0x080014ec   0x080014ec   0x00000030   Code   RO         2785    .text               c_w.l(_printf_char_common.o)
    0x0800151c   0x0800151c   0x0000000a   Code   RO         2787    .text               c_w.l(_sputc.o)
    0x08001526   0x08001526   0x00000010   Code   RO         2789    .text               c_w.l(_snputc.o)
    0x08001536   0x08001536   0x00000002   PAD
    0x08001538   0x08001538   0x000000bc   Code   RO         2793    .text               c_w.l(_printf_wctomb.o)
    0x080015f4   0x080015f4   0x0000007c   Code   RO         2796    .text               c_w.l(_printf_longlong_dec.o)
    0x08001670   0x08001670   0x00000070   Code   RO         2802    .text               c_w.l(_printf_oct_int_ll.o)
    0x080016e0   0x080016e0   0x00000094   Code   RO         2822    .text               c_w.l(_printf_hex_int_ll_ptr.o)
    0x08001774   0x08001774   0x0000001c   Code   RO         2846    .text               c_w.l(_chval.o)
    0x08001790   0x08001790   0x0000002c   Code   RO         2848    .text               c_w.l(scanf_char.o)
    0x080017bc   0x080017bc   0x00000040   Code   RO         2850    .text               c_w.l(_sgetc.o)
    0x080017fc   0x080017fc   0x000000f8   Code   RO         2854    .text               c_w.l(fseek.o)
    0x080018f4   0x080018f4   0x000000f0   Code   RO         2856    .text               c_w.l(stdio.o)
    0x080019e4   0x080019e4   0x0000004c   Code   RO         2865    .text               c_w.l(fclose.o)
    0x08001a30   0x08001a30   0x00000064   Code   RO         2867    .text               c_w.l(rt_memcpy_w.o)
    0x08001a94   0x08001a94   0x00000008   Code   RO         2926    .text               c_w.l(libspace.o)
    0x08001a9c   0x08001a9c   0x0000000a   Code   RO         2951    .text               c_w.l(rt_locale_twolibspace.o)
    0x08001aa6   0x08001aa6   0x00000000   Code   RO         2956    .text               c_w.l(maybetermalloc2.o)
    0x08001aa6   0x08001aa6   0x00000052   Code   RO         2959    .text               c_w.l(h1_extend_threads.o)
    0x08001af8   0x08001af8   0x0000008a   Code   RO         2961    .text               c_w.l(lludiv10.o)
    0x08001b82   0x08001b82   0x00000012   Code   RO         2963    .text               c_w.l(isspace.o)
    0x08001b94   0x08001b94   0x000002fc   Code   RO         2965    .text               c_w.l(_printf_fp_hex.o)
    0x08001e90   0x08001e90   0x00000080   Code   RO         2968    .text               c_w.l(_printf_fp_infnan.o)
    0x08001f10   0x08001f10   0x0000002c   Code   RO         2972    .text               c_w.l(_printf_char.o)
    0x08001f3c   0x08001f3c   0x0000002c   Code   RO         2974    .text               c_w.l(_printf_wchar.o)
    0x08001f68   0x08001f68   0x00000374   Code   RO         2976    .text               c_w.l(_scanf.o)
    0x080022dc   0x080022dc   0x000000e4   Code   RO         2978    .text               c_w.l(bigflt0.o)
    0x080023c0   0x080023c0   0x00000048   Code   RO         3005    .text               c_w.l(backspace.o)
    0x08002408   0x08002408   0x00000042   Code   RO         3017    .text               c_w.l(ftell.o)
    0x0800244a   0x0800244a   0x00000002   PAD
    0x0800244c   0x0800244c   0x000001c8   Code   RO         3029    .text               c_w.l(initio_locked.o)
    0x08002614   0x08002614   0x00000048   Code   RO         3031    .text               c_w.l(_c16rtomb.o)
    0x0800265c   0x0800265c   0x0000000e   Code   RO         3036    .text               c_w.l(defsig_rtmem_outer.o)
    0x0800266a   0x0800266a   0x00000002   Code   RO         3052    .text               c_w.l(use_no_semi.o)
    0x0800266c   0x0800266c   0x00000000   Code   RO         3054    .text               c_w.l(indicate_semi.o)
    0x0800266c   0x0800266c   0x0000004a   Code   RO         3055    .text               c_w.l(sys_stackheap_outer.o)
    0x080026b6   0x080026b6   0x00000002   PAD
    0x080026b8   0x080026b8   0x00000010   Code   RO         3057    .text               c_w.l(rt_ctype_table.o)
    0x080026c8   0x080026c8   0x00000004   Code   RO         3066    .text               c_w.l(rt_errno_addr_twolibspace.o)
    0x080026cc   0x080026cc   0x00000010   Code   RO         3068    .text               c_w.l(term_alloc.o)
    0x080026dc   0x080026dc   0x0000023a   Code   RO         3072    .text               c_w.l(filbuf.o)
    0x08002916   0x08002916   0x000001d6   Code   RO         3074    .text               c_w.l(flsbuf.o)
    0x08002aec   0x08002aec   0x00000048   Code   RO         3078    .text               c_w.l(ungetc.o)
    0x08002b34   0x08002b34   0x00000068   Code   RO         3080    .text               c_w.l(setvbuf_locked.o)
    0x08002b9c   0x08002b9c   0x00000012   Code   RO         3082    .text               c_w.l(exit.o)
    0x08002bae   0x08002bae   0x0000000a   Code   RO         3084    .text               c_w.l(defsig_exit.o)
    0x08002bb8   0x08002bb8   0x0000000e   Code   RO         3090    .text               c_w.l(defsig_rtred_outer.o)
    0x08002bc6   0x08002bc6   0x00000002   PAD
    0x08002bc8   0x08002bc8   0x00000050   Code   RO         3094    .text               c_w.l(defsig_rtmem_inner.o)
    0x08002c18   0x08002c18   0x0000000c   Code   RO         3124    .text               c_w.l(sys_exit.o)
    0x08002c24   0x08002c24   0x0000000a   Code   RO         3132    .text               c_w.l(h1_final_threads.o)
    0x08002c2e   0x08002c2e   0x00000002   PAD
    0x08002c30   0x08002c30   0x00000040   Code   RO         3136    .text               c_w.l(_printf_char_file_locked.o)
    0x08002c70   0x08002c70   0x00000040   Code   RO         3138    .text               c_w.l(scanf_char_file_locked.o)
    0x08002cb0   0x08002cb0   0x0000005c   Code   RO         3154    .text               c_w.l(flushlinebuffered_locked.o)
    0x08002d0c   0x08002d0c   0x00000032   Code   RO         3161    .text               c_w.l(defsig_general.o)
    0x08002d3e   0x08002d3e   0x00000002   PAD
    0x08002d40   0x08002d40   0x00000034   Code   RO         3165    .text               c_w.l(defsig_rtred_inner.o)
    0x08002d74   0x08002d74   0x0000000e   Code   RO         3169    .text               c_w.l(sys_wrch.o)
    0x08002d82   0x08002d82   0x00000002   PAD
    0x08002d84   0x08002d84   0x000000ec   Code   RO           62    .text.ARM_Flash_EraseChip  w25q64.o
    0x08002e70   0x08002e70   0x00000120   Code   RO           60    .text.ARM_Flash_EraseSector  w25q64.o
    0x08002f90   0x08002f90   0x00000004   Code   RO           46    .text.ARM_Flash_GetCapabilities  w25q64.o
    0x08002f94   0x08002f94   0x00000008   Code   RO           66    .text.ARM_Flash_GetInfo  w25q64.o
    0x08002f9c   0x08002f9c   0x0000000c   Code   RO           64    .text.ARM_Flash_GetStatus  w25q64.o
    0x08002fa8   0x08002fa8   0x00000008   Code   RO           44    .text.ARM_Flash_GetVersion  w25q64.o
    0x08002fb0   0x08002fb0   0x00000108   Code   RO           48    .text.ARM_Flash_Initialize  w25q64.o
    0x080030b8   0x080030b8   0x00000024   Code   RO           52    .text.ARM_Flash_PowerControl  w25q64.o
    0x080030dc   0x080030dc   0x000001c4   Code   RO           58    .text.ARM_Flash_ProgramData  w25q64.o
    0x080032a0   0x080032a0   0x000000dc   Code   RO           54    .text.ARM_Flash_ReadData  w25q64.o
    0x0800337c   0x0800337c   0x00000014   Code   RO           50    .text.ARM_Flash_Uninitialize  w25q64.o
    0x08003390   0x08003390   0x00000002   Code   RO          192    .text.BusFault_Handler  stm32f4xx_it.o
    0x08003392   0x08003392   0x00000002   PAD
    0x08003394   0x08003394   0x00000030   Code   RO         1662    .text.DMA_CalcBaseAndBitshift  stm32f4xx_hal_dma.o
    0x080033c4   0x080033c4   0x00000002   Code   RO          196    .text.DebugMon_Handler  stm32f4xx_it.o
    0x080033c6   0x080033c6   0x00000002   Code   RO           87    .text.Error_Handler  main.o
    0x080033c8   0x080033c8   0x00000020   Code   RO         1194    .text.EventCheckFilter  eventrecorder.o
    0x080033e8   0x080033e8   0x00000038   Code   RO         1180    .text.EventGetTS    eventrecorder.o
    0x08003420   0x08003420   0x0000003c   Code   RO         1196    .text.EventRecord2  eventrecorder.o
    0x0800345c   0x0800345c   0x0000007c   Code   RO         1198    .text.EventRecord4  eventrecorder.o
    0x080034d8   0x080034d8   0x0000010c   Code   RO         1192    .text.EventRecordData  eventrecorder.o
    0x080035e4   0x080035e4   0x000000fc   Code   RO         1182    .text.EventRecordItem  eventrecorder.o
    0x080036e0   0x080036e0   0x00000060   Code   RO         1186    .text.EventRecorderDisable  eventrecorder.o
    0x08003740   0x08003740   0x00000064   Code   RO         1178    .text.EventRecorderEnable  eventrecorder.o
    0x080037a4   0x080037a4   0x00000134   Code   RO         1176    .text.EventRecorderInitialize  eventrecorder.o
    0x080038d8   0x080038d8   0x0000002c   Code   RO         1184    .text.EventRecorderStart  eventrecorder.o
    0x08003904   0x08003904   0x0000000c   Code   RO         1174    .text.EventRecorderTimerGetCount  eventrecorder.o
    0x08003910   0x08003910   0x00000020   Code   RO         1170    .text.EventRecorderTimerSetup  eventrecorder.o
    0x08003930   0x08003930   0x00000010   Code   RO          429    .text.EvrRtxDelay   rtx_evr.o
    0x08003940   0x08003940   0x00000010   Code   RO          437    .text.EvrRtxDelayCompleted  rtx_evr.o
    0x08003950   0x08003950   0x0000000c   Code   RO          427    .text.EvrRtxDelayError  rtx_evr.o
    0x0800395c   0x0800395c   0x00000010   Code   RO          433    .text.EvrRtxDelayStarted  rtx_evr.o
    0x0800396c   0x0800396c   0x00000010   Code   RO          485    .text.EvrRtxEventFlagsWaitTimeout  rtx_evr.o
    0x0800397c   0x0800397c   0x0000000c   Code   RO          301    .text.EvrRtxKernelError  rtx_evr.o
    0x08003988   0x08003988   0x00000010   Code   RO          311    .text.EvrRtxKernelGetState  rtx_evr.o
    0x08003998   0x08003998   0x00000010   Code   RO          339    .text.EvrRtxKernelGetTickFreq  rtx_evr.o
    0x080039a8   0x080039a8   0x00000010   Code   RO          303    .text.EvrRtxKernelInitialize  rtx_evr.o
    0x080039b8   0x080039b8   0x00000010   Code   RO          305    .text.EvrRtxKernelInitialized  rtx_evr.o
    0x080039c8   0x080039c8   0x00000010   Code   RO          313    .text.EvrRtxKernelStart  rtx_evr.o
    0x080039d8   0x080039d8   0x00000010   Code   RO          315    .text.EvrRtxKernelStarted  rtx_evr.o
    0x080039e8   0x080039e8   0x00000018   Code   RO          291    .text.EvrRtxMemoryAlloc  rtx_evr.o
    0x08003a00   0x08003a00   0x00000010   Code   RO          297    .text.EvrRtxMemoryBlockAlloc  rtx_evr.o
    0x08003a10   0x08003a10   0x00000018   Code   RO          299    .text.EvrRtxMemoryBlockFree  rtx_evr.o
    0x08003a28   0x08003a28   0x00000018   Code   RO          295    .text.EvrRtxMemoryBlockInit  rtx_evr.o
    0x08003a40   0x08003a40   0x00000018   Code   RO          293    .text.EvrRtxMemoryFree  rtx_evr.o
    0x08003a58   0x08003a58   0x00000016   Code   RO          289    .text.EvrRtxMemoryInit  rtx_evr.o
    0x08003a6e   0x08003a6e   0x00000002   PAD
    0x08003a70   0x08003a70   0x00000010   Code   RO          563    .text.EvrRtxMemoryPoolAllocTimeout  rtx_evr.o
    0x08003a80   0x08003a80   0x00000010   Code   RO          591    .text.EvrRtxMessageQueueCreated  rtx_evr.o
    0x08003a90   0x08003a90   0x0000000c   Code   RO          587    .text.EvrRtxMessageQueueError  rtx_evr.o
    0x08003a9c   0x08003a9c   0x00000018   Code   RO          607    .text.EvrRtxMessageQueueGet  rtx_evr.o
    0x08003ab4   0x08003ab4   0x00000018   Code   RO          609    .text.EvrRtxMessageQueueGetPending  rtx_evr.o
    0x08003acc   0x08003acc   0x00000010   Code   RO          611    .text.EvrRtxMessageQueueGetTimeout  rtx_evr.o
    0x08003adc   0x08003adc   0x00000010   Code   RO          601    .text.EvrRtxMessageQueueInsertPending  rtx_evr.o
    0x08003aec   0x08003aec   0x00000010   Code   RO          603    .text.EvrRtxMessageQueueInserted  rtx_evr.o
    0x08003afc   0x08003afc   0x00000018   Code   RO          589    .text.EvrRtxMessageQueueNew  rtx_evr.o
    0x08003b14   0x08003b14   0x00000010   Code   RO          605    .text.EvrRtxMessageQueueNotInserted  rtx_evr.o
    0x08003b24   0x08003b24   0x00000010   Code   RO          615    .text.EvrRtxMessageQueueNotRetrieved  rtx_evr.o
    0x08003b34   0x08003b34   0x00000018   Code   RO          595    .text.EvrRtxMessageQueuePut  rtx_evr.o
    0x08003b4c   0x08003b4c   0x00000018   Code   RO          597    .text.EvrRtxMessageQueuePutPending  rtx_evr.o
    0x08003b64   0x08003b64   0x00000010   Code   RO          599    .text.EvrRtxMessageQueuePutTimeout  rtx_evr.o
    0x08003b74   0x08003b74   0x00000010   Code   RO          613    .text.EvrRtxMessageQueueRetrieved  rtx_evr.o
    0x08003b84   0x08003b84   0x00000010   Code   RO          503    .text.EvrRtxMutexAcquire  rtx_evr.o
    0x08003b94   0x08003b94   0x00000010   Code   RO          505    .text.EvrRtxMutexAcquirePending  rtx_evr.o
    0x08003ba4   0x08003ba4   0x00000010   Code   RO          507    .text.EvrRtxMutexAcquireTimeout  rtx_evr.o
    0x08003bb4   0x08003bb4   0x00000010   Code   RO          509    .text.EvrRtxMutexAcquired  rtx_evr.o
    0x08003bc4   0x08003bc4   0x00000010   Code   RO          499    .text.EvrRtxMutexCreated  rtx_evr.o
    0x08003bd4   0x08003bd4   0x00000010   Code   RO          519    .text.EvrRtxMutexDelete  rtx_evr.o
    0x08003be4   0x08003be4   0x00000010   Code   RO          521    .text.EvrRtxMutexDestroyed  rtx_evr.o
    0x08003bf4   0x08003bf4   0x0000000c   Code   RO          495    .text.EvrRtxMutexError  rtx_evr.o
    0x08003c00   0x08003c00   0x00000010   Code   RO          497    .text.EvrRtxMutexNew  rtx_evr.o
    0x08003c10   0x08003c10   0x00000010   Code   RO          511    .text.EvrRtxMutexNotAcquired  rtx_evr.o
    0x08003c20   0x08003c20   0x00000010   Code   RO          513    .text.EvrRtxMutexRelease  rtx_evr.o
    0x08003c30   0x08003c30   0x00000010   Code   RO          515    .text.EvrRtxMutexReleased  rtx_evr.o
    0x08003c40   0x08003c40   0x00000010   Code   RO          531    .text.EvrRtxSemaphoreAcquire  rtx_evr.o
    0x08003c50   0x08003c50   0x00000010   Code   RO          533    .text.EvrRtxSemaphoreAcquirePending  rtx_evr.o
    0x08003c60   0x08003c60   0x00000010   Code   RO          535    .text.EvrRtxSemaphoreAcquireTimeout  rtx_evr.o
    0x08003c70   0x08003c70   0x00000010   Code   RO          537    .text.EvrRtxSemaphoreAcquired  rtx_evr.o
    0x08003c80   0x08003c80   0x00000010   Code   RO          527    .text.EvrRtxSemaphoreCreated  rtx_evr.o
    0x08003c90   0x08003c90   0x0000000c   Code   RO          523    .text.EvrRtxSemaphoreError  rtx_evr.o
    0x08003c9c   0x08003c9c   0x00000018   Code   RO          525    .text.EvrRtxSemaphoreNew  rtx_evr.o
    0x08003cb4   0x08003cb4   0x00000010   Code   RO          539    .text.EvrRtxSemaphoreNotAcquired  rtx_evr.o
    0x08003cc4   0x08003cc4   0x00000010   Code   RO          541    .text.EvrRtxSemaphoreRelease  rtx_evr.o
    0x08003cd4   0x08003cd4   0x00000010   Code   RO          543    .text.EvrRtxSemaphoreReleased  rtx_evr.o
    0x08003ce4   0x08003ce4   0x00000010   Code   RO          387    .text.EvrRtxThreadBlocked  rtx_evr.o
    0x08003cf4   0x08003cf4   0x00000018   Code   RO          349    .text.EvrRtxThreadCreated  rtx_evr.o
    0x08003d0c   0x08003d0c   0x00000010   Code   RO          399    .text.EvrRtxThreadDestroyed  rtx_evr.o
    0x08003d1c   0x08003d1c   0x0000000c   Code   RO          345    .text.EvrRtxThreadError  rtx_evr.o
    0x08003d28   0x08003d28   0x00000010   Code   RO          395    .text.EvrRtxThreadExit  rtx_evr.o
    0x08003d38   0x08003d38   0x00000018   Code   RO          423    .text.EvrRtxThreadFlagsWaitCompleted  rtx_evr.o
    0x08003d50   0x08003d50   0x00000010   Code   RO          421    .text.EvrRtxThreadFlagsWaitTimeout  rtx_evr.o
    0x08003d60   0x08003d60   0x00000010   Code   RO          353    .text.EvrRtxThreadGetId  rtx_evr.o
    0x08003d70   0x08003d70   0x00000010   Code   RO          385    .text.EvrRtxThreadJoined  rtx_evr.o
    0x08003d80   0x08003d80   0x00000018   Code   RO          347    .text.EvrRtxThreadNew  rtx_evr.o
    0x08003d98   0x08003d98   0x00000010   Code   RO          391    .text.EvrRtxThreadPreempted  rtx_evr.o
    0x08003da8   0x08003da8   0x00000010   Code   RO          393    .text.EvrRtxThreadSwitched  rtx_evr.o
    0x08003db8   0x08003db8   0x00000010   Code   RO          389    .text.EvrRtxThreadUnblocked  rtx_evr.o
    0x08003dc8   0x08003dc8   0x00000010   Code   RO          441    .text.EvrRtxTimerCallback  rtx_evr.o
    0x08003dd8   0x08003dd8   0x00000128   Code   RO         1660    .text.HAL_DMA_Init  stm32f4xx_hal_dma.o
    0x08003f00   0x08003f00   0x000000d8   Code   RO         1622    .text.HAL_GPIO_DeInit  stm32f4xx_hal_gpio.o
    0x08003fd8   0x08003fd8   0x00000188   Code   RO         1620    .text.HAL_GPIO_Init  stm32f4xx_hal_gpio.o
    0x08004160   0x08004160   0x0000000e   Code   RO         1628    .text.HAL_GPIO_TogglePin  stm32f4xx_hal_gpio.o
    0x0800416e   0x0800416e   0x0000000a   Code   RO         1626    .text.HAL_GPIO_WritePin  stm32f4xx_hal_gpio.o
    0x08004178   0x08004178   0x00000008   Code   RO         1830    .text.HAL_GetTick   stm32f4xx_hal.o
    0x08004180   0x08004180   0x00000018   Code   RO         1828    .text.HAL_IncTick   stm32f4xx_hal.o
    0x08004198   0x08004198   0x00000034   Code   RO         1818    .text.HAL_Init      stm32f4xx_hal.o
    0x080041cc   0x080041cc   0x00000078   Code   RO          147    .text.HAL_InitTick  stm32f4xx_hal_timebase_tim.o
    0x08004244   0x08004244   0x00000038   Code   RO          208    .text.HAL_MspInit   stm32f4xx_hal_msp.o
    0x0800427c   0x0800427c   0x0000001c   Code   RO         1775    .text.HAL_NVIC_EnableIRQ  stm32f4xx_hal_cortex.o
    0x08004298   0x08004298   0x0000003c   Code   RO         1771    .text.HAL_NVIC_SetPriority  stm32f4xx_hal_cortex.o
    0x080042d4   0x080042d4   0x00000020   Code   RO         1769    .text.HAL_NVIC_SetPriorityGrouping  stm32f4xx_hal_cortex.o
    0x080042f4   0x080042f4   0x00000120   Code   RO         1480    .text.HAL_RCC_ClockConfig  stm32f4xx_hal_rcc.o
    0x08004414   0x08004414   0x00000038   Code   RO         1498    .text.HAL_RCC_GetClockConfig  stm32f4xx_hal_rcc.o
    0x0800444c   0x0800444c   0x00000014   Code   RO         1492    .text.HAL_RCC_GetPCLK1Freq  stm32f4xx_hal_rcc.o
    0x08004460   0x08004460   0x00000020   Code   RO         1494    .text.HAL_RCC_GetPCLK2Freq  stm32f4xx_hal_rcc.o
    0x08004480   0x08004480   0x0000005c   Code   RO         1482    .text.HAL_RCC_GetSysClockFreq  stm32f4xx_hal_rcc.o
    0x080044dc   0x080044dc   0x000002d8   Code   RO         1478    .text.HAL_RCC_OscConfig  stm32f4xx_hal_rcc.o
    0x080047b4   0x080047b4   0x0000007e   Code   RO         1357    .text.HAL_SPI_Init  stm32f4xx_hal_spi.o
    0x08004832   0x08004832   0x00000002   PAD
    0x08004834   0x08004834   0x00000024   Code   RO          126    .text.HAL_SPI_MspDeInit  spi.o
    0x08004858   0x08004858   0x0000006c   Code   RO          124    .text.HAL_SPI_MspInit  spi.o
    0x080048c4   0x080048c4   0x0000012e   Code   RO         1369    .text.HAL_SPI_Receive  stm32f4xx_hal_spi.o
    0x080049f2   0x080049f2   0x00000162   Code   RO         1365    .text.HAL_SPI_Transmit  stm32f4xx_hal_spi.o
    0x08004b54   0x08004b54   0x000001d4   Code   RO         1371    .text.HAL_SPI_TransmitReceive  stm32f4xx_hal_spi.o
    0x08004d28   0x08004d28   0x00000002   Code   RO         2215    .text.HAL_TIMEx_BreakCallback  stm32f4xx_hal_tim_ex.o
    0x08004d2a   0x08004d2a   0x00000002   Code   RO         2211    .text.HAL_TIMEx_CommutCallback  stm32f4xx_hal_tim_ex.o
    0x08004d2c   0x08004d2c   0x00000034   Code   RO         1910    .text.HAL_TIM_Base_Init  stm32f4xx_hal_tim.o
    0x08004d60   0x08004d60   0x00000002   Code   RO         1912    .text.HAL_TIM_Base_MspInit  stm32f4xx_hal_tim.o
    0x08004d62   0x08004d62   0x00000020   Code   RO         1924    .text.HAL_TIM_Base_Start_IT  stm32f4xx_hal_tim.o
    0x08004d82   0x08004d82   0x00000002   Code   RO         2046    .text.HAL_TIM_IC_CaptureCallback  stm32f4xx_hal_tim.o
    0x08004d84   0x08004d84   0x0000016a   Code   RO         2044    .text.HAL_TIM_IRQHandler  stm32f4xx_hal_tim.o
    0x08004eee   0x08004eee   0x00000002   Code   RO         2048    .text.HAL_TIM_OC_DelayElapsedCallback  stm32f4xx_hal_tim.o
    0x08004ef0   0x08004ef0   0x00000002   Code   RO         2050    .text.HAL_TIM_PWM_PulseFinishedCallback  stm32f4xx_hal_tim.o
    0x08004ef2   0x08004ef2   0x00000002   PAD
    0x08004ef4   0x08004ef4   0x00000014   Code   RO           89    .text.HAL_TIM_PeriodElapsedCallback  main.o
    0x08004f08   0x08004f08   0x00000002   Code   RO         2054    .text.HAL_TIM_TriggerCallback  stm32f4xx_hal_tim.o
    0x08004f0a   0x08004f0a   0x0000005c   Code   RO         2228    .text.HAL_UART_Init  stm32f4xx_hal_uart.o
    0x08004f66   0x08004f66   0x00000002   PAD
    0x08004f68   0x08004f68   0x000001b8   Code   RO          167    .text.HAL_UART_MspInit  usart.o
    0x08005120   0x08005120   0x00000002   Code   RO          188    .text.HardFault_Handler  stm32f4xx_it.o
    0x08005122   0x08005122   0x00000002   PAD
    0x08005124   0x08005124   0x00000070   Code   RO          112    .text.MX_DMA_Init   dma.o
    0x08005194   0x08005194   0x000000d4   Code   RO          101    .text.MX_GPIO_Init  gpio.o
    0x08005268   0x08005268   0x00000048   Code   RO          122    .text.MX_SPI2_Init  spi.o
    0x080052b0   0x080052b0   0x00000038   Code   RO          163    .text.MX_USART1_UART_Init  usart.o
    0x080052e8   0x080052e8   0x00000038   Code   RO          165    .text.MX_USART2_UART_Init  usart.o
    0x08005320   0x08005320   0x00000002   Code   RO          190    .text.MemManage_Handler  stm32f4xx_it.o
    0x08005322   0x08005322   0x00000044   Code   RO          851    .text.MessageQueueGet  rtx_msgqueue.o
    0x08005366   0x08005366   0x00000062   Code   RO          845    .text.MessageQueuePut  rtx_msgqueue.o
    0x080053c8   0x080053c8   0x0000001c   Code   RO          843    .text.MessageQueueRemove  rtx_msgqueue.o
    0x080053e4   0x080053e4   0x00000002   Code   RO          186    .text.NMI_Handler   stm32f4xx_it.o
    0x080053e6   0x080053e6   0x00000002   PAD
    0x080053e8   0x080053e8   0x0000000c   Code   RO         1325    .text.NOR0_DriverEvent  fs_config.o
    0x080053f4   0x080053f4   0x00000008   Code   RO         1135    .text.OS_Tick_AcknowledgeIRQ  os_systick.o
    0x080053fc   0x080053fc   0x00000024   Code   RO         1131    .text.OS_Tick_Enable  os_systick.o
    0x08005420   0x08005420   0x00000006   Code   RO         1137    .text.OS_Tick_GetIRQn  os_systick.o
    0x08005426   0x08005426   0x00000002   PAD
    0x08005428   0x08005428   0x0000003c   Code   RO         1129    .text.OS_Tick_Setup  os_systick.o
    0x08005464   0x08005464   0x00000052   Code   RO         1373    .text.SPI_EndRxTransaction  stm32f4xx_hal_spi.o
    0x080054b6   0x080054b6   0x00000002   PAD
    0x080054b8   0x080054b8   0x00000054   Code   RO         1367    .text.SPI_EndRxTxTransaction  stm32f4xx_hal_spi.o
    0x0800550c   0x0800550c   0x00000080   Code   RO         1465    .text.SPI_WaitFlagStateUntilTimeout  stm32f4xx_hal_spi.o
    0x0800558c   0x0800558c   0x00000084   Code   RO           85    .text.SystemClock_Config  main.o
    0x08005610   0x08005610   0x0000006c   Code   RO         2343    .text.SystemCoreClockUpdate  system_stm32f4xx.o
    0x0800567c   0x0800567c   0x0000004c   Code   RO         2341    .text.SystemInit    system_stm32f4xx.o
    0x080056c8   0x080056c8   0x0000000c   Code   RO          198    .text.TIM1_TRG_COM_TIM11_IRQHandler  stm32f4xx_it.o
    0x080056d4   0x080056d4   0x00000084   Code   RO         1914    .text.TIM_Base_SetConfig  stm32f4xx_hal_tim.o
    0x08005758   0x08005758   0x0000006a   Code   RO         1035    .text.ThreadFlagsCheck  rtx_thread.o
    0x080057c2   0x080057c2   0x00000002   PAD
    0x080057c4   0x080057c4   0x00000050   Code   RO         1104    .text.TimerInsert   rtx_timer.o
    0x08005814   0x08005814   0x0000017c   Code   RO         2232    .text.UART_SetConfig  stm32f4xx_hal_uart.o
    0x08005990   0x08005990   0x00000070   Code   RO           29    .text.USART2_IRQHandler  serial.o
    0x08005a00   0x08005a00   0x00000002   Code   RO          194    .text.UsageFault_Handler  stm32f4xx_it.o
    0x08005a02   0x08005a02   0x00000002   PAD
    0x08005a04   0x08005a04   0x000000d4   Code   RO           56    .text.W25Q64_WriteEnable  w25q64.o
    0x08005ad8   0x08005ad8   0x00000024   Code   RO         1773    .text.__NVIC_SetPriority  stm32f4xx_hal_cortex.o
    0x08005afc   0x08005afc   0x00000050   Code   RO          709    .text.__user_perthread_libspace  rtx_lib.o
    0x08005b4c   0x08005b4c   0x0000001a   Code   RO          715    .text._mutex_acquire  rtx_lib.o
    0x08005b66   0x08005b66   0x00000006   Code   RO          719    .text._mutex_free   rtx_lib.o
    0x08005b6c   0x08005b6c   0x00000020   Code   RO          713    .text._mutex_initialize  rtx_lib.o
    0x08005b8c   0x08005b8c   0x00000016   Code   RO          717    .text._mutex_release  rtx_lib.o
    0x08005ba2   0x08005ba2   0x00000004   Code   RO          707    .text._platform_post_stackheap_init  rtx_lib.o
    0x08005ba6   0x08005ba6   0x00000012   Code   RO         1213    .text._sys_close    retarget_io.o
    0x08005bb8   0x08005bb8   0x00000012   Code   RO         1223    .text._sys_flen     retarget_io.o
    0x08005bca   0x08005bca   0x00000010   Code   RO         1219    .text._sys_istty    retarget_io.o
    0x08005bda   0x08005bda   0x00000002   PAD
    0x08005bdc   0x08005bdc   0x00000060   Code   RO         1211    .text._sys_open     retarget_io.o
    0x08005c3c   0x08005c3c   0x00000022   Code   RO         1217    .text._sys_read     retarget_io.o
    0x08005c5e   0x08005c5e   0x00000014   Code   RO         1221    .text._sys_seek     retarget_io.o
    0x08005c72   0x08005c72   0x00000002   PAD
    0x08005c74   0x08005c74   0x00000024   Code   RO         1215    .text._sys_write    retarget_io.o
    0x08005c98   0x08005c98   0x00000120   Code   RO            2    .text.app_main      osmain.o
    0x08005db8   0x08005db8   0x00000080   Code   RO            4    .text.app_pwm       osmain.o
    0x08005e38   0x08005e38   0x00000046   Code   RO           21    .text.emHAL_UART_Transmit_DMA  serial.o
    0x08005e7e   0x08005e7e   0x00000002   PAD
    0x08005e80   0x08005e80   0x0000004c   Code   RO           23    .text.em_printf     serial.o
    0x08005ecc   0x08005ecc   0x00000004   Code   RO         1271    .text.fat_close     fs_config.o
    0x08005ed0   0x08005ed0   0x00000006   Code   RO         1279    .text.fat_flen      fs_config.o
    0x08005ed6   0x08005ed6   0x00000006   Code   RO         1259    .text.fat_handle_get  fs_config.o
    0x08005edc   0x08005edc   0x00000004   Code   RO         1261    .text.fat_init      fs_config.o
    0x08005ee0   0x08005ee0   0x00000004   Code   RO         1265    .text.fat_mount     fs_config.o
    0x08005ee4   0x08005ee4   0x00000004   Code   RO         1269    .text.fat_open      fs_config.o
    0x08005ee8   0x08005ee8   0x00000006   Code   RO         1273    .text.fat_read      fs_config.o
    0x08005eee   0x08005eee   0x00000004   Code   RO         1281    .text.fat_seek      fs_config.o
    0x08005ef2   0x08005ef2   0x00000006   Code   RO         1275    .text.fat_write     fs_config.o
    0x08005ef8   0x08005ef8   0x00000040   Code   RO         1253    .text.fs_config     fs_config.o
    0x08005f38   0x08005f38   0x00000050   Code   RO         1347    .text.fs_config_evr  fs_debug.o
    0x08005f88   0x08005f88   0x00000004   Code   RO         1245    .text.fs_get_rtos_tick_freq  fs_config.o
    0x08005f8c   0x08005f8c   0x00000012   Code   RO         1239    .text.fs_mutex_acquire  fs_config.o
    0x08005f9e   0x08005f9e   0x0000000e   Code   RO         1241    .text.fs_mutex_release  fs_config.o
    0x08005fac   0x08005fac   0x00000014   Code   RO         1247    .text.fs_set_rtos_delay  fs_config.o
    0x08005fc0   0x08005fc0   0x00000068   Code   RO           25    .text.initSerial    serial.o
    0x08006028   0x08006028   0x00000022   Code   RO           83    .text.main          main.o
    0x0800604a   0x0800604a   0x00000002   PAD
    0x0800604c   0x0800604c   0x00000038   Code   RO          231    .text.osDelay       rtx_delay.o
    0x08006084   0x08006084   0x0000002c   Code   RO          650    .text.osKernelGetState  rtx_kernel.o
    0x080060b0   0x080060b0   0x00000024   Code   RO          670    .text.osKernelGetTickFreq  rtx_kernel.o
    0x080060d4   0x080060d4   0x00000038   Code   RO          644    .text.osKernelInitialize  rtx_kernel.o
    0x0800610c   0x0800610c   0x00000034   Code   RO          654    .text.osKernelStart  rtx_kernel.o
    0x08006140   0x08006140   0x00000064   Code   RO            6    .text.osMain        osmain.o
    0x080061a4   0x080061a4   0x00000094   Code   RO          817    .text.osMessageQueueGet  rtx_msgqueue.o
    0x08006238   0x08006238   0x00000044   Code   RO          811    .text.osMessageQueueNew  rtx_msgqueue.o
    0x0800627c   0x0800627c   0x00000098   Code   RO          815    .text.osMessageQueuePut  rtx_msgqueue.o
    0x08006314   0x08006314   0x0000003c   Code   RO          874    .text.osMutexAcquire  rtx_mutex.o
    0x08006350   0x08006350   0x00000038   Code   RO          880    .text.osMutexDelete  rtx_mutex.o
    0x08006388   0x08006388   0x0000003c   Code   RO          870    .text.osMutexNew    rtx_mutex.o
    0x080063c4   0x080063c4   0x00000038   Code   RO          876    .text.osMutexRelease  rtx_mutex.o
    0x080063fc   0x080063fc   0x00000002   Code   RO         1159    .text.osRtxErrorNotify  rtx_config.o
    0x080063fe   0x080063fe   0x00000002   Code   RO         1157    .text.osRtxIdleThread  rtx_config.o
    0x08006400   0x08006400   0x00000002   Code   RO          642    .text.osRtxKernelPreInit  rtx_kernel.o
    0x08006402   0x08006402   0x0000008a   Code   RO          745    .text.osRtxMemoryAlloc  rtx_memory.o
    0x0800648c   0x0800648c   0x00000052   Code   RO          747    .text.osRtxMemoryFree  rtx_memory.o
    0x080064de   0x080064de   0x0000003e   Code   RO          743    .text.osRtxMemoryInit  rtx_memory.o
    0x0800651c   0x0800651c   0x00000044   Code   RO          760    .text.osRtxMemoryPoolAlloc  rtx_mempool.o
    0x08006560   0x08006560   0x00000056   Code   RO          762    .text.osRtxMemoryPoolFree  rtx_mempool.o
    0x080065b6   0x080065b6   0x0000004c   Code   RO          758    .text.osRtxMemoryPoolInit  rtx_mempool.o
    0x08006602   0x08006602   0x000000f2   Code   RO          841    .text.osRtxMessageQueuePostProcess  rtx_msgqueue.o
    0x080066f4   0x080066f4   0x0000005a   Code   RO          868    .text.osRtxMutexOwnerRelease  rtx_mutex.o
    0x0800674e   0x0800674e   0x00000002   PAD
    0x08006750   0x08006750   0x0000008c   Code   RO          940    .text.osRtxPendSV_Handler  rtx_system.o
    0x080067dc   0x080067dc   0x00000070   Code   RO          942    .text.osRtxPostProcess  rtx_system.o
    0x0800684c   0x0800684c   0x00000042   Code   RO          919    .text.osRtxSemaphorePostProcess  rtx_semaphore.o
    0x0800688e   0x0800688e   0x00000002   PAD
    0x08006890   0x08006890   0x00000038   Code   RO          975    .text.osRtxThreadBlock  rtx_thread.o
    0x080068c8   0x080068c8   0x00000084   Code   RO          983    .text.osRtxThreadDelayInsert  rtx_thread.o
    0x0800694c   0x0800694c   0x00000038   Code   RO          979    .text.osRtxThreadDelayRemove  rtx_thread.o
    0x08006984   0x08006984   0x000000b8   Code   RO          963    .text.osRtxThreadDelayTick  rtx_thread.o
    0x08006a3c   0x08006a3c   0x00000058   Code   RO          973    .text.osRtxThreadDispatch  rtx_thread.o
    0x08006a94   0x08006a94   0x00000058   Code   RO         1059    .text.osRtxThreadFree  rtx_thread.o
    0x08006aec   0x08006aec   0x00000014   Code   RO          955    .text.osRtxThreadListGet  rtx_thread.o
    0x08006b00   0x08006b00   0x0000002a   Code   RO          953    .text.osRtxThreadListPut  rtx_thread.o
    0x08006b2a   0x08006b2a   0x00000014   Code   RO          959    .text.osRtxThreadListRemove  rtx_thread.o
    0x08006b3e   0x08006b3e   0x0000000c   Code   RO          965    .text.osRtxThreadListRoot  rtx_thread.o
    0x08006b4a   0x08006b4a   0x00000028   Code   RO          957    .text.osRtxThreadListSort  rtx_thread.o
    0x08006b72   0x08006b72   0x0000003a   Code   RO         1033    .text.osRtxThreadPostProcess  rtx_thread.o
    0x08006bac   0x08006bac   0x00000014   Code   RO          961    .text.osRtxThreadReadyPut  rtx_thread.o
    0x08006bc0   0x08006bc0   0x00000014   Code   RO          967    .text.osRtxThreadRegPtr  rtx_thread.o
    0x08006bd4   0x08006bd4   0x00000024   Code   RO          971    .text.osRtxThreadStackCheck  rtx_thread.o
    0x08006bf8   0x08006bf8   0x00000038   Code   RO          985    .text.osRtxThreadStartup  rtx_thread.o
    0x08006c30   0x08006c30   0x00000020   Code   RO          969    .text.osRtxThreadSwitch  rtx_thread.o
    0x08006c50   0x08006c50   0x0000004c   Code   RO          981    .text.osRtxThreadWaitEnter  rtx_thread.o
    0x08006c9c   0x08006c9c   0x00000038   Code   RO          977    .text.osRtxThreadWaitExit  rtx_thread.o
    0x08006cd4   0x08006cd4   0x00000078   Code   RO          938    .text.osRtxTick_Handler  rtx_system.o
    0x08006d4c   0x08006d4c   0x00000040   Code   RO         1088    .text.osRtxTimerThread  rtx_timer.o
    0x08006d8c   0x08006d8c   0x00000058   Code   RO         1090    .text.osRtxTimerTick  rtx_timer.o
    0x08006de4   0x08006de4   0x00000080   Code   RO          907    .text.osSemaphoreAcquire  rtx_semaphore.o
    0x08006e64   0x08006e64   0x00000044   Code   RO          903    .text.osSemaphoreNew  rtx_semaphore.o
    0x08006ea8   0x08006ea8   0x0000008c   Code   RO          909    .text.osSemaphoreRelease  rtx_semaphore.o
    0x08006f34   0x08006f34   0x0000001c   Code   RO         1017    .text.osThreadExit  rtx_thread.o
    0x08006f50   0x08006f50   0x00000024   Code   RO          993    .text.osThreadGetId  rtx_thread.o
    0x08006f74   0x08006f74   0x00000044   Code   RO          989    .text.osThreadNew   rtx_thread.o
    0x08006fb8   0x08006fb8   0x00000020   Code   RO          711    .text.os_kernel_is_active  rtx_lib.o
    0x08006fd8   0x08006fd8   0x00000050   Code   RO           31    .text.registerSerial  serial.o
    0x08007028   0x08007028   0x00000046   Code   RO           27    .text.restartDMA    serial.o
    0x0800706e   0x0800706e   0x00000002   PAD
    0x08007070   0x08007070   0x00000024   Code   RO          235    .text.svcRtxDelay   rtx_delay.o
    0x08007094   0x08007094   0x00000014   Code   RO          652    .text.svcRtxKernelGetState  rtx_kernel.o
    0x080070a8   0x080070a8   0x00000014   Code   RO          672    .text.svcRtxKernelGetTickFreq  rtx_kernel.o
    0x080070bc   0x080070bc   0x00000154   Code   RO          682    .text.svcRtxKernelInitialize  rtx_kernel.o
    0x08007210   0x08007210   0x000000a0   Code   RO          684    .text.svcRtxKernelStart  rtx_kernel.o
    0x080072b0   0x080072b0   0x00000110   Code   RO          853    .text.svcRtxMessageQueueGet  rtx_msgqueue.o
    0x080073c0   0x080073c0   0x00000144   Code   RO          839    .text.svcRtxMessageQueueNew  rtx_msgqueue.o
    0x08007504   0x08007504   0x000000ec   Code   RO          849    .text.svcRtxMessageQueuePut  rtx_msgqueue.o
    0x080075f0   0x080075f0   0x000000d4   Code   RO          886    .text.svcRtxMutexAcquire  rtx_mutex.o
    0x080076c4   0x080076c4   0x000000c4   Code   RO          892    .text.svcRtxMutexDelete  rtx_mutex.o
    0x08007788   0x08007788   0x00000080   Code   RO          882    .text.svcRtxMutexNew  rtx_mutex.o
    0x08007808   0x08007808   0x000000e8   Code   RO          888    .text.svcRtxMutexRelease  rtx_mutex.o
    0x080078f0   0x080078f0   0x00000088   Code   RO          923    .text.svcRtxSemaphoreAcquire  rtx_semaphore.o
    0x08007978   0x08007978   0x0000009c   Code   RO          917    .text.svcRtxSemaphoreNew  rtx_semaphore.o
    0x08007a14   0x08007a14   0x00000086   Code   RO          925    .text.svcRtxSemaphoreRelease  rtx_semaphore.o
    0x08007a9a   0x08007a9a   0x00000002   PAD
    0x08007a9c   0x08007a9c   0x00000078   Code   RO         1063    .text.svcRtxThreadExit  rtx_thread.o
    0x08007b14   0x08007b14   0x00000014   Code   RO          995    .text.svcRtxThreadGetId  rtx_thread.o
    0x08007b28   0x08007b28   0x000001ec   Code   RO          987    .text.svcRtxThreadNew  rtx_thread.o
    0x08007d14   0x08007d14   0x0000003e   Code   RO         2981    CL$$btod_d2e        c_w.l(btod.o)
    0x08007d52   0x08007d52   0x00000046   Code   RO         2983    CL$$btod_d2e_denorm_low  c_w.l(btod.o)
    0x08007d98   0x08007d98   0x00000060   Code   RO         2982    CL$$btod_d2e_norm_op1  c_w.l(btod.o)
    0x08007df8   0x08007df8   0x00000338   Code   RO         2991    CL$$btod_div_common  c_w.l(btod.o)
    0x08008130   0x08008130   0x000000dc   Code   RO         2988    CL$$btod_e2e        c_w.l(btod.o)
    0x0800820c   0x0800820c   0x0000002a   Code   RO         2985    CL$$btod_ediv       c_w.l(btod.o)
    0x08008236   0x08008236   0x0000002a   Code   RO         2984    CL$$btod_emul       c_w.l(btod.o)
    0x08008260   0x08008260   0x00000244   Code   RO         2990    CL$$btod_mult_common  c_w.l(btod.o)
    0x080084a4   0x080084a4   0x0000000c   Code   RO         2359    i.EvrFsEFS_FileHandleInvalid  FS_Dbg_LFN_CM3_L.lib(fs_efs.o)
    0x080084b0   0x080084b0   0x00000010   Code   RO         2360    i.EvrFsEFS_FileName  FS_Dbg_LFN_CM3_L.lib(fs_efs.o)
    0x080084c0   0x080084c0   0x0000000c   Code   RO         2361    i.EvrFsEFS_FileNotOpened  FS_Dbg_LFN_CM3_L.lib(fs_efs.o)
    0x080084cc   0x080084cc   0x00000014   Code   RO         2362    i.EvrFsEFS_FlashReadFailed  FS_Dbg_LFN_CM3_L.lib(fs_efs.o)
    0x080084e0   0x080084e0   0x00000014   Code   RO         2363    i.EvrFsEFS_FlashReadTimeout  FS_Dbg_LFN_CM3_L.lib(fs_efs.o)
    0x080084f4   0x080084f4   0x00000030   Code   RO         3050    i.__ARM_fpclassify  m_wm.l(fpclassify.o)
    0x08008524   0x08008524   0x00000074   Code   RO         2549    i.__sys_close       FS_Dbg_LFN_CM3_L.lib(fs_sys.o)
    0x08008598   0x08008598   0x00000074   Code   RO         2551    i.__sys_flen        FS_Dbg_LFN_CM3_L.lib(fs_sys.o)
    0x0800860c   0x0800860c   0x000000b0   Code   RO         2552    i.__sys_open        FS_Dbg_LFN_CM3_L.lib(fs_sys.o)
    0x080086bc   0x080086bc   0x00000094   Code   RO         2553    i.__sys_read        FS_Dbg_LFN_CM3_L.lib(fs_sys.o)
    0x08008750   0x08008750   0x00000088   Code   RO         2554    i.__sys_seek        FS_Dbg_LFN_CM3_L.lib(fs_sys.o)
    0x080087d8   0x080087d8   0x00000088   Code   RO         2555    i.__sys_write       FS_Dbg_LFN_CM3_L.lib(fs_sys.o)
    0x08008860   0x08008860   0x0000000e   Code   RO         2690    i._is_digit         c_w.l(__printf_wp.o)
    0x0800886e   0x0800886e   0x00000012   Code   RO         2364    i.addr_of_block     FS_Dbg_LFN_CM3_L.lib(fs_efs.o)
    0x08008880   0x08008880   0x0000001c   Code   RO         2365    i.addr_of_sign      FS_Dbg_LFN_CM3_L.lib(fs_efs.o)
    0x0800889c   0x0800889c   0x0000006e   Code   RO         2366    i.block_erase       FS_Dbg_LFN_CM3_L.lib(fs_efs.o)
    0x0800890a   0x0800890a   0x00000218   Code   RO         2367    i.block_read        FS_Dbg_LFN_CM3_L.lib(fs_efs.o)
    0x08008b22   0x08008b22   0x00000080   Code   RO         2368    i.block_write       FS_Dbg_LFN_CM3_L.lib(fs_efs.o)
    0x08008ba2   0x08008ba2   0x0000009a   Code   RO         2375    i.efs_AllocBlock    FS_Dbg_LFN_CM3_L.lib(fs_efs.o)
    0x08008c3c   0x08008c3c   0x00000036   Code   RO         2376    i.efs_BlockInvalid  FS_Dbg_LFN_CM3_L.lib(fs_efs.o)
    0x08008c72   0x08008c72   0x00000008   Code   RO         2377    i.efs_DrvEvent      FS_Dbg_LFN_CM3_L.lib(fs_efs.o)
    0x08008c7a   0x08008c7a   0x00000002   PAD
    0x08008c7c   0x08008c7c   0x00000090   Code   RO         2380    i.efs_close         FS_Dbg_LFN_CM3_L.lib(fs_efs.o)
    0x08008d0c   0x08008d0c   0x0000004c   Code   RO         2384    i.efs_flen          FS_Dbg_LFN_CM3_L.lib(fs_efs.o)
    0x08008d58   0x08008d58   0x00000042   Code   RO         2388    i.efs_get_freeMem   FS_Dbg_LFN_CM3_L.lib(fs_efs.o)
    0x08008d9a   0x08008d9a   0x00000002   PAD
    0x08008d9c   0x08008d9c   0x0000004c   Code   RO         2389    i.efs_handle_get    FS_Dbg_LFN_CM3_L.lib(fs_efs.o)
    0x08008de8   0x08008de8   0x0000006c   Code   RO         2391    i.efs_init          FS_Dbg_LFN_CM3_L.lib(fs_efs.o)
    0x08008e54   0x08008e54   0x00000034   Code   RO         2392    i.efs_is_busy       FS_Dbg_LFN_CM3_L.lib(fs_efs.o)
    0x08008e88   0x08008e88   0x0000008a   Code   RO         2393    i.efs_mark_fileMem  FS_Dbg_LFN_CM3_L.lib(fs_efs.o)
    0x08008f12   0x08008f12   0x00000044   Code   RO         2394    i.efs_mark_freeMem  FS_Dbg_LFN_CM3_L.lib(fs_efs.o)
    0x08008f56   0x08008f56   0x00000002   PAD
    0x08008f58   0x08008f58   0x000000cc   Code   RO         2395    i.efs_mount         FS_Dbg_LFN_CM3_L.lib(fs_efs.o)
    0x08009024   0x08009024   0x00000150   Code   RO         2396    i.efs_open          FS_Dbg_LFN_CM3_L.lib(fs_efs.o)
    0x08009174   0x08009174   0x0000007e   Code   RO         2397    i.efs_rd            FS_Dbg_LFN_CM3_L.lib(fs_efs.o)
    0x080091f2   0x080091f2   0x00000002   PAD
    0x080091f4   0x080091f4   0x0000008c   Code   RO         2398    i.efs_read          FS_Dbg_LFN_CM3_L.lib(fs_efs.o)
    0x08009280   0x08009280   0x000000fc   Code   RO         2400    i.efs_seek          FS_Dbg_LFN_CM3_L.lib(fs_efs.o)
    0x0800937c   0x0800937c   0x0000003e   Code   RO         2403    i.efs_vol_chk       FS_Dbg_LFN_CM3_L.lib(fs_efs.o)
    0x080093ba   0x080093ba   0x00000126   Code   RO         2404    i.efs_wr            FS_Dbg_LFN_CM3_L.lib(fs_efs.o)
    0x080094e0   0x080094e0   0x00000098   Code   RO         2405    i.efs_write         FS_Dbg_LFN_CM3_L.lib(fs_efs.o)
    0x08009578   0x08009578   0x00000088   Code   RO         2406    i.falloc_read       FS_Dbg_LFN_CM3_L.lib(fs_efs.o)
    0x08009600   0x08009600   0x0000003c   Code   RO         2407    i.falloc_write      FS_Dbg_LFN_CM3_L.lib(fs_efs.o)
    0x0800963c   0x0800963c   0x00000018   Code   RO         3010    i.fgetc             c_w.l(fgetc.o)
    0x08009654   0x08009654   0x0000012a   Code   RO         2408    i.file_create       FS_Dbg_LFN_CM3_L.lib(fs_efs.o)
    0x0800977e   0x0800977e   0x00000098   Code   RO         2409    i.file_delete       FS_Dbg_LFN_CM3_L.lib(fs_efs.o)
    0x08009816   0x08009816   0x0000009c   Code   RO         2410    i.file_find         FS_Dbg_LFN_CM3_L.lib(fs_efs.o)
    0x080098b2   0x080098b2   0x0000005a   Code   RO         2411    i.file_id_alloc     FS_Dbg_LFN_CM3_L.lib(fs_efs.o)
    0x0800990c   0x0800990c   0x0000004a   Code   RO         2412    i.file_name_validate  FS_Dbg_LFN_CM3_L.lib(fs_efs.o)
    0x08009956   0x08009956   0x0000007e   Code   RO         2413    i.file_size_get     FS_Dbg_LFN_CM3_L.lib(fs_efs.o)
    0x080099d4   0x080099d4   0x00000058   Code   RO         2498    i.finit             FS_Dbg_LFN_CM3_L.lib(fs_mapi.o)
    0x08009a2c   0x08009a2c   0x00000064   Code   RO         2501    i.fmount            FS_Dbg_LFN_CM3_L.lib(fs_mapi.o)
    0x08009a90   0x08009a90   0x0000001a   Code   RO         3014    i.fputc             c_w.l(fputc.o)
    0x08009aaa   0x08009aaa   0x00000002   PAD
    0x08009aac   0x08009aac   0x000000a8   Code   RO         2505    i.fs_component_init  FS_Dbg_LFN_CM3_L.lib(fs_mapi.o)
    0x08009b54   0x08009b54   0x000000cc   Code   RO         2575    i.fs_drive_id       FS_Dbg_LFN_CM3_L.lib(fs_common.o)
    0x08009c20   0x08009c20   0x00000020   Code   RO         2576    i.fs_set_cdrive     FS_Dbg_LFN_CM3_L.lib(fs_common.o)
    0x08009c40   0x08009c40   0x00000016   Code   RO         2581    i.get_u32           FS_Dbg_LFN_CM3_L.lib(fs_common.o)
    0x08009c56   0x08009c56   0x00000086   Code   RO         2414    i.sign_read         FS_Dbg_LFN_CM3_L.lib(fs_efs.o)
    0x08009cdc   0x08009cdc   0x0000002a   Code   RO         2415    i.sign_write        FS_Dbg_LFN_CM3_L.lib(fs_efs.o)
    0x08009d06   0x08009d06   0x00000002   PAD
    0x08009d08   0x08009d08   0x0000002c   Code   RO         3034    locale$$code        c_w.l(lc_numeric_c.o)
    0x08009d34   0x08009d34   0x0000002c   Code   RO         3157    locale$$code        c_w.l(lc_ctype_c.o)
    0x08009d60   0x08009d60   0x0000001a   Code   RO         3045    x$fpl$fpinit        fz_wm.l(fpinit.o)
    0x08009d7a   0x08009d7a   0x00000004   Code   RO         2733    x$fpl$printf1       fz_wm.l(printf1.o)
    0x08009d7e   0x08009d7e   0x00000004   Code   RO         2916    x$fpl$printf2       fz_wm.l(printf2.o)
    0x08009d82   0x08009d82   0x00000000   Code   RO         3049    x$fpl$usenofp       fz_wm.l(usenofp.o)
    0x08009d82   0x08009d82   0x00000011   Data   RO         2698    .constdata          c_w.l(__printf_flags_ss_wp.o)
    0x08009d93   0x08009d93   0x00000001   PAD
    0x08009d94   0x08009d94   0x00000008   Data   RO         2794    .constdata          c_w.l(_printf_wctomb.o)
    0x08009d9c   0x08009d9c   0x00000028   Data   RO         2823    .constdata          c_w.l(_printf_hex_int_ll_ptr.o)
    0x08009dc4   0x08009dc4   0x00000026   Data   RO         2966    .constdata          c_w.l(_printf_fp_hex.o)
    0x08009dea   0x08009dea   0x00000002   PAD
    0x08009dec   0x08009dec   0x00000094   Data   RO         2979    .constdata          c_w.l(bigflt0.o)
    0x08009e80   0x08009e80   0x000000a0   Data   RO          725    .rodata             rtx_lib.o
    0x08009f20   0x08009f20   0x00000010   Data   RO         2346    .rodata.AHBPrescTable  system_stm32f4xx.o
    0x08009f30   0x08009f30   0x00000008   Data   RO         2347    .rodata.APBPrescTable  system_stm32f4xx.o
    0x08009f38   0x08009f38   0x0000002c   Data   RO           73    .rodata.Driver_Flash0  w25q64.o
    0x08009f64   0x08009f64   0x00000018   Data   RO         1201    .rodata.EventRecorderInfo  eventrecorder.o
    0x08009f7c   0x08009f7c   0x00000018   Data   RO           72    .rodata.FlashInfo   w25q64.o
    0x08009f94   0x08009f94   0x00000008   Data   RO         1227    .rodata.__stderr_name  retarget_io.o
    0x08009f9c   0x08009f9c   0x00000007   Data   RO         1225    .rodata.__stdin_name  retarget_io.o
    0x08009fa3   0x08009fa3   0x00000008   Data   RO         1226    .rodata.__stdout_name  retarget_io.o
    0x08009fab   0x08009fab   0x00000001   PAD
    0x08009fac   0x08009fac   0x00000008   Data   RO         1332    .rodata.fs_DevPool  fs_config.o
    0x08009fb4   0x08009fb4   0x00000001   Data   RO         1328    .rodata.fs_efs_fh_cnt  fs_config.o
    0x08009fb5   0x08009fb5   0x00000001   Data   RO         1327    .rodata.fs_fat_fh_cnt  fs_config.o
    0x08009fb6   0x08009fb6   0x00000001   Data   RO         1329    .rodata.fs_ndrv     fs_config.o
    0x08009fb7   0x08009fb7   0x00000001   PAD
    0x08009fb8   0x08009fb8   0x00000008   Data   RO         1336    .rodata.fs_nor0_flash_tout  fs_config.o
    0x08009fc0   0x08009fc0   0x00000010   Data   RO         1335    .rodata.fs_nor0_mtx_at  fs_config.o
    0x08009fd0   0x08009fd0   0x00000004   Data   RO          727    .rodata.osRtxUserSVC  rtx_lib.o
    0x08009fd4   0x08009fd4   0x00000024   Data   RO          722    .rodata.os_idle_thread_attr  rtx_lib.o
    0x08009ff8   0x08009ff8   0x00000018   Data   RO          724    .rodata.os_timer_mq_attr  rtx_lib.o
    0x0800a010   0x0800a010   0x00000024   Data   RO          723    .rodata.os_timer_thread_attr  rtx_lib.o
    0x0800a034   0x0800a034   0x0000000d   Data   RO            8    .rodata.str1.1      osmain.o
    0x0800a041   0x0800a041   0x00000003   PAD
    0x0800a044   0x0800a044   0x0000000b   Data   RO          696    .rodata.str1.4      rtx_kernel.o
    0x0800a04f   0x0800a04f   0x00000001   PAD
    0x0800a050   0x0800a050   0x00000020   Data   RO         3201    Region$$Table       anon$$obj.o
    0x0800a070   0x0800a070   0x0000001c   Data   RO         3033    locale$$data        c_w.l(lc_numeric_c.o)
    0x0800a08c   0x0800a08c   0x00000110   Data   RO         3156    locale$$data        c_w.l(lc_ctype_c.o)


    Execution Region RW_IRAM1 (Exec base: 0x20000000, Load base: 0x0800a1c0, Size: 0x00007808, Max: 0x00020000, ABSOLUTE)

    Exec Addr    Load Addr    Size         Type   Attr      Idx    E Section Name        Object

    0x20000000   0x0800a1c0   0x00000001   Data   RW         2510    .data               FS_Dbg_LFN_CM3_L.lib(fs_mapi.o)
    0x20000001   0x0800a1c1   0x00000001   Data   RW         2584    .data               FS_Dbg_LFN_CM3_L.lib(fs_common.o)
    0x20000002   0x0800a1c2   0x00000002   PAD
    0x20000004   0x0800a1c4   0x00000004   Data   RW         2858    .data               c_w.l(streamlock.o)
    0x20000008   0x0800a1c8   0x00000004   Data   RW         2862    .data               c_w.l(stdio_streams.o)
    0x2000000c   0x0800a1cc   0x00000004   Data   RW         2863    .data               c_w.l(stdio_streams.o)
    0x20000010   0x0800a1d0   0x00000004   Data   RW         2864    .data               c_w.l(stdio_streams.o)
    0x20000014   0x0800a1d4   0x00000008   Data   RW         1873    .data..L_MergedGlobals  stm32f4xx_hal.o
    0x2000001c   0x0800a1dc   0x00000004   Data   RW         2345    .data.SystemCoreClock  system_stm32f4xx.o
    0x20000020   0x0800a1e0   0x00000004   Data   RW           70    .data.flash_spi     w25q64.o
    0x20000024   0x0800a1e4   0x000000a4   Data   RW          697    .data.os            rtx_kernel.o
    0x200000c8   0x0800a288   0x00000038   PAD
    0x20000100        -       0x00000054   Zero   RW         2859    .bss                c_w.l(stdio_streams.o)
    0x20000154        -       0x00000054   Zero   RW         2860    .bss                c_w.l(stdio_streams.o)
    0x200001a8        -       0x00000054   Zero   RW         2861    .bss                c_w.l(stdio_streams.o)
    0x200001fc        -       0x00000060   Zero   RW         2927    .bss                c_w.l(libspace.o)
    0x2000025c        -       0x0000000c   Zero   RW           11    .bss..L_MergedGlobals  osmain.o
    0x20000268        -       0x00000008   Zero   RW           34    .bss..L_MergedGlobals  serial.o
    0x20000270        -       0x00000004   Zero   RW           71    .bss.FlashStatus    w25q64.o
    0x20000274        -       0x00000001   Zero   RW         1147    .bss.PendST         os_systick.o
    0x20000275   0x0800a288   0x00000003   PAD
    0x20000278        -       0x00000070   Zero   RW         1334    .bss.fs_efs_fh      fs_config.o
    0x200002e8        -       0x00000024   Zero   RW         1333    .bss.fs_fat_fh      fs_config.o
    0x2000030c        -       0x00000004   Zero   RW         1330    .bss.fs_ms_rtos_tick  fs_config.o
    0x20000310        -       0x00000038   Zero   RW         1331    .bss.fs_nor0_vol    fs_config.o
    0x20000348        -       0x00000060   Zero   RW          173    .bss.hdma_usart1_rx  usart.o
    0x200003a8        -       0x00000060   Zero   RW          174    .bss.hdma_usart1_tx  usart.o
    0x20000408        -       0x00000060   Zero   RW          175    .bss.hdma_usart2_rx  usart.o
    0x20000468        -       0x00000060   Zero   RW          176    .bss.hdma_usart2_tx  usart.o
    0x200004c8        -       0x00000058   Zero   RW          128    .bss.hspi2          spi.o
    0x20000520        -       0x00000040   Zero   RW          153    .bss.htim11         stm32f4xx_hal_timebase_tim.o
    0x20000560        -       0x00000040   Zero   RW          171    .bss.huart1         usart.o
    0x200005a0        -       0x00000040   Zero   RW          172    .bss.huart2         usart.o
    0x200005e0   0x0800a288   0x00000020   PAD
    0x20000600        -       0x000004a4   Zero   RW         1200    .bss.noinit         eventrecorder.o
    0x20000aa4   0x0800a288   0x00000004   PAD
    0x20000aa8        -       0x00001040   Zero   RW          721    .bss.os             rtx_lib.o
    0x20001ae8        -       0x000001f0   Zero   RW          728    .bss.os.libspace    rtx_lib.o
    0x20001cd8        -       0x00000034   Zero   RW          731    .bss.os.msgqueue.cb  rtx_lib.o
    0x20001d0c        -       0x00000050   Zero   RW          732    .bss.os.msgqueue.mem  rtx_lib.o
    0x20001d5c        -       0x0000001c   Zero   RW         1337    .bss.os.mutex.cb    fs_config.o
    0x20001d78        -       0x00000088   Zero   RW          729    .bss.os.thread.cb   rtx_lib.o
    0x20001e00        -       0x00000200   Zero   RW          730    .bss.os.thread.stack  rtx_lib.o
    0x20002000        -       0x00000001   Zero   RW          733    .bss.os_kernel_is_active.os_kernel_active  rtx_lib.o
    0x20002001   0x0800a288   0x00000003   PAD
    0x20002004        -       0x00000004   Zero   RW         1872    .bss.uwTick         stm32f4xx_hal.o
    0x20002008        -       0x00005000   Zero   RW          217    HEAP                startup_stm32f411xe.o
    0x20007008        -       0x00000800   Zero   RW          216    STACK               startup_stm32f411xe.o


==============================================================================

Image component sizes


      Code (inc. data)   RO Data    RW Data    ZI Data      Debug   Object Name

       112          8          0          0          0       2930   dma.o
      1384         64         24          0       1188       9447   eventrecorder.o
       176         28         35          0        236      14126   fs_config.o
        80          8          0          0          0        756   fs_debug.o
       212         16          0          0          0       2266   gpio.o
       196         12          0          0          0        660   irq_cm4f.o
       188         12          0          0          0       5313   main.o
       110         16          0          0          1       4119   os_systick.o
       516        172         13          0         12       5184   osmain.o
       238         24         23          0          0       2142   retarget_io.o
         4          0          0          0          0        789   rtx_config.o
        92          4          0          0          0       4258   rtx_delay.o
      1190        248          0          0          0      34523   rtx_evr.o
       730         40         11        164          0      17393   rtx_kernel.o
       202         12        260          0       5437       7123   rtx_lib.o
       282          0          0          0          0       2701   rtx_memory.o
       230          0          0          0          0      15295   rtx_mempool.o
      1636         24          0          0          0      18926   rtx_msgqueue.o
      1090         24          0          0          0       9967   rtx_mutex.o
       828         20          0          0          0      11603   rtx_semaphore.o
       372         18          0          0          0       5570   rtx_system.o
      1962         74          0          0          0      34211   rtx_thread.o
       232         16          0          0          0      10936   rtx_timer.o
       512         52          0          0          8       5555   serial.o
       216         20          0          0         88       4980   spi.o
        64         26        408          0      22528        876   startup_stm32f411xe.o
        84         12          0          8          4       6869   stm32f4xx_hal.o
       156         20          0          0          0       9364   stm32f4xx_hal_cortex.o
       344         16          0          0          0       8321   stm32f4xx_hal_dma.o
       632         20          0          0          0       4921   stm32f4xx_hal_gpio.o
        56          4          0          0          0       1540   stm32f4xx_hal_msp.o
      1216         44          0          0          0       7107   stm32f4xx_hal_rcc.o
      1544          4          0          0          0      19199   stm32f4xx_hal_spi.o
       588         28          0          0          0      35463   stm32f4xx_hal_tim.o
         4          0          0          0          0      13665   stm32f4xx_hal_tim_ex.o
       120         16          0          0         64       6283   stm32f4xx_hal_timebase_tim.o
       472         12          0          0          0      15876   stm32f4xx_hal_uart.o
        24          4          0          0          0        917   stm32f4xx_it.o
       184         36         24          4          0       2686   system_stm32f4xx.o
       552         36          0          0        512       6849   usart.o
      1760        160         68          4          4       8919   w25q64.o

    ----------------------------------------------------------------------
     20628       1350        904        180      30180     379628   Object Totals
         0          0         32          0          0          0   (incl. Generated)
        38          0          6          0         98          0   (incl. Padding)

    ----------------------------------------------------------------------

      Code (inc. data)   RO Data    RW Data    ZI Data      Debug   Library Member Name

       258         24          0          1          0        220   fs_common.o
      4678        110          0          0          0       3212   fs_efs.o
       356         52          0          1          0        252   fs_mapi.o
       828         78          0          0          0        496   fs_sys.o
        24          0          0          0          0         84   __0fscanf.o
        60          8          0          0          0         84   __0sscanf.o
        20          0          0          0          0         84   __2fprintf.o
         8          0          0          0          0         68   __main.o
       392          4         17          0          0         92   __printf_flags_ss_wp.o
        14          0          0          0          0         68   __printf_wp.o
         0          0          0          0          0          0   __rtentry.o
        20          0          0          0          0          0   __rtentry2.o
         6          0          0          0          0          0   __rtentry4.o
        52          8          0          0          0          0   __scatter.o
        26          0          0          0          0          0   __scatter_copy.o
        28          0          0          0          0          0   __scatter_zi.o
        72          0          0          0          0         96   _c16rtomb.o
        28          0          0          0          0         68   _chval.o
         6          0          0          0          0          0   _printf_a.o
         6          0          0          0          0          0   _printf_c.o
        44          0          0          0          0        108   _printf_char.o
        48          6          0          0          0         96   _printf_char_common.o
        64          6          0          0          0         84   _printf_char_file_locked.o
        40          0          0          0          0         68   _printf_charcount.o
         6          0          0          0          0          0   _printf_d.o
       120         16          0          0          0         92   _printf_dec.o
         6          0          0          0          0          0   _printf_e.o
         6          0          0          0          0          0   _printf_f.o
      1052          0          0          0          0        148   _printf_fp_dec.o
       764          8         38          0          0        100   _printf_fp_hex.o
       128         16          0          0          0         84   _printf_fp_infnan.o
         6          0          0          0          0          0   _printf_g.o
       148          4         40          0          0        160   _printf_hex_int_ll_ptr.o
         6          0          0          0          0          0   _printf_i.o
       178          0          0          0          0         88   _printf_intcommon.o
        10          0          0          0          0          0   _printf_l.o
         6          0          0          0          0          0   _printf_lc.o
        10          0          0          0          0          0   _printf_ll.o
         6          0          0          0          0          0   _printf_lld.o
         6          0          0          0          0          0   _printf_lli.o
         6          0          0          0          0          0   _printf_llo.o
         6          0          0          0          0          0   _printf_llu.o
         6          0          0          0          0          0   _printf_llx.o
       124         16          0          0          0         92   _printf_longlong_dec.o
         6          0          0          0          0          0   _printf_ls.o
         6          0          0          0          0          0   _printf_n.o
         6          0          0          0          0          0   _printf_o.o
       112          8          0          0          0        124   _printf_oct_int_ll.o
         6          0          0          0          0          0   _printf_p.o
        78          0          0          0          0        108   _printf_pad.o
         0          0          0          0          0          0   _printf_percent.o
         4          0          0          0          0          0   _printf_percent_end.o
         6          0          0          0          0          0   _printf_s.o
        82          0          0          0          0         80   _printf_str.o
        36          0          0          0          0         84   _printf_truncate.o
         6          0          0          0          0          0   _printf_u.o
        44          0          0          0          0        108   _printf_wchar.o
       188          6          8          0          0         92   _printf_wctomb.o
         6          0          0          0          0          0   _printf_x.o
       884          6          0          0          0        100   _scanf.o
       332          0          0          0          0         96   _scanf_int.o
       224          0          0          0          0         96   _scanf_str.o
        64          0          0          0          0         84   _sgetc.o
        16          0          0          0          0         68   _snputc.o
        10          0          0          0          0         68   _sputc.o
        72          0          0          0          0         92   backspace.o
       228          4        148          0          0         96   bigflt0.o
      1936        128          0          0          0        672   btod.o
        10          0          0          0          0         68   defsig_exit.o
        50          0          0          0          0         88   defsig_general.o
        80         58          0          0          0         76   defsig_rtmem_inner.o
        14          0          0          0          0         80   defsig_rtmem_outer.o
        52         38          0          0          0         76   defsig_rtred_inner.o
        14          0          0          0          0         80   defsig_rtred_outer.o
        18          0          0          0          0         80   exit.o
        76          0          0          0          0         88   fclose.o
       144         10          0          0          0        128   fflush_locked.o
        24          0          0          0          0         68   fgetc.o
       570          0          0          0          0        132   filbuf.o
       470          0          0          0          0         88   flsbuf.o
        92          8          0          0          0         88   flushlinebuffered_locked.o
       324          8          0          0          0        152   fopen_locked.o
        26          0          0          0          0         68   fputc.o
       248          6          0          0          0         84   fseek.o
        66          0          0          0          0         76   ftell.o
       166          0          0          0          0        144   h1_alloc_threads.o
        82          0          0          0          0        104   h1_extend_threads.o
        10          0          0          0          0         76   h1_final_threads.o
       118          0          0          0          0        108   h1_free_threads.o
        18          0          0          0          0         84   h1_init_threads.o
         6          0          0          0          0        152   heapauxi.o
         4          0          0          0          0        136   hguard.o
         0          0          0          0          0          0   indicate_semi.o
       138          0          0          0          0        168   init_alloc.o
       456         48          0          0          0        116   initio_locked.o
        18          0          0          0          0         76   isspace.o
        44         10        272          0          0         76   lc_ctype_c.o
        44         10         28          0          0         76   lc_numeric_c.o
         2          0          0          0          0          0   libinit.o
        46          0          0          0          0          0   libinit2.o
         2          0          0          0          0          0   libshutdown.o
        10          0          0          0          0          0   libshutdown2.o
         8          4          0          0         96         68   libspace.o
       138          0          0          0          0         80   lludiv10.o
       238          0          0          0          0        100   lludivv7m.o
         0          0          0          0          0          0   maybetermalloc2.o
        16          4          0          0          0         76   rt_ctype_table.o
         4          0          0          0          0         68   rt_errno_addr_twolibspace.o
        10          0          0          0          0         76   rt_heap_descriptor_twolibspace.o
        10          0          0          0          0         76   rt_locale_twolibspace.o
        68          0          0          0          0         68   rt_memclr.o
        78          0          0          0          0         80   rt_memclr_w.o
       138          0          0          0          0         68   rt_memcpy_v6.o
       100          0          0          0          0         80   rt_memcpy_w.o
         2          0          0          0          0          0   rtexit.o
        10          0          0          0          0          0   rtexit2.o
        44          8          0          0          0         84   scanf_char.o
        64          8          0          0          0         84   scanf_char_file_locked.o
       104          0          0          0          0         88   setvbuf_locked.o
       240          6          0          0          0        156   stdio.o
         0          0          0         12        252          0   stdio_streams.o
       124          0          0          0          0         88   strcmpv7em.o
         0          0          0          4          0          0   streamlock.o
        62          0          0          0          0         76   strlen.o
        12          4          0          0          0         68   sys_exit.o
        74          0          0          0          0         80   sys_stackheap_outer.o
        14          0          0          0          0         76   sys_wrch.o
        16          0          0          0          0         80   term_alloc.o
        72         12          0          0          0         68   ungetc.o
         2          0          0          0          0         68   use_no_semi.o
        52          4          0          0          0         80   vsnprintf.o
        26          0          0          0          0        116   fpinit.o
         4          0          0          0          0        116   printf1.o
         4          0          0          0          0        116   printf2.o
         0          0          0          0          0          0   usenofp.o
        48          0          0          0          0        124   fpclassify.o

    ----------------------------------------------------------------------
     19286        754        554         20        348      13156   Library Totals
        32          0          3          2          0          0   (incl. Padding)

    ----------------------------------------------------------------------

      Code (inc. data)   RO Data    RW Data    ZI Data      Debug   Library Name

      6120        264          0          2          0       4180   FS_Dbg_LFN_CM3_L.lib
     13052        490        551         16        348       8504   c_w.l
        34          0          0          0          0        348   fz_wm.l
        48          0          0          0          0        124   m_wm.l

    ----------------------------------------------------------------------
     19286        754        554         20        348      13156   Library Totals

    ----------------------------------------------------------------------

==============================================================================


      Code (inc. data)   RO Data    RW Data    ZI Data      Debug   

     39914       2104       1458        200      30528     384596   Grand Totals
     39914       2104       1458        200      30528     384596   ELF Image Totals
     39914       2104       1458        200          0          0   ROM Totals

==============================================================================

    Total RO  Size (Code + RO Data)                41372 (  40.40kB)
    Total RW  Size (RW Data + ZI Data)             30728 (  30.01kB)
    Total ROM Size (Code + RO Data + RW Data)      41572 (  40.60kB)

==============================================================================

