Component: ARM Compiler 6.12 Tool: armlink [5d624300]

==============================================================================

Section Cross References

    startup_stm32f411xe.o(STACK) refers (Special) to heapauxi.o(.text) for __use_two_region_memory
    startup_stm32f411xe.o(HEAP) refers (Special) to heapauxi.o(.text) for __use_two_region_memory
    startup_stm32f411xe.o(RESET) refers (Special) to heapauxi.o(.text) for __use_two_region_memory
    startup_stm32f411xe.o(RESET) refers to startup_stm32f411xe.o(STACK) for __initial_sp
    startup_stm32f411xe.o(RESET) refers to startup_stm32f411xe.o(.text) for Reset_Handler
    startup_stm32f411xe.o(RESET) refers to stm32f4xx_it.o(.text.NMI_Handler) for NMI_Handler
    startup_stm32f411xe.o(RESET) refers to stm32f4xx_it.o(.text.HardFault_Handler) for HardFault_Handler
    startup_stm32f411xe.o(RESET) refers to stm32f4xx_it.o(.text.MemManage_Handler) for MemManage_Handler
    startup_stm32f411xe.o(RESET) refers to stm32f4xx_it.o(.text.BusFault_Handler) for BusFault_Handler
    startup_stm32f411xe.o(RESET) refers to stm32f4xx_it.o(.text.UsageFault_Handler) for UsageFault_Handler
    startup_stm32f411xe.o(RESET) refers to stm32f4xx_it.o(.text.SVC_Handler) for SVC_Handler
    startup_stm32f411xe.o(RESET) refers to stm32f4xx_it.o(.text.DebugMon_Handler) for DebugMon_Handler
    startup_stm32f411xe.o(RESET) refers to stm32f4xx_it.o(.text.PendSV_Handler) for PendSV_Handler
    startup_stm32f411xe.o(RESET) refers to stm32f4xx_it.o(.text.SysTick_Handler) for SysTick_Handler
    startup_stm32f411xe.o(RESET) refers to stm32f4xx_it.o(.text.TIM1_TRG_COM_TIM11_IRQHandler) for TIM1_TRG_COM_TIM11_IRQHandler
    startup_stm32f411xe.o(RESET) refers to serial.o(.text.USART1_IRQHandler) for USART1_IRQHandler
    startup_stm32f411xe.o(RESET) refers to stm32f4xx_it.o(.text.DMA2_Stream2_IRQHandler) for DMA2_Stream2_IRQHandler
    startup_stm32f411xe.o(RESET) refers to stm32f4xx_it.o(.text.DMA2_Stream7_IRQHandler) for DMA2_Stream7_IRQHandler
    startup_stm32f411xe.o(.text) refers (Special) to heapauxi.o(.text) for __use_two_region_memory
    startup_stm32f411xe.o(.text) refers to system_stm32f4xx.o(.text.SystemInit) for SystemInit
    startup_stm32f411xe.o(.text) refers to __main.o(!!!main) for __main
    startup_stm32f411xe.o(.text) refers to startup_stm32f411xe.o(HEAP) for Heap_Mem
    startup_stm32f411xe.o(.text) refers to startup_stm32f411xe.o(STACK) for Stack_Mem
    main.o(.text.main) refers to stm32f4xx_hal.o(.text.HAL_Init) for HAL_Init
    main.o(.text.main) refers to main.o(.text.SystemClock_Config) for SystemClock_Config
    main.o(.text.main) refers to gpio.o(.text.MX_GPIO_Init) for MX_GPIO_Init
    main.o(.text.main) refers to dma.o(.text.MX_DMA_Init) for MX_DMA_Init
    main.o(.text.main) refers to usart.o(.text.MX_USART1_UART_Init) for MX_USART1_UART_Init
    main.o(.text.main) refers to serial.o(.text.initSerial) for initSerial
    main.o(.text.main) refers to stm32f4xx_hal_gpio.o(.text.HAL_GPIO_TogglePin) for HAL_GPIO_TogglePin
    main.o(.text.main) refers to serial.o(.text.em_printf) for em_printf
    main.o(.text.main) refers to usart.o(.bss.huart1) for huart1
    main.o(.text.main) refers to serial.o(.bss..L_MergedGlobals) for rex_recv
    main.o(.text.main) refers to serial.o(.bss.recvbuf) for recvbuf
    main.o(.ARM.exidx.text.main) refers to main.o(.text.main) for [Anonymous Symbol]
    main.o(.text.SystemClock_Config) refers to rt_memclr_w.o(.text) for __aeabi_memclr4
    main.o(.text.SystemClock_Config) refers to stm32f4xx_hal_rcc.o(.text.HAL_RCC_OscConfig) for HAL_RCC_OscConfig
    main.o(.text.SystemClock_Config) refers to stm32f4xx_hal_rcc.o(.text.HAL_RCC_ClockConfig) for HAL_RCC_ClockConfig
    main.o(.ARM.exidx.text.SystemClock_Config) refers to main.o(.text.SystemClock_Config) for [Anonymous Symbol]
    main.o(.ARM.exidx.text.Error_Handler) refers to main.o(.text.Error_Handler) for [Anonymous Symbol]
    main.o(.text.HAL_TIM_PeriodElapsedCallback) refers to stm32f4xx_hal.o(.text.HAL_IncTick) for HAL_IncTick
    main.o(.ARM.exidx.text.HAL_TIM_PeriodElapsedCallback) refers to main.o(.text.HAL_TIM_PeriodElapsedCallback) for [Anonymous Symbol]
    gpio.o(.text.MX_GPIO_Init) refers to stm32f4xx_hal_gpio.o(.text.HAL_GPIO_WritePin) for HAL_GPIO_WritePin
    gpio.o(.text.MX_GPIO_Init) refers to stm32f4xx_hal_gpio.o(.text.HAL_GPIO_Init) for HAL_GPIO_Init
    gpio.o(.ARM.exidx.text.MX_GPIO_Init) refers to gpio.o(.text.MX_GPIO_Init) for [Anonymous Symbol]
    dma.o(.text.MX_DMA_Init) refers to stm32f4xx_hal_cortex.o(.text.HAL_NVIC_SetPriority) for HAL_NVIC_SetPriority
    dma.o(.text.MX_DMA_Init) refers to stm32f4xx_hal_cortex.o(.text.HAL_NVIC_EnableIRQ) for HAL_NVIC_EnableIRQ
    dma.o(.ARM.exidx.text.MX_DMA_Init) refers to dma.o(.text.MX_DMA_Init) for [Anonymous Symbol]
    usart.o(.text.MX_USART1_UART_Init) refers to stm32f4xx_hal_uart.o(.text.HAL_UART_Init) for HAL_UART_Init
[...]
    .text                                    0x080014e8   Section      124  strcmpv7em.o(.text)
    .text                                    0x08001564   Section        0  sys_exit.o(.text)
    .text                                    0x08001570   Section        2  use_no_semi.o(.text)
    [Anonymous Symbol]                       0x08001572   Section        0  stm32f4xx_it.o(.text.BusFault_Handler)
    .text                                    0x08001572   Section        0  indicate_semi.o(.text)
    [Anonymous Symbol]                       0x08001574   Section        0  stm32f4xx_it.o(.text.DMA2_Stream2_IRQHandler)
    __arm_cp.10_0                            0x0800157c   Number         4  stm32f4xx_it.o(.text.DMA2_Stream2_IRQHandler)
    [Anonymous Symbol]                       0x08001580   Section        0  stm32f4xx_it.o(.text.DMA2_Stream7_IRQHandler)
    __arm_cp.11_0                            0x08001588   Number         4  stm32f4xx_it.o(.text.DMA2_Stream7_IRQHandler)
    DMA_CalcBaseAndBitshift                  0x0800158d   Thumb Code    48  stm32f4xx_hal_dma.o(.text.DMA_CalcBaseAndBitshift)
    [Anonymous Symbol]                       0x0800158c   Section        0  stm32f4xx_hal_dma.o(.text.DMA_CalcBaseAndBitshift)
    DMA_CalcBaseAndBitshift.flagBitshiftOffset 0x080015b4   Number         0  stm32f4xx_hal_dma.o(.text.DMA_CalcBaseAndBitshift)
    DMA_SetConfig                            0x080015bd   Thumb Code    46  stm32f4xx_hal_dma.o(.text.DMA_SetConfig)
    [Anonymous Symbol]                       0x080015bc   Section        0  stm32f4xx_hal_dma.o(.text.DMA_SetConfig)
    [Anonymous Symbol]                       0x080015ea   Section        0  stm32f4xx_it.o(.text.DebugMon_Handler)
    [Anonymous Symbol]                       0x080015ec   Section        0  main.o(.text.Error_Handler)
    [Anonymous Symbol]                       0x080015f0   Section        0  stm32f4xx_hal_dma.o(.text.HAL_DMA_IRQHandler)
    __arm_cp.9_0                             0x0800175c   Number         4  stm32f4xx_hal_dma.o(.text.HAL_DMA_IRQHandler)
    [Anonymous Symbol]                       0x08001760   Section        0  stm32f4xx_hal_dma.o(.text.HAL_DMA_Init)
    __arm_cp.0_0                             0x08001884   Number         4  stm32f4xx_hal_dma.o(.text.HAL_DMA_Init)
    [Anonymous Symbol]                       0x08001888   Section        0  stm32f4xx_hal_dma.o(.text.HAL_DMA_Start_IT)
    [Anonymous Symbol]                       0x080018f4   Section        0  stm32f4xx_hal.o(.text.HAL_Delay)
    [Anonymous Symbol]                       0x08001914   Section        0  stm32f4xx_hal_gpio.o(.text.HAL_GPIO_Init)
    __arm_cp.0_0                             0x08001a88   Number         4  stm32f4xx_hal_gpio.o(.text.HAL_GPIO_Init)
    __arm_cp.0_1                             0x08001a8c   Number         4  stm32f4xx_hal_gpio.o(.text.HAL_GPIO_Init)
    __arm_cp.0_2                             0x08001a90   Number         4  stm32f4xx_hal_gpio.o(.text.HAL_GPIO_Init)
    __arm_cp.0_3                             0x08001a94   Number         4  stm32f4xx_hal_gpio.o(.text.HAL_GPIO_Init)
    __arm_cp.0_5                             0x08001a98   Number         4  stm32f4xx_hal_gpio.o(.text.HAL_GPIO_Init)
    [Anonymous Symbol]                       0x08001a9c   Section        0  stm32f4xx_hal_gpio.o(.text.HAL_GPIO_TogglePin)
    [Anonymous Symbol]                       0x08001aaa   Section        0  stm32f4xx_hal_gpio.o(.text.HAL_GPIO_WritePin)
    [Anonymous Symbol]                       0x08001ab4   Section        0  stm32f4xx_hal.o(.text.HAL_GetTick)
    [Anonymous Symbol]                       0x08001abc   Section        0  stm32f4xx_hal.o(.text.HAL_IncTick)
    __arm_cp.5_0                             0x08001acc   Number         4  stm32f4xx_hal.o(.text.HAL_IncTick)
    __arm_cp.5_1                             0x08001ad0   Number         4  stm32f4xx_hal.o(.text.HAL_IncTick)
    [Anonymous Symbol]                       0x08001ad4   Section        0  stm32f4xx_hal.o(.text.HAL_Init)
    __arm_cp.0_0                             0x08001b04   Number         4  stm32f4xx_hal.o(.text.HAL_Init)
    [Anonymous Symbol]                       0x08001b08   Section        0  stm32f4xx_hal_timebase_tim.o(.text.HAL_InitTick)
    __arm_cp.0_0                             0x08001b70   Number         4  stm32f4xx_hal_timebase_tim.o(.text.HAL_InitTick)
    __arm_cp.0_1                             0x08001b74   Number         4  stm32f4xx_hal_timebase_tim.o(.text.HAL_InitTick)
    __arm_cp.0_2                             0x08001b78   Number         4  stm32f4xx_hal_timebase_tim.o(.text.HAL_InitTick)
    __arm_cp.0_3                             0x08001b7c   Number         4  stm32f4xx_hal_timebase_tim.o(.text.HAL_InitTick)
    [Anonymous Symbol]                       0x08001b80   Section        0  stm32f4xx_hal_msp.o(.text.HAL_MspInit)
    __arm_cp.0_0                             0x08001bb4   Number         4  stm32f4xx_hal_msp.o(.text.HAL_MspInit)
    [Anonymous Symbol]                       0x08001bb8   Section        0  stm32f4xx_hal_cortex.o(.text.HAL_NVIC_EnableIRQ)
    __arm_cp.3_0                             0x08001bd0   Number         4  stm32f4xx_hal_cortex.o(.text.HAL_NVIC_EnableIRQ)
    [Anonymous Symbol]                       0x08001bd4   Section        0  stm32f4xx_hal_cortex.o(.text.HAL_NVIC_SetPriority)
    [Anonymous Symbol]                       0x08001c10   Section        0  stm32f4xx_hal_cortex.o(.text.HAL_NVIC_SetPriorityGrouping)
    __arm_cp.0_0                             0x08001c28   Number         4  stm32f4xx_hal_cortex.o(.text.HAL_NVIC_SetPriorityGrouping)
    __arm_cp.0_1                             0x08001c2c   Number         4  stm32f4xx_hal_cortex.o(.text.HAL_NVIC_SetPriorityGrouping)
    [Anonymous Symbol]                       0x08001c30   Section        0  stm32f4xx_hal_rcc.o(.text.HAL_RCC_ClockConfig)
    __arm_cp.2_0                             0x08001d48   Number         4  stm32f4xx_hal_rcc.o(.text.HAL_RCC_ClockConfig)
    __arm_cp.2_1                             0x08001d4c   Number         4  stm32f4xx_hal_rcc.o(.text.HAL_RCC_ClockConfig)
    [Anonymous Symbol]                       0x08001d50   Section        0  stm32f4xx_hal_rcc.o(.text.HAL_RCC_GetClockConfig)
    [Anonymous Symbol]                       0x08001d88   Section        0  stm32f4xx_hal_rcc.o(.text.HAL_RCC_GetPCLK1Freq)
    [Anonymous Symbol]                       0x08001d9c   Section        0  stm32f4xx_hal_rcc.o(.text.HAL_RCC_GetPCLK2Freq)
    __arm_cp.9_0                             0x08001db0   Number         4  stm32f4xx_hal_rcc.o(.text.HAL_RCC_GetPCLK2Freq)
    __arm_cp.9_1                             0x08001db4   Number         4  stm32f4xx_hal_rcc.o(.text.HAL_RCC_GetPCLK2Freq)
    __arm_cp.9_2                             0x08001db8   Number         4  stm32f4xx_hal_rcc.o(.text.HAL_RCC_GetPCLK2Freq)
    [Anonymous Symbol]                       0x08001dbc   Section        0  stm32f4xx_hal_rcc.o(.text.HAL_RCC_GetSysClockFreq)
    __arm_cp.3_0                             0x08001e0c   Number         4  stm32f4xx_hal_rcc.o(.text.HAL_RCC_GetSysClockFreq)
    __arm_cp.3_1                             0x08001e10   Number         4  stm32f4xx_hal_rcc.o(.text.HAL_RCC_GetSysClockFreq)
    __arm_cp.3_2                             0x08001e14   Number         4  stm32f4xx_hal_rcc.o(.text.HAL_RCC_GetSysClockFreq)
    [Anonymous Symbol]                       0x08001e18   Section        0  stm32f4xx_hal_rcc.o(.text.HAL_RCC_OscConfig)
    __arm_cp.1_0                             0x080020e4   Number         4  stm32f4xx_hal_rcc.o(.text.HAL_RCC_OscConfig)
    __arm_cp.1_1                             0x080020e8   Number         4  stm32f4xx_hal_rcc.o(.text.HAL_RCC_OscConfig)
    __arm_cp.1_2                             0x080020ec   Number         4  stm32f4xx_hal_rcc.o(.text.HAL_RCC_OscConfig)
    [Anonymous Symbol]                       0x080020f0   Section        0  stm32f4xx_hal_tim_ex.o(.text.HAL_TIMEx_BreakCallback)
    [Anonymous Symbol]                       0x080020f2   Section        0  stm32f4xx_hal_tim_ex.o(.text.HAL_TIMEx_CommutCallback)
    [Anonymous Symbol]                       0x080020f4   Section        0  stm32f4xx_hal_tim.o(.text.HAL_TIM_Base_Init)
    [Anonymous Symbol]                       0x08002128   Section        0  stm32f4xx_hal_tim.o(.text.HAL_TIM_Base_MspInit)
    [Anonymous Symbol]                       0x0800212a   Section        0  stm32f4xx_hal_tim.o(.text.HAL_TIM_Base_Start_IT)
    [Anonymous Symbol]                       0x0800214a   Section        0  stm32f4xx_hal_tim.o(.text.HAL_TIM_IC_CaptureCallback)
    [Anonymous Symbol]                       0x0800214c   Section        0  stm32f4xx_hal_tim.o(.text.HAL_TIM_IRQHandler)
    [Anonymous Symbol]                       0x080022b6   Section        0  stm32f4xx_hal_tim.o(.text.HAL_TIM_OC_DelayElapsedCallback)
    [Anonymous Symbol]                       0x080022b8   Section        0  stm32f4xx_hal_tim.o(.text.HAL_TIM_PWM_PulseFinishedCallback)
    [Anonymous Symbol]                       0x080022bc   Section        0  main.o(.text.HAL_TIM_PeriodElapsedCallback)
    __arm_cp.3_0                             0x080022cc   Number         4  main.o(.text.HAL_TIM_PeriodElapsedCallback)
    [Anonymous Symbol]                       0x080022d0   Section        0  stm32f4xx_hal_tim.o(.text.HAL_TIM_TriggerCallback)
    [Anonymous Symbol]                       0x080022d2   Section        0  stm32f4xx_hal_uart.o(.text.HAL_UART_ErrorCallback)
    [Anonymous Symbol]                       0x080022d4   Section        0  stm32f4xx_hal_uart.o(.text.HAL_UART_Init)
    [Anonymous Symbol]                       0x08002330   Section        0  usart.o(.text.HAL_UART_MspInit)
    __arm_cp.1_2                             0x0800240c   Number         4  usart.o(.text.HAL_UART_MspInit)
    __arm_cp.1_3                             0x08002410   Number         4  usart.o(.text.HAL_UART_MspInit)
    __arm_cp.1_4                             0x08002414   Number         4  usart.o(.text.HAL_UART_MspInit)
    [Anonymous Symbol]                       0x08002418   Section        0  stm32f4xx_hal_uart.o(.text.HAL_UART_Transmit_DMA)
    __arm_cp.13_0                            0x08002484   Number         4  stm32f4xx_hal_uart.o(.text.HAL_UART_Transmit_DMA)
    __arm_cp.13_1                            0x08002488   Number         4  stm32f4xx_hal_uart.o(.text.HAL_UART_Transmit_DMA)
    __arm_cp.13_2                            0x0800248c   Number         4  stm32f4xx_hal_uart.o(.text.HAL_UART_Transmit_DMA)
    [Anonymous Symbol]                       0x08002490   Section        0  stm32f4xx_hal_uart.o(.text.HAL_UART_TxCpltCallback)
    [Anonymous Symbol]                       0x08002492   Section        0  stm32f4xx_hal_uart.o(.text.HAL_UART_TxHalfCpltCallback)
    [Anonymous Symbol]                       0x08002494   Section        0  stm32f4xx_it.o(.text.HardFault_Handler)
    [Anonymous Symbol]                       0x08002498   Section        0  dma.o(.text.MX_DMA_Init)
    [Anonymous Symbol]                       0x080024d8   Section        0  gpio.o(.text.MX_GPIO_Init)
    __arm_cp.0_0                             0x08002594   Number         4  gpio.o(.text.MX_GPIO_Init)
    __arm_cp.0_1                             0x08002598   Number         4  gpio.o(.text.MX_GPIO_Init)
    __arm_cp.0_2                             0x0800259c   Number         4  gpio.o(.text.MX_GPIO_Init)
    __arm_cp.0_3                             0x080025a0   Number         4  gpio.o(.text.MX_GPIO_Init)
    [Anonymous Symbol]                       0x080025a4   Section        0  usart.o(.text.MX_USART1_UART_Init)
    __arm_cp.0_1                             0x080025d4   Number         4  usart.o(.text.MX_USART1_UART_Init)
    [Anonymous Symbol]                       0x080025d8   Section        0  stm32f4xx_it.o(.text.MemManage_Handler)
    [Anonymous Symbol]                       0x080025da   Section        0  stm32f4xx_it.o(.text.NMI_Handler)
    [Anonymous Symbol]                       0x080025dc   Section        0  stm32f4xx_it.o(.text.PendSV_Handler)
    [Anonymous Symbol]                       0x080025de   Section        0  stm32f4xx_it.o(.text.SVC_Handler)
    [Anonymous Symbol]                       0x080025e0   Section        0  stm32f4xx_it.o(.text.SysTick_Handler)
    [Anonymous Symbol]                       0x080025e4   Section        0  main.o(.text.SystemClock_Config)
    __arm_cp.1_0                             0x08002660   Number         4  main.o(.text.SystemClock_Config)
    __arm_cp.1_1                             0x08002664   Number         4  main.o(.text.SystemClock_Config)
    [Anonymous Symbol]                       0x08002668   Section        0  system_stm32f4xx.o(.text.SystemInit)
    __arm_cp.0_0                             0x080026a4   Number         4  system_stm32f4xx.o(.text.SystemInit)
    __arm_cp.0_1                             0x080026a8   Number         4  system_stm32f4xx.o(.text.SystemInit)
    __arm_cp.0_2                             0x080026ac   Number         4  system_stm32f4xx.o(.text.SystemInit)
    __arm_cp.0_3                             0x080026b0   Number         4  system_stm32f4xx.o(.text.SystemInit)
    [Anonymous Symbol]                       0x080026b4   Section        0  stm32f4xx_it.o(.text.TIM1_TRG_COM_TIM11_IRQHandler)
    __arm_cp.9_0                             0x080026bc   Number         4  stm32f4xx_it.o(.text.TIM1_TRG_COM_TIM11_IRQHandler)
    [Anonymous Symbol]                       0x080026c0   Section        0  stm32f4xx_hal_tim.o(.text.TIM_Base_SetConfig)
    __arm_cp.2_0                             0x08002728   Number         4  stm32f4xx_hal_tim.o(.text.TIM_Base_SetConfig)
    __arm_cp.2_1                             0x0800272c   Number         4  stm32f4xx_hal_tim.o(.text.TIM_Base_SetConfig)
    __arm_cp.2_2                             0x08002730   Number         4  stm32f4xx_hal_tim.o(.text.TIM_Base_SetConfig)
    __arm_cp.2_3                             0x08002734   Number         4  stm32f4xx_hal_tim.o(.text.TIM_Base_SetConfig)
    __arm_cp.2_4                             0x08002738   Number         4  stm32f4xx_hal_tim.o(.text.TIM_Base_SetConfig)
    __arm_cp.2_5                             0x0800273c   Number         4  stm32f4xx_hal_tim.o(.text.TIM_Base_SetConfig)
    __arm_cp.2_6                             0x08002740   Number         4  stm32f4xx_hal_tim.o(.text.TIM_Base_SetConfig)
    UART_DMAError                            0x08002745   Thumb Code    84  stm32f4xx_hal_uart.o(.text.UART_DMAError)
    [Anonymous Symbol]                       0x08002744   Section        0  stm32f4xx_hal_uart.o(.text.UART_DMAError)
    UART_DMATransmitCplt                     0x08002799   Thumb Code    36  stm32f4xx_hal_uart.o(.text.UART_DMATransmitCplt)
    [Anonymous Symbol]                       0x08002798   Section        0  stm32f4xx_hal_uart.o(.text.UART_DMATransmitCplt)
    UART_DMATxHalfCplt                       0x080027bd   Thumb Code     6  stm32f4xx_hal_uart.o(.text.UART_DMATxHalfCplt)
    [Anonymous Symbol]                       0x080027bc   Section        0  stm32f4xx_hal_uart.o(.text.UART_DMATxHalfCplt)
    UART_EndRxTransfer                       0x080027c3   Thumb Code    26  stm32f4xx_hal_uart.o(.text.UART_EndRxTransfer)
    [Anonymous Symbol]                       0x080027c2   Section        0  stm32f4xx_hal_uart.o(.text.UART_EndRxTransfer)
    UART_SetConfig                           0x080027dd   Thumb Code   380  stm32f4xx_hal_uart.o(.text.UART_SetConfig)
    [Anonymous Symbol]                       0x080027dc   Section        0  stm32f4xx_hal_uart.o(.text.UART_SetConfig)
    __arm_cp.2_0                             0x0800294c   Number         4  stm32f4xx_hal_uart.o(.text.UART_SetConfig)
    __arm_cp.2_1                             0x08002950   Number         4  stm32f4xx_hal_uart.o(.text.UART_SetConfig)
    __arm_cp.2_2                             0x08002954   Number         4  stm32f4xx_hal_uart.o(.text.UART_SetConfig)
    [Anonymous Symbol]                       0x08002958   Section        0  serial.o(.text.USART1_IRQHandler)
    __arm_cp.3_0                             0x08002990   Number         4  serial.o(.text.USART1_IRQHandler)
    __arm_cp.3_1                             0x08002994   Number         4  serial.o(.text.USART1_IRQHandler)
    [Anonymous Symbol]                       0x08002998   Section        0  stm32f4xx_it.o(.text.UsageFault_Handler)
    __NVIC_SetPriority                       0x0800299d   Thumb Code    36  stm32f4xx_hal_cortex.o(.text.__NVIC_SetPriority)
    [Anonymous Symbol]                       0x0800299c   Section        0  stm32f4xx_hal_cortex.o(.text.__NVIC_SetPriority)
    __arm_cp.2_0                             0x080029b8   Number         4  stm32f4xx_hal_cortex.o(.text.__NVIC_SetPriority)
    __arm_cp.2_1                             0x080029bc   Number         4  stm32f4xx_hal_cortex.o(.text.__NVIC_SetPriority)
    [Anonymous Symbol]                       0x080029c0   Section        0  serial.o(.text.em_printf)
    __arm_cp.0_0                             0x080029fc   Number         4  serial.o(.text.em_printf)
    __arm_cp.0_1                             0x08002a00   Number         4  serial.o(.text.em_printf)
    [Anonymous Symbol]                       0x08002a04   Section        0  serial.o(.text.initSerial)
    [Anonymous Symbol]                       0x08002a70   Section        0  main.o(.text.main)
    __arm_cp.0_0                             0x08002ab8   Number         4  main.o(.text.main)
    __arm_cp.0_1                             0x08002abc   Number         4  main.o(.text.main)
    __arm_cp.0_2                             0x08002ac0   Number         4  main.o(.text.main)
    __arm_cp.0_3                             0x08002ac4   Number         4  main.o(.text.main)
    CL$$btod_d2e                             0x08002ad4   Section       62  btod.o(CL$$btod_d2e)
    CL$$btod_d2e_denorm_low                  0x08002b12   Section       70  btod.o(CL$$btod_d2e_denorm_low)
    CL$$btod_d2e_norm_op1                    0x08002b58   Section       96  btod.o(CL$$btod_d2e_norm_op1)
    CL$$btod_div_common                      0x08002bb8   Section      824  btod.o(CL$$btod_div_common)
    CL$$btod_e2e                             0x08002ef0   Section      220  btod.o(CL$$btod_e2e)
    CL$$btod_ediv                            0x08002fcc   Section       42  btod.o(CL$$btod_ediv)
    CL$$btod_emul                            0x08002ff6   Section       42  btod.o(CL$$btod_emul)
    CL$$btod_mult_common                     0x08003020   Section      580  btod.o(CL$$btod_mult_common)
    i.__ARM_fpclassify                       0x08003264   Section        0  fpclassify.o(i.__ARM_fpclassify)
    i._is_digit                              0x08003294   Section        0  __printf_wp.o(i._is_digit)
    locale$$code                             0x080032a4   Section       44  lc_numeric_c.o(locale$$code)
    locale$$code                             0x080032d0   Section       44  lc_ctype_c.o(locale$$code)
    $v0                                      0x080032fc   Number         0  fpinit.o(x$fpl$fpinit)
    x$fpl$fpinit                             0x080032fc   Section       26  fpinit.o(x$fpl$fpinit)
    $v0                                      0x08003316   Number         0  printf1.o(x$fpl$printf1)
    x$fpl$printf1                            0x08003316   Section        4  printf1.o(x$fpl$printf1)
    $v0                                      0x0800331a   Number         0  printf2.o(x$fpl$printf2)
    x$fpl$printf2                            0x0800331a   Section        4  printf2.o(x$fpl$printf2)
    x$fpl$usenofp                            0x0800331e   Section        0  usenofp.o(x$fpl$usenofp)
    initial_mbstate                          0x08003320   Data           8  _printf_wctomb.o(.constdata)
    .constdata                               0x08003320   Section        8  _printf_wctomb.o(.constdata)
    uc_hextab                                0x08003328   Data          20  _printf_hex_int_ll_ptr.o(.constdata)
    .constdata                               0x08003328   Section       40  _printf_hex_int_ll_ptr.o(.constdata)
    lc_hextab                                0x0800333c   Data          20  _printf_hex_int_ll_ptr.o(.constdata)
    maptable                                 0x08003350   Data          17  __printf_flags_ss_wp.o(.constdata)
    .constdata                               0x08003350   Section       17  __printf_flags_ss_wp.o(.constdata)
    lc_hextab                                0x08003361   Data          19  _printf_fp_hex.o(.constdata)
    .constdata                               0x08003361   Section       38  _printf_fp_hex.o(.constdata)
    uc_hextab                                0x08003374   Data          19  _printf_fp_hex.o(.constdata)
    tenpwrs_x                                0x08003388   Data          60  bigflt0.o(.constdata)
    .constdata                               0x08003388   Section      148  bigflt0.o(.constdata)
    tenpwrs_i                                0x080033c4   Data          64  bigflt0.o(.constdata)
    locale$$data                             0x08003454   Section       28  lc_numeric_c.o(locale$$data)
    __lcnum_c_name                           0x08003458   Data           2  lc_numeric_c.o(locale$$data)
    __lcnum_c_start                          0x08003460   Data           0  lc_numeric_c.o(locale$$data)
    __lcnum_c_point                          0x0800346c   Data           0  lc_numeric_c.o(locale$$data)
    __lcnum_c_thousands                      0x0800346e   Data           0  lc_numeric_c.o(locale$$data)
    __lcnum_c_grouping                       0x0800346f   Data           0  lc_numeric_c.o(locale$$data)
    __lcnum_c_end                            0x08003470   Data           0  lc_numeric_c.o(locale$$data)
    locale$$data                             0x08003470   Section      272  lc_ctype_c.o(locale$$data)
    __lcctype_c_name                         0x08003474   Data           2  lc_ctype_c.o(locale$$data)
    __lcctype_c_start                        0x0800347c   Data           0  lc_ctype_c.o(locale$$data)
    __lcctype_c_end                          0x08003580   Data           0  lc_ctype_c.o(locale$$data)
    [Anonymous Symbol]                       0x20000000   Section        0  stm32f4xx_hal.o(.data..L_MergedGlobals)
    .bss                                     0x20000010   Section       96  libspace.o(.bss)
    [Anonymous Symbol]                       0x20000070   Section        0  serial.o(.bss..L_MergedGlobals)
    Heap_Mem                                 0x200005c0   Data        1024  startup_stm32f411xe.o(HEAP)
    HEAP                                     0x200005c0   Section     1024  startup_stm32f411xe.o(HEAP)
    Stack_Mem                                0x200009c0   Data        2048  startup_stm32f411xe.o(STACK)
    STACK                                    0x200009c0   Section     2048  startup_stm32f411xe.o(STACK)
    __initial_sp                             0x200011c0   Data           0  startup_stm32f411xe.o(STACK)

    Global Symbols

    Symbol Name                              Value     Ov Type        Size  Object(Section)

    BuildAttributes$$THM_ISAv4$E$P$D$K$B$S$7EM$VFPi3$EXTD16$VFPS$VFMA$PE$A:L22UL41UL21$X:L11$S22US41US21$IEEE1$IW$~IW$USESV6$~STKCKD$USESV7$~SHL$OTIME$ROPI$IEEEJ$EBA8$UX$STANDARDLIB$REQ8$PRES8$EABIv2 0x00000000   Number         0  anon$$obj.o ABSOLUTE
    _printf_flags                            0x00000000   Number         0  printf_stubs.o ABSOLUTE
    _printf_return_value                     0x00000000   Number         0  printf_stubs.o ABSOLUTE
    _printf_sizespec                         0x00000000   Number         0  printf_stubs.o ABSOLUTE
    _printf_widthprec                        0x00000000   Number         0  printf_stubs.o ABSOLUTE
    __ARM_exceptions_init                     - Undefined Weak Reference
    __alloca_initialize                       - Undefined Weak Reference
    __arm_preinit_                            - Undefined Weak Reference
    __cpp_initialize__aeabi_                  - Undefined Weak Reference
    __cxa_finalize                            - Undefined Weak Reference
    __sigvec_lookup                           - Undefined Weak Reference
    _atexit_init                              - Undefined Weak Reference
    _call_atexit_fns                          - Undefined Weak Reference
    _clock_init                               - Undefined Weak Reference
    _fp_trap_init                             - Undefined Weak Reference
    _fp_trap_shutdown                         - Undefined Weak Reference
    _get_lc_collate                           - Undefined Weak Reference
    _get_lc_monetary                          - Undefined Weak Reference
    _get_lc_time                              - Undefined Weak Reference
    _getenv_init                              - Undefined Weak Reference
    _handle_redirection                       - Undefined Weak Reference
    _init_alloc                               - Undefined Weak Reference
    _init_user_alloc                          - Undefined Weak Reference
    _initio                                   - Undefined Weak Reference
    _printf_mbtowc                            - Undefined Weak Reference
    _printf_wc                                - Undefined Weak Reference
    _rand_init                                - Undefined Weak Reference
    _signal_finish                            - Undefined Weak Reference
    _signal_init                              - Undefined Weak Reference
    _terminate_alloc                          - Undefined Weak Reference
    _terminate_user_alloc                     - Undefined Weak Reference
    _terminateio                              - Undefined Weak Reference
    __Vectors_Size                           0x00000198   Number         0  startup_stm32f411xe.o ABSOLUTE
    __Vectors                                0x08000000   Data           4  startup_stm32f411xe.o(RESET)
    __Vectors_End                            0x08000198   Data           0  startup_stm32f411xe.o(RESET)
    __main                                   0x08000199   Thumb Code     8  __main.o(!!!main)
    __scatterload                            0x080001a1   Thumb Code     0  __scatter.o(!!!scatter)
    __scatterload_rt2                        0x080001a1   Thumb Code    44  __scatter.o(!!!scatter)
    __scatterload_rt2_thumb_only             0x080001a1   Thumb Code     0  __scatter.o(!!!scatter)
    __scatterload_null                       0x080001af   Thumb Code     0  __scatter.o(!!!scatter)
    __scatterload_copy                       0x080001d5   Thumb Code    26  __scatter_copy.o(!!handler_copy)
    __scatterload_zeroinit                   0x080001f1   Thumb Code    28  __scatter_zi.o(!!handler_zi)
    _printf_n                                0x0800020d   Thumb Code     0  _printf_n.o(.ARM.Collect$$_printf_percent$$00000001)
    _printf_percent                          0x0800020d   Thumb Code     0  _printf_percent.o(.ARM.Collect$$_printf_percent$$00000000)
    _printf_p                                0x08000213   Thumb Code     0  _printf_p.o(.ARM.Collect$$_printf_percent$$00000002)
    _printf_f                                0x08000219   Thumb Code     0  _printf_f.o(.ARM.Collect$$_printf_percent$$00000003)
    _printf_e                                0x0800021f   Thumb Code     0  _printf_e.o(.ARM.Collect$$_printf_percent$$00000004)
    _printf_g                                0x08000225   Thumb Code     0  _printf_g.o(.ARM.Collect$$_printf_percent$$00000005)
    _printf_a                                0x0800022b   Thumb Code     0  _printf_a.o(.ARM.Collect$$_printf_percent$$00000006)
    _printf_ll                               0x08000231   Thumb Code     0  _printf_ll.o(.ARM.Collect$$_printf_percent$$00000007)
    _printf_i                                0x0800023b   Thumb Code     0  _printf_i.o(.ARM.Collect$$_printf_percent$$00000008)
    _printf_d                                0x08000241   Thumb Code     0  _printf_d.o(.ARM.Collect$$_printf_percent$$00000009)
    _printf_u                                0x08000247   Thumb Code     0  _printf_u.o(.ARM.Collect$$_printf_percent$$0000000A)
    _printf_o                                0x0800024d   Thumb Code     0  _printf_o.o(.ARM.Collect$$_printf_percent$$0000000B)
    _printf_x                                0x08000253   Thumb Code     0  _printf_x.o(.ARM.Collect$$_printf_percent$$0000000C)
    _printf_lli                              0x08000259   Thumb Code     0  _printf_lli.o(.ARM.Collect$$_printf_percent$$0000000D)
    _printf_lld                              0x0800025f   Thumb Code     0  _printf_lld.o(.ARM.Collect$$_printf_percent$$0000000E)
    _printf_llu                              0x08000265   Thumb Code     0  _printf_llu.o(.ARM.Collect$$_printf_percent$$0000000F)
    _printf_llo                              0x0800026b   Thumb Code     0  _printf_llo.o(.ARM.Collect$$_printf_percent$$00000010)
    _printf_llx                              0x08000271   Thumb Code     0  _printf_llx.o(.ARM.Collect$$_printf_percent$$00000011)
    _printf_l                                0x08000277   Thumb Code     0  _printf_l.o(.ARM.Collect$$_printf_percent$$00000012)
    _printf_c                                0x08000281   Thumb Code     0  _printf_c.o(.ARM.Collect$$_printf_percent$$00000013)
    _printf_s                                0x08000287   Thumb Code     0  _printf_s.o(.ARM.Collect$$_printf_percent$$00000014)
    _printf_lc                               0x0800028d   Thumb Code     0  _printf_lc.o(.ARM.Collect$$_printf_percent$$00000015)
    _printf_ls                               0x08000293   Thumb Code     0  _printf_ls.o(.ARM.Collect$$_printf_percent$$00000016)
    _printf_percent_end                      0x08000299   Thumb Code     0  _printf_percent_end.o(.ARM.Collect$$_printf_percent$$00000017)
    __rt_lib_init                            0x0800029d   Thumb Code     0  libinit.o(.ARM.Collect$$libinit$$00000000)
    __rt_lib_init_fp_1                       0x0800029f   Thumb Code     0  libinit2.o(.ARM.Collect$$libinit$$00000001)
    __rt_lib_init_heap_1                     0x080002a3   Thumb Code     0  libinit2.o(.ARM.Collect$$libinit$$0000000A)
    __rt_lib_init_lc_common                  0x080002a3   Thumb Code     0  libinit2.o(.ARM.Collect$$libinit$$0000000F)
    __rt_lib_init_preinit_1                  0x080002a3   Thumb Code     0  libinit2.o(.ARM.Collect$$libinit$$00000004)
    __rt_lib_init_rand_1                     0x080002a3   Thumb Code     0  libinit2.o(.ARM.Collect$$libinit$$0000000E)
    __rt_lib_init_user_alloc_1               0x080002a3   Thumb Code     0  libinit2.o(.ARM.Collect$$libinit$$0000000C)
    __rt_lib_init_lc_collate_1               0x080002a9   Thumb Code     0  libinit2.o(.ARM.Collect$$libinit$$00000011)
    __rt_lib_init_lc_ctype_2                 0x080002a9   Thumb Code     0  libinit2.o(.ARM.Collect$$libinit$$00000012)
    __rt_lib_init_lc_ctype_1                 0x080002b5   Thumb Code     0  libinit2.o(.ARM.Collect$$libinit$$00000013)
    __rt_lib_init_lc_monetary_1              0x080002b5   Thumb Code     0  libinit2.o(.ARM.Collect$$libinit$$00000015)
    __rt_lib_init_lc_numeric_2               0x080002b5   Thumb Code     0  libinit2.o(.ARM.Collect$$libinit$$00000016)
    __rt_lib_init_alloca_1                   0x080002bf   Thumb Code     0  libinit2.o(.ARM.Collect$$libinit$$0000002E)
    __rt_lib_init_argv_1                     0x080002bf   Thumb Code     0  libinit2.o(.ARM.Collect$$libinit$$0000002C)
    __rt_lib_init_atexit_1                   0x080002bf   Thumb Code     0  libinit2.o(.ARM.Collect$$libinit$$0000001B)
    __rt_lib_init_clock_1                    0x080002bf   Thumb Code     0  libinit2.o(.ARM.Collect$$libinit$$00000021)
    __rt_lib_init_cpp_1                      0x080002bf   Thumb Code     0  libinit2.o(.ARM.Collect$$libinit$$00000032)
    __rt_lib_init_exceptions_1               0x080002bf   Thumb Code     0  libinit2.o(.ARM.Collect$$libinit$$00000030)
    __rt_lib_init_fp_trap_1                  0x080002bf   Thumb Code     0  libinit2.o(.ARM.Collect$$libinit$$0000001F)
    __rt_lib_init_getenv_1                   0x080002bf   Thumb Code     0  libinit2.o(.ARM.Collect$$libinit$$00000023)
    __rt_lib_init_lc_numeric_1               0x080002bf   Thumb Code     0  libinit2.o(.ARM.Collect$$libinit$$00000017)
    __rt_lib_init_lc_time_1                  0x080002bf   Thumb Code     0  libinit2.o(.ARM.Collect$$libinit$$00000019)
    __rt_lib_init_return                     0x080002bf   Thumb Code     0  libinit2.o(.ARM.Collect$$libinit$$00000033)
    __rt_lib_init_signal_1                   0x080002bf   Thumb Code     0  libinit2.o(.ARM.Collect$$libinit$$0000001D)
    __rt_lib_init_stdio_1                    0x080002bf   Thumb Code     0  libinit2.o(.ARM.Collect$$libinit$$00000025)
    __rt_lib_shutdown                        0x080002c1   Thumb Code     0  libshutdown.o(.ARM.Collect$$libshutdown$$00000000)
    __rt_lib_shutdown_cpp_1                  0x080002c3   Thumb Code     0  libshutdown2.o(.ARM.Collect$$libshutdown$$00000002)
    __rt_lib_shutdown_fp_trap_1              0x080002c3   Thumb Code     0  libshutdown2.o(.ARM.Collect$$libshutdown$$00000007)
    __rt_lib_shutdown_heap_1                 0x080002c3   Thumb Code     0  libshutdown2.o(.ARM.Collect$$libshutdown$$0000000F)
    __rt_lib_shutdown_return                 0x080002c3   Thumb Code     0  libshutdown2.o(.ARM.Collect$$libshutdown$$00000010)
    __rt_lib_shutdown_signal_1               0x080002c3   Thumb Code     0  libshutdown2.o(.ARM.Collect$$libshutdown$$0000000A)
    __rt_lib_shutdown_stdio_1                0x080002c3   Thumb Code     0  libshutdown2.o(.ARM.Collect$$libshutdown$$00000004)
    __rt_lib_shutdown_user_alloc_1           0x080002c3   Thumb Code     0  libshutdown2.o(.ARM.Collect$$libshutdown$$0000000C)
    __rt_entry                               0x080002c5   Thumb Code     0  __rtentry.o(.ARM.Collect$$rtentry$$00000000)
    __rt_entry_presh_1                       0x080002c5   Thumb Code     0  __rtentry2.o(.ARM.Collect$$rtentry$$00000002)
    __rt_entry_sh                            0x080002c5   Thumb Code     0  __rtentry4.o(.ARM.Collect$$rtentry$$00000004)
    __rt_entry_li                            0x080002cb   Thumb Code     0  __rtentry2.o(.ARM.Collect$$rtentry$$0000000A)
    __rt_entry_postsh_1                      0x080002cb   Thumb Code     0  __rtentry2.o(.ARM.Collect$$rtentry$$00000009)
    __rt_entry_main                          0x080002cf   Thumb Code     0  __rtentry2.o(.ARM.Collect$$rtentry$$0000000D)
    __rt_entry_postli_1                      0x080002cf   Thumb Code     0  __rtentry2.o(.ARM.Collect$$rtentry$$0000000C)
    __rt_exit                                0x080002d7   Thumb Code     0  rtexit.o(.ARM.Collect$$rtexit$$00000000)
    __rt_exit_ls                             0x080002d9   Thumb Code     0  rtexit2.o(.ARM.Collect$$rtexit$$00000003)
    __rt_exit_prels_1                        0x080002d9   Thumb Code     0  rtexit2.o(.ARM.Collect$$rtexit$$00000002)
    __rt_exit_exit                           0x080002dd   Thumb Code     0  rtexit2.o(.ARM.Collect$$rtexit$$00000004)
    Reset_Handler                            0x080002e5   Thumb Code     8  startup_stm32f411xe.o(.text)
    ADC_IRQHandler                           0x080002ff   Thumb Code     0  startup_stm32f411xe.o(.text)
    DMA1_Stream0_IRQHandler                  0x080002ff   Thumb Code     0  startup_stm32f411xe.o(.text)
    DMA1_Stream1_IRQHandler                  0x080002ff   Thumb Code     0  startup_stm32f411xe.o(.text)
    DMA1_Stream2_IRQHandler                  0x080002ff   Thumb Code     0  startup_stm32f411xe.o(.text)
    DMA1_Stream3_IRQHandler                  0x080002ff   Thumb Code     0  startup_stm32f411xe.o(.text)
    DMA1_Stream4_IRQHandler                  0x080002ff   Thumb Code     0  startup_stm32f411xe.o(.text)
    DMA1_Stream5_IRQHandler                  0x080002ff   Thumb Code     0  startup_stm32f411xe.o(.text)
    DMA1_Stream6_IRQHandler                  0x080002ff   Thumb Code     0  startup_stm32f411xe.o(.text)
    DMA1_Stream7_IRQHandler                  0x080002ff   Thumb Code     0  startup_stm32f411xe.o(.text)
    DMA2_Stream0_IRQHandler                  0x080002ff   Thumb Code     0  startup_stm32f411xe.o(.text)
    DMA2_Stream1_IRQHandler                  0x080002ff   Thumb Code     0  startup_stm32f411xe.o(.text)
    DMA2_Stream3_IRQHandler                  0x080002ff   Thumb Code     0  startup_stm32f411xe.o(.text)
    DMA2_Stream4_IRQHandler                  0x080002ff   Thumb Code     0  startup_stm32f411xe.o(.text)
    DMA2_Stream5_IRQHandler                  0x080002ff   Thumb Code     0  startup_stm32f411xe.o(.text)
    DMA2_Stream6_IRQHandler                  0x080002ff   Thumb Code     0  startup_stm32f411xe.o(.text)
    EXTI0_IRQHandler                         0x080002ff   Thumb Code     0  startup_stm32f411xe.o(.text)
    EXTI15_10_IRQHandler                     0x080002ff   Thumb Code     0  startup_stm32f411xe.o(.text)
    EXTI1_IRQHandler                         0x080002ff   Thumb Code     0  startup_stm32f411xe.o(.text)
    EXTI2_IRQHandler                         0x080002ff   Thumb Code     0  startup_stm32f411xe.o(.text)
    EXTI3_IRQHandler                         0x080002ff   Thumb Code     0  startup_stm32f411xe.o(.text)
    EXTI4_IRQHandler                         0x080002ff   Thumb Code     0  startup_stm32f411xe.o(.text)
    EXTI9_5_IRQHandler                       0x080002ff   Thumb Code     0  startup_stm32f411xe.o(.text)
    FLASH_IRQHandler                         0x080002ff   Thumb Code     0  startup_stm32f411xe.o(.text)
    FPU_IRQHandler                           0x080002ff   Thumb Code     0  startup_stm32f411xe.o(.text)
    I2C1_ER_IRQHandler                       0x080002ff   Thumb Code     0  startup_stm32f411xe.o(.text)
    I2C1_EV_IRQHandler                       0x080002ff   Thumb Code     0  startup_stm32f411xe.o(.text)
    I2C2_ER_IRQHandler                       0x080002ff   Thumb Code     0  startup_stm32f411xe.o(.text)
    I2C2_EV_IRQHandler                       0x080002ff   Thumb Code     0  startup_stm32f411xe.o(.text)
    I2C3_ER_IRQHandler                       0x080002ff   Thumb Code     0  startup_stm32f411xe.o(.text)
    I2C3_EV_IRQHandler                       0x080002ff   Thumb Code     0  startup_stm32f411xe.o(.text)
    OTG_FS_IRQHandler                        0x080002ff   Thumb Code     0  startup_stm32f411xe.o(.text)
    OTG_FS_WKUP_IRQHandler                   0x080002ff   Thumb Code     0  startup_stm32f411xe.o(.text)
    PVD_IRQHandler                           0x080002ff   Thumb Code     0  startup_stm32f411xe.o(.text)
    RCC_IRQHandler                           0x080002ff   Thumb Code     0  startup_stm32f411xe.o(.text)
    RTC_Alarm_IRQHandler                     0x080002ff   Thumb Code     0  startup_stm32f411xe.o(.text)
    RTC_WKUP_IRQHandler                      0x080002ff   Thumb Code     0  startup_stm32f411xe.o(.text)
    SDIO_IRQHandler                          0x080002ff   Thumb Code     0  startup_stm32f411xe.o(.text)
    SPI1_IRQHandler                          0x080002ff   Thumb Code     0  startup_stm32f411xe.o(.text)
    SPI2_IRQHandler                          0x080002ff   Thumb Code     0  startup_stm32f411xe.o(.text)
    SPI3_IRQHandler                          0x080002ff   Thumb Code     0  startup_stm32f411xe.o(.text)
    SPI4_IRQHandler                          0x080002ff   Thumb Code     0  startup_stm32f411xe.o(.text)
    SPI5_IRQHandler                          0x080002ff   Thumb Code     0  startup_stm32f411xe.o(.text)
    TAMP_STAMP_IRQHandler                    0x080002ff   Thumb Code     0  startup_stm32f411xe.o(.text)
    TIM1_BRK_TIM9_IRQHandler                 0x080002ff   Thumb Code     0  startup_stm32f411xe.o(.text)
    TIM1_CC_IRQHandler                       0x080002ff   Thumb Code     0  startup_stm32f411xe.o(.text)
    TIM1_UP_TIM10_IRQHandler                 0x080002ff   Thumb Code     0  startup_stm32f411xe.o(.text)
    TIM2_IRQHandler                          0x080002ff   Thumb Code     0  startup_stm32f411xe.o(.text)
    TIM3_IRQHandler                          0x080002ff   Thumb Code     0  startup_stm32f411xe.o(.text)
    TIM4_IRQHandler                          0x080002ff   Thumb Code     0  startup_stm32f411xe.o(.text)
    TIM5_IRQHandler                          0x080002ff   Thumb Code     0  startup_stm32f411xe.o(.text)
    USART2_IRQHandler                        0x080002ff   Thumb Code     0  startup_stm32f411xe.o(.text)
    USART6_IRQHandler                        0x080002ff   Thumb Code     0  startup_stm32f411xe.o(.text)
    WWDG_IRQHandler                          0x080002ff   Thumb Code     0  startup_stm32f411xe.o(.text)
    __user_initial_stackheap                 0x08000301   Thumb Code     0  startup_stm32f411xe.o(.text)
    __aeabi_uldivmod                         0x08000325   Thumb Code     0  lludivv7m.o(.text)
    _ll_udiv                                 0x08000325   Thumb Code   238  lludivv7m.o(.text)
    vsnprintf                                0x08000415   Thumb Code    48  vsnprintf.o(.text)
    __aeabi_memclr4                          0x08000449   Thumb Code     0  rt_memclr_w.o(.text)
    __aeabi_memclr8                          0x08000449   Thumb Code     0  rt_memclr_w.o(.text)
    __rt_memclr_w                            0x08000449   Thumb Code    78  rt_memclr_w.o(.text)
    _memset_w                                0x0800044d   Thumb Code     0  rt_memclr_w.o(.text)
    __use_two_region_memory                  0x08000497   Thumb Code     2  heapauxi.o(.text)
    __rt_heap_escrow$2region                 0x08000499   Thumb Code     2  heapauxi.o(.text)
    __rt_heap_expand$2region                 0x0800049b   Thumb Code     2  heapauxi.o(.text)
    _printf_pre_padding                      0x0800049d   Thumb Code    44  _printf_pad.o(.text)
    _printf_post_padding                     0x080004c9   Thumb Code    34  _printf_pad.o(.text)
    _printf_truncate_signed                  0x080004eb   Thumb Code    18  _printf_truncate.o(.text)
    _printf_truncate_unsigned                0x080004fd   Thumb Code    18  _printf_truncate.o(.text)
    _printf_str                              0x0800050f   Thumb Code    82  _printf_str.o(.text)
    _printf_int_dec                          0x08000561   Thumb Code   104  _printf_dec.o(.text)
    _printf_charcount                        0x080005d9   Thumb Code    40  _printf_charcount.o(.text)
    _printf_char_common                      0x0800060b   Thumb Code    32  _printf_char_common.o(.text)
    _sputc                                   0x08000631   Thumb Code    10  _sputc.o(.text)
    _snputc                                  0x0800063b   Thumb Code    16  _snputc.o(.text)
    _printf_wctomb                           0x0800064d   Thumb Code   182  _printf_wctomb.o(.text)
    _printf_longlong_dec                     0x08000709   Thumb Code   108  _printf_longlong_dec.o(.text)
    _printf_longlong_oct                     0x08000785   Thumb Code    68  _printf_oct_int_ll.o(.text)
    _printf_int_oct                          0x080007c9   Thumb Code    24  _printf_oct_int_ll.o(.text)
    _printf_ll_oct                           0x080007e1   Thumb Code    12  _printf_oct_int_ll.o(.text)
    _printf_longlong_hex                     0x080007f5   Thumb Code    86  _printf_hex_int_ll_ptr.o(.text)
    _printf_int_hex                          0x0800084b   Thumb Code    28  _printf_hex_int_ll_ptr.o(.text)
    _printf_ll_hex                           0x08000867   Thumb Code    12  _printf_hex_int_ll_ptr.o(.text)
    _printf_hex_ptr                          0x08000873   Thumb Code    18  _printf_hex_int_ll_ptr.o(.text)
    __printf                                 0x08000889   Thumb Code   388  __printf_flags_ss_wp.o(.text)
    _ll_udiv10                               0x08000a11   Thumb Code   138  lludiv10.o(.text)
    _printf_int_common                       0x08000a9b   Thumb Code   178  _printf_intcommon.o(.text)
    _printf_fp_dec_real                      0x08000cfd   Thumb Code   620  _printf_fp_dec.o(.text)
    _printf_fp_hex_real                      0x08000f69   Thumb Code   756  _printf_fp_hex.o(.text)
    _printf_cs_common                        0x08001265   Thumb Code    20  _printf_char.o(.text)
    _printf_char                             0x08001279   Thumb Code    16  _printf_char.o(.text)
    _printf_string                           0x08001289   Thumb Code     8  _printf_char.o(.text)
    _printf_lcs_common                       0x08001291   Thumb Code    20  _printf_wchar.o(.text)
    _printf_wchar                            0x080012a5   Thumb Code    16  _printf_wchar.o(.text)
    _printf_wstring                          0x080012b5   Thumb Code     8  _printf_wchar.o(.text)
    _c16rtomb                                0x080012bd   Thumb Code    72  _c16rtomb.o(.text)
    _wcrtomb                                 0x080012bd   Thumb Code     0  _c16rtomb.o(.text)
    __user_setup_stackheap                   0x08001305   Thumb Code    74  sys_stackheap_outer.o(.text)
    __rt_ctype_table                         0x08001351   Thumb Code    16  rt_ctype_table.o(.text)
    __rt_locale                              0x08001361   Thumb Code     8  rt_locale_intlibspace.o(.text)
    _printf_fp_infnan                        0x08001369   Thumb Code   112  _printf_fp_infnan.o(.text)
    _btod_etento                             0x080013e9   Thumb Code   224  bigflt0.o(.text)
    exit                                     0x080014cd   Thumb Code    18  exit.o(.text)
    __user_libspace                          0x080014e1   Thumb Code     8  libspace.o(.text)
    __user_perproc_libspace                  0x080014e1   Thumb Code     0  libspace.o(.text)
    __user_perthread_libspace                0x080014e1   Thumb Code     0  libspace.o(.text)
    strcmp                                   0x080014e9   Thumb Code   124  strcmpv7em.o(.text)
    _sys_exit                                0x08001565   Thumb Code     8  sys_exit.o(.text)
    __I$use$semihosting                      0x08001571   Thumb Code     0  use_no_semi.o(.text)
    __use_no_semihosting_swi                 0x08001571   Thumb Code     2  use_no_semi.o(.text)
    BusFault_Handler                         0x08001573   Thumb Code     2  stm32f4xx_it.o(.text.BusFault_Handler)
    __semihosting_library_function           0x08001573   Thumb Code     0  indicate_semi.o(.text)
    DMA2_Stream2_IRQHandler                  0x08001575   Thumb Code    12  stm32f4xx_it.o(.text.DMA2_Stream2_IRQHandler)
    DMA2_Stream7_IRQHandler                  0x08001581   Thumb Code    12  stm32f4xx_it.o(.text.DMA2_Stream7_IRQHandler)
    DebugMon_Handler                         0x080015eb   Thumb Code     2  stm32f4xx_it.o(.text.DebugMon_Handler)
    Error_Handler                            0x080015ed   Thumb Code     2  main.o(.text.Error_Handler)
    HAL_DMA_IRQHandler                       0x080015f1   Thumb Code   368  stm32f4xx_hal_dma.o(.text.HAL_DMA_IRQHandler)
    HAL_DMA_Init                             0x08001761   Thumb Code   296  stm32f4xx_hal_dma.o(.text.HAL_DMA_Init)
    HAL_DMA_Start_IT                         0x08001889   Thumb Code   106  stm32f4xx_hal_dma.o(.text.HAL_DMA_Start_IT)
    HAL_Delay                                0x080018f5   Thumb Code    36  stm32f4xx_hal.o(.text.HAL_Delay)
    HAL_GPIO_Init                            0x08001915   Thumb Code   396  stm32f4xx_hal_gpio.o(.text.HAL_GPIO_Init)
    HAL_GPIO_TogglePin                       0x08001a9d   Thumb Code    14  stm32f4xx_hal_gpio.o(.text.HAL_GPIO_TogglePin)
    HAL_GPIO_WritePin                        0x08001aab   Thumb Code    10  stm32f4xx_hal_gpio.o(.text.HAL_GPIO_WritePin)
    HAL_GetTick                              0x08001ab5   Thumb Code    12  stm32f4xx_hal.o(.text.HAL_GetTick)
    HAL_IncTick                              0x08001abd   Thumb Code    24  stm32f4xx_hal.o(.text.HAL_IncTick)
    HAL_Init                                 0x08001ad5   Thumb Code    52  stm32f4xx_hal.o(.text.HAL_Init)
    HAL_InitTick                             0x08001b09   Thumb Code   120  stm32f4xx_hal_timebase_tim.o(.text.HAL_InitTick)
    HAL_MspInit                              0x08001b81   Thumb Code    56  stm32f4xx_hal_msp.o(.text.HAL_MspInit)
    HAL_NVIC_EnableIRQ                       0x08001bb9   Thumb Code    28  stm32f4xx_hal_cortex.o(.text.HAL_NVIC_EnableIRQ)
    HAL_NVIC_SetPriority                     0x08001bd5   Thumb Code    64  stm32f4xx_hal_cortex.o(.text.HAL_NVIC_SetPriority)
    HAL_NVIC_SetPriorityGrouping             0x08001c11   Thumb Code    32  stm32f4xx_hal_cortex.o(.text.HAL_NVIC_SetPriorityGrouping)
    HAL_RCC_ClockConfig                      0x08001c31   Thumb Code   292  stm32f4xx_hal_rcc.o(.text.HAL_RCC_ClockConfig)
    HAL_RCC_GetClockConfig                   0x08001d51   Thumb Code    60  stm32f4xx_hal_rcc.o(.text.HAL_RCC_GetClockConfig)
    HAL_RCC_GetPCLK1Freq                     0x08001d89   Thumb Code    32  stm32f4xx_hal_rcc.o(.text.HAL_RCC_GetPCLK1Freq)
    HAL_RCC_GetPCLK2Freq                     0x08001d9d   Thumb Code    32  stm32f4xx_hal_rcc.o(.text.HAL_RCC_GetPCLK2Freq)
    HAL_RCC_GetSysClockFreq                  0x08001dbd   Thumb Code    92  stm32f4xx_hal_rcc.o(.text.HAL_RCC_GetSysClockFreq)
    HAL_RCC_OscConfig                        0x08001e19   Thumb Code   728  stm32f4xx_hal_rcc.o(.text.HAL_RCC_OscConfig)
    HAL_TIMEx_BreakCallback                  0x080020f1   Thumb Code     2  stm32f4xx_hal_tim_ex.o(.text.HAL_TIMEx_BreakCallback)
    HAL_TIMEx_CommutCallback                 0x080020f3   Thumb Code     2  stm32f4xx_hal_tim_ex.o(.text.HAL_TIMEx_CommutCallback)
    HAL_TIM_Base_Init                        0x080020f5   Thumb Code    52  stm32f4xx_hal_tim.o(.text.HAL_TIM_Base_Init)
    HAL_TIM_Base_MspInit                     0x08002129   Thumb Code     2  stm32f4xx_hal_tim.o(.text.HAL_TIM_Base_MspInit)
    HAL_TIM_Base_Start_IT                    0x0800212b   Thumb Code    32  stm32f4xx_hal_tim.o(.text.HAL_TIM_Base_Start_IT)
    HAL_TIM_IC_CaptureCallback               0x0800214b   Thumb Code     2  stm32f4xx_hal_tim.o(.text.HAL_TIM_IC_CaptureCallback)
    HAL_TIM_IRQHandler                       0x0800214d   Thumb Code   362  stm32f4xx_hal_tim.o(.text.HAL_TIM_IRQHandler)
    HAL_TIM_OC_DelayElapsedCallback          0x080022b7   Thumb Code     2  stm32f4xx_hal_tim.o(.text.HAL_TIM_OC_DelayElapsedCallback)
    HAL_TIM_PWM_PulseFinishedCallback        0x080022b9   Thumb Code     2  stm32f4xx_hal_tim.o(.text.HAL_TIM_PWM_PulseFinishedCallback)
    HAL_TIM_PeriodElapsedCallback            0x080022bd   Thumb Code    20  main.o(.text.HAL_TIM_PeriodElapsedCallback)
    HAL_TIM_TriggerCallback                  0x080022d1   Thumb Code     2  stm32f4xx_hal_tim.o(.text.HAL_TIM_TriggerCallback)
    HAL_UART_ErrorCallback                   0x080022d3   Thumb Code     2  stm32f4xx_hal_uart.o(.text.HAL_UART_ErrorCallback)
    HAL_UART_Init                            0x080022d5   Thumb Code    92  stm32f4xx_hal_uart.o(.text.HAL_UART_Init)
    HAL_UART_MspInit                         0x08002331   Thumb Code   240  usart.o(.text.HAL_UART_MspInit)
    HAL_UART_Transmit_DMA                    0x08002419   Thumb Code   120  stm32f4xx_hal_uart.o(.text.HAL_UART_Transmit_DMA)
    HAL_UART_TxCpltCallback                  0x08002491   Thumb Code     2  stm32f4xx_hal_uart.o(.text.HAL_UART_TxCpltCallback)
    HAL_UART_TxHalfCpltCallback              0x08002493   Thumb Code     2  stm32f4xx_hal_uart.o(.text.HAL_UART_TxHalfCpltCallback)
    HardFault_Handler                        0x08002495   Thumb Code     2  stm32f4xx_it.o(.text.HardFault_Handler)
    MX_DMA_Init                              0x08002499   Thumb Code    68  dma.o(.text.MX_DMA_Init)
    MX_GPIO_Init                             0x080024d9   Thumb Code   204  gpio.o(.text.MX_GPIO_Init)
    MX_USART1_UART_Init                      0x080025a5   Thumb Code    56  usart.o(.text.MX_USART1_UART_Init)
    MemManage_Handler                        0x080025d9   Thumb Code     2  stm32f4xx_it.o(.text.MemManage_Handler)
    NMI_Handler                              0x080025db   Thumb Code     2  stm32f4xx_it.o(.text.NMI_Handler)
    PendSV_Handler                           0x080025dd   Thumb Code     2  stm32f4xx_it.o(.text.PendSV_Handler)
    SVC_Handler                              0x080025df   Thumb Code     2  stm32f4xx_it.o(.text.SVC_Handler)
    SysTick_Handler                          0x080025e1   Thumb Code     2  stm32f4xx_it.o(.text.SysTick_Handler)
    SystemClock_Config                       0x080025e5   Thumb Code   132  main.o(.text.SystemClock_Config)
    SystemInit                               0x08002669   Thumb Code    76  system_stm32f4xx.o(.text.SystemInit)
    TIM1_TRG_COM_TIM11_IRQHandler            0x080026b5   Thumb Code    12  stm32f4xx_it.o(.text.TIM1_TRG_COM_TIM11_IRQHandler)
    TIM_Base_SetConfig                       0x080026c1   Thumb Code   132  stm32f4xx_hal_tim.o(.text.TIM_Base_SetConfig)
    USART1_IRQHandler                        0x08002959   Thumb Code    68  serial.o(.text.USART1_IRQHandler)
    UsageFault_Handler                       0x08002999   Thumb Code     2  stm32f4xx_it.o(.text.UsageFault_Handler)
    em_printf                                0x080029c1   Thumb Code    72  serial.o(.text.em_printf)
    initSerial                               0x08002a05   Thumb Code   112  serial.o(.text.initSerial)
    main                                     0x08002a71   Thumb Code   100  main.o(.text.main)
    _btod_d2e                                0x08002ad5   Thumb Code    62  btod.o(CL$$btod_d2e)
    _d2e_denorm_low                          0x08002b13   Thumb Code    70  btod.o(CL$$btod_d2e_denorm_low)
    _d2e_norm_op1                            0x08002b59   Thumb Code    96  btod.o(CL$$btod_d2e_norm_op1)
    __btod_div_common                        0x08002bb9   Thumb Code   696  btod.o(CL$$btod_div_common)
    _e2e                                     0x08002ef1   Thumb Code   220  btod.o(CL$$btod_e2e)
    _btod_ediv                               0x08002fcd   Thumb Code    42  btod.o(CL$$btod_ediv)
    _btod_emul                               0x08002ff7   Thumb Code    42  btod.o(CL$$btod_emul)
    __btod_mult_common                       0x08003021   Thumb Code   580  btod.o(CL$$btod_mult_common)
    __ARM_fpclassify                         0x08003265   Thumb Code    48  fpclassify.o(i.__ARM_fpclassify)
    _is_digit                                0x08003295   Thumb Code    14  __printf_wp.o(i._is_digit)
    _get_lc_numeric                          0x080032a5   Thumb Code    44  lc_numeric_c.o(locale$$code)
    _get_lc_ctype                            0x080032d1   Thumb Code    44  lc_ctype_c.o(locale$$code)
    _fp_init                                 0x080032fd   Thumb Code    26  fpinit.o(x$fpl$fpinit)
    __fplib_config_fpu_vfp                   0x08003315   Thumb Code     0  fpinit.o(x$fpl$fpinit)
    __fplib_config_pureend_doubles           0x08003315   Thumb Code     0  fpinit.o(x$fpl$fpinit)
    _printf_fp_dec                           0x08003317   Thumb Code     4  printf1.o(x$fpl$printf1)
    _printf_fp_hex                           0x0800331b   Thumb Code     4  printf2.o(x$fpl$printf2)
    __I$use$fp                               0x0800331e   Number         0  usenofp.o(x$fpl$usenofp)
    AHBPrescTable                            0x0800341c   Data          16  system_stm32f4xx.o(.rodata.AHBPrescTable)
    APBPrescTable                            0x0800342c   Data           8  system_stm32f4xx.o(.rodata.APBPrescTable)
    Region$$Table$$Base                      0x08003434   Number         0  anon$$obj.o(Region$$Table)
    Region$$Table$$Limit                     0x08003454   Number         0  anon$$obj.o(Region$$Table)
    __ctype                                  0x0800347d   Data           0  lc_ctype_c.o(locale$$data)
    uwTickFreq                               0x20000000   Data           1  stm32f4xx_hal.o(.data..L_MergedGlobals)
    uwTickPrio                               0x20000004   Data           4  stm32f4xx_hal.o(.data..L_MergedGlobals)
    SystemCoreClock                          0x20000008   Data           4  system_stm32f4xx.o(.data.SystemCoreClock)
    __libspace_start                         0x20000010   Data          96  libspace.o(.bss)
    __temporary_stack_top$libspace           0x20000070   Data           0  libspace.o(.bss)
    rex_recv                                 0x20000070   Data           4  serial.o(.bss..L_MergedGlobals)
    recCnt                                   0x20000074   Data           4  serial.o(.bss..L_MergedGlobals)
    hdma_usart1_rx                           0x20000078   Data          96  usart.o(.bss.hdma_usart1_rx)
    hdma_usart1_tx                           0x200000d8   Data          96  usart.o(.bss.hdma_usart1_tx)
    htim11                                   0x20000138   Data          64  stm32f4xx_hal_timebase_tim.o(.bss.htim11)
    huart1                                   0x20000178   Data          64  usart.o(.bss.huart1)
    length                                   0x200001b8   Data           2  serial.o(.bss.length)
    printf_buf                               0x200001ba   Data         512  serial.o(.bss.printf_buf)
    recvbuf                                  0x200003ba   Data         512  serial.o(.bss.recvbuf)
    uwTick                                   0x200005bc   Data           4  stm32f4xx_hal.o(.bss.uwTick)



==============================================================================

Memory Map of the image

  Image Entry point : 0x08000199

  Load Region LR_IROM1 (Base: 0x08000000, Size: 0x00003590, Max: 0x00080000, ABSOLUTE)

    Execution Region ER_IROM1 (Exec base: 0x08000000, Load base: 0x08000000, Size: 0x00003580, Max: 0x00080000, ABSOLUTE)

    Exec Addr    Load Addr    Size         Type   Attr      Idx    E Section Name        Object

    0x08000000   0x08000000   0x00000198   Data   RO            3    RESET               startup_stm32f411xe.o
    0x08000198   0x08000198   0x00000008   Code   RO         1036  * !!!main             c_w.l(__main.o)
    0x080001a0   0x080001a0   0x00000034   Code   RO         1383    !!!scatter          c_w.l(__scatter.o)
    0x080001d4   0x080001d4   0x0000001a   Code   RO         1385    !!handler_copy      c_w.l(__scatter_copy.o)
    0x080001ee   0x080001ee   0x00000002   PAD
    0x080001f0   0x080001f0   0x0000001c   Code   RO         1387    !!handler_zi        c_w.l(__scatter_zi.o)
    0x0800020c   0x0800020c   0x00000000   Code   RO         1126    .ARM.Collect$$_printf_percent$$00000000  c_w.l(_printf_percent.o)
    0x0800020c   0x0800020c   0x00000006   Code   RO         1115    .ARM.Collect$$_printf_percent$$00000001  c_w.l(_printf_n.o)
    0x08000212   0x08000212   0x00000006   Code   RO         1117    .ARM.Collect$$_printf_percent$$00000002  c_w.l(_printf_p.o)
    0x08000218   0x08000218   0x00000006   Code   RO         1122    .ARM.Collect$$_printf_percent$$00000003  c_w.l(_printf_f.o)
    0x0800021e   0x0800021e   0x00000006   Code   RO         1123    .ARM.Collect$$_printf_percent$$00000004  c_w.l(_printf_e.o)
    0x08000224   0x08000224   0x00000006   Code   RO         1124    .ARM.Collect$$_printf_percent$$00000005  c_w.l(_printf_g.o)
    0x0800022a   0x0800022a   0x00000006   Code   RO         1125    .ARM.Collect$$_printf_percent$$00000006  c_w.l(_printf_a.o)
    0x08000230   0x08000230   0x0000000a   Code   RO         1130    .ARM.Collect$$_printf_percent$$00000007  c_w.l(_printf_ll.o)
    0x0800023a   0x0800023a   0x00000006   Code   RO         1119    .ARM.Collect$$_printf_percent$$00000008  c_w.l(_printf_i.o)
    0x08000240   0x08000240   0x00000006   Code   RO         1120    .ARM.Collect$$_printf_percent$$00000009  c_w.l(_printf_d.o)
    0x08000246   0x08000246   0x00000006   Code   RO         1121    .ARM.Collect$$_printf_percent$$0000000A  c_w.l(_printf_u.o)
    0x0800024c   0x0800024c   0x00000006   Code   RO         1118    .ARM.Collect$$_printf_percent$$0000000B  c_w.l(_printf_o.o)
    0x08000252   0x08000252   0x00000006   Code   RO         1116    .ARM.Collect$$_printf_percent$$0000000C  c_w.l(_printf_x.o)
    0x08000258   0x08000258   0x00000006   Code   RO         1127    .ARM.Collect$$_printf_percent$$0000000D  c_w.l(_printf_lli.o)
    0x0800025e   0x0800025e   0x00000006   Code   RO         1128    .ARM.Collect$$_printf_percent$$0000000E  c_w.l(_printf_lld.o)
    0x08000264   0x08000264   0x00000006   Code   RO         1129    .ARM.Collect$$_printf_percent$$0000000F  c_w.l(_printf_llu.o)
    0x0800026a   0x0800026a   0x00000006   Code   RO         1134    .ARM.Collect$$_printf_percent$$00000010  c_w.l(_printf_llo.o)
    0x08000270   0x08000270   0x00000006   Code   RO         1135    .ARM.Collect$$_printf_percent$$00000011  c_w.l(_printf_llx.o)
    0x08000276   0x08000276   0x0000000a   Code   RO         1131    .ARM.Collect$$_printf_percent$$00000012  c_w.l(_printf_l.o)
    0x08000280   0x08000280   0x00000006   Code   RO         1113    .ARM.Collect$$_printf_percent$$00000013  c_w.l(_printf_c.o)
    0x08000286   0x08000286   0x00000006   Code   RO         1114    .ARM.Collect$$_printf_percent$$00000014  c_w.l(_printf_s.o)
    0x0800028c   0x0800028c   0x00000006   Code   RO         1132    .ARM.Collect$$_printf_percent$$00000015  c_w.l(_printf_lc.o)
    0x08000292   0x08000292   0x00000006   Code   RO         1133    .ARM.Collect$$_printf_percent$$00000016  c_w.l(_printf_ls.o)
    0x08000298   0x08000298   0x00000004   Code   RO         1178    .ARM.Collect$$_printf_percent$$00000017  c_w.l(_printf_percent_end.o)
    0x0800029c   0x0800029c   0x00000002   Code   RO         1233    .ARM.Collect$$libinit$$00000000  c_w.l(libinit.o)
    0x0800029e   0x0800029e   0x00000004   Code   RO         1257    .ARM.Collect$$libinit$$00000001  c_w.l(libinit2.o)
    0x080002a2   0x080002a2   0x00000000   Code   RO         1260    .ARM.Collect$$libinit$$00000004  c_w.l(libinit2.o)
    0x080002a2   0x080002a2   0x00000000   Code   RO         1263    .ARM.Collect$$libinit$$0000000A  c_w.l(libinit2.o)
    0x080002a2   0x080002a2   0x00000000   Code   RO         1265    .ARM.Collect$$libinit$$0000000C  c_w.l(libinit2.o)
    0x080002a2   0x080002a2   0x00000000   Code   RO         1267    .ARM.Collect$$libinit$$0000000E  c_w.l(libinit2.o)
    0x080002a2   0x080002a2   0x00000006   Code   RO         1268    .ARM.Collect$$libinit$$0000000F  c_w.l(libinit2.o)
    0x080002a8   0x080002a8   0x00000000   Code   RO         1270    .ARM.Collect$$libinit$$00000011  c_w.l(libinit2.o)
    0x080002a8   0x080002a8   0x0000000c   Code   RO         1271    .ARM.Collect$$libinit$$00000012  c_w.l(libinit2.o)
    0x080002b4   0x080002b4   0x00000000   Code   RO         1272    .ARM.Collect$$libinit$$00000013  c_w.l(libinit2.o)
    0x080002b4   0x080002b4   0x00000000   Code   RO         1274    .ARM.Collect$$libinit$$00000015  c_w.l(libinit2.o)
    0x080002b4   0x080002b4   0x0000000a   Code   RO         1275    .ARM.Collect$$libinit$$00000016  c_w.l(libinit2.o)
    0x080002be   0x080002be   0x00000000   Code   RO         1276    .ARM.Collect$$libinit$$00000017  c_w.l(libinit2.o)
    0x080002be   0x080002be   0x00000000   Code   RO         1278    .ARM.Collect$$libinit$$00000019  c_w.l(libinit2.o)
    0x080002be   0x080002be   0x00000000   Code   RO         1280    .ARM.Collect$$libinit$$0000001B  c_w.l(libinit2.o)
    0x080002be   0x080002be   0x00000000   Code   RO         1282    .ARM.Collect$$libinit$$0000001D  c_w.l(libinit2.o)
    0x080002be   0x080002be   0x00000000   Code   RO         1284    .ARM.Collect$$libinit$$0000001F  c_w.l(libinit2.o)
    0x080002be   0x080002be   0x00000000   Code   RO         1286    .ARM.Collect$$libinit$$00000021  c_w.l(libinit2.o)
    0x080002be   0x080002be   0x00000000   Code   RO         1288    .ARM.Collect$$libinit$$00000023  c_w.l(libinit2.o)
    0x080002be   0x080002be   0x00000000   Code   RO         1290    .ARM.Collect$$libinit$$00000025  c_w.l(libinit2.o)
    0x080002be   0x080002be   0x00000000   Code   RO         1294    .ARM.Collect$$libinit$$0000002C  c_w.l(libinit2.o)
    0x080002be   0x080002be   0x00000000   Code   RO         1296    .ARM.Collect$$libinit$$0000002E  c_w.l(libinit2.o)
    0x080002be   0x080002be   0x00000000   Code   RO         1298    .ARM.Collect$$libinit$$00000030  c_w.l(libinit2.o)
    0x080002be   0x080002be   0x00000000   Code   RO         1300    .ARM.Collect$$libinit$$00000032  c_w.l(libinit2.o)
    0x080002be   0x080002be   0x00000002   Code   RO         1301    .ARM.Collect$$libinit$$00000033  c_w.l(libinit2.o)
    0x080002c0   0x080002c0   0x00000002   Code   RO         1338    .ARM.Collect$$libshutdown$$00000000  c_w.l(libshutdown.o)
    0x080002c2   0x080002c2   0x00000000   Code   RO         1366    .ARM.Collect$$libshutdown$$00000002  c_w.l(libshutdown2.o)
    0x080002c2   0x080002c2   0x00000000   Code   RO         1368    .ARM.Collect$$libshutdown$$00000004  c_w.l(libshutdown2.o)
    0x080002c2   0x080002c2   0x00000000   Code   RO         1371    .ARM.Collect$$libshutdown$$00000007  c_w.l(libshutdown2.o)
    0x080002c2   0x080002c2   0x00000000   Code   RO         1374    .ARM.Collect$$libshutdown$$0000000A  c_w.l(libshutdown2.o)
    0x080002c2   0x080002c2   0x00000000   Code   RO         1376    .ARM.Collect$$libshutdown$$0000000C  c_w.l(libshutdown2.o)
    0x080002c2   0x080002c2   0x00000000   Code   RO         1379    .ARM.Collect$$libshutdown$$0000000F  c_w.l(libshutdown2.o)
    0x080002c2   0x080002c2   0x00000002   Code   RO         1380    .ARM.Collect$$libshutdown$$00000010  c_w.l(libshutdown2.o)
    0x080002c4   0x080002c4   0x00000000   Code   RO         1038    .ARM.Collect$$rtentry$$00000000  c_w.l(__rtentry.o)
    0x080002c4   0x080002c4   0x00000000   Code   RO         1145    .ARM.Collect$$rtentry$$00000002  c_w.l(__rtentry2.o)
    0x080002c4   0x080002c4   0x00000006   Code   RO         1157    .ARM.Collect$$rtentry$$00000004  c_w.l(__rtentry4.o)
    0x080002ca   0x080002ca   0x00000000   Code   RO         1147    .ARM.Collect$$rtentry$$00000009  c_w.l(__rtentry2.o)
    0x080002ca   0x080002ca   0x00000004   Code   RO         1148    .ARM.Collect$$rtentry$$0000000A  c_w.l(__rtentry2.o)
    0x080002ce   0x080002ce   0x00000000   Code   RO         1150    .ARM.Collect$$rtentry$$0000000C  c_w.l(__rtentry2.o)
    0x080002ce   0x080002ce   0x00000008   Code   RO         1151    .ARM.Collect$$rtentry$$0000000D  c_w.l(__rtentry2.o)
    0x080002d6   0x080002d6   0x00000002   Code   RO         1242    .ARM.Collect$$rtexit$$00000000  c_w.l(rtexit.o)
    0x080002d8   0x080002d8   0x00000000   Code   RO         1307    .ARM.Collect$$rtexit$$00000002  c_w.l(rtexit2.o)
    0x080002d8   0x080002d8   0x00000004   Code   RO         1308    .ARM.Collect$$rtexit$$00000003  c_w.l(rtexit2.o)
    0x080002dc   0x080002dc   0x00000006   Code   RO         1309    .ARM.Collect$$rtexit$$00000004  c_w.l(rtexit2.o)
    0x080002e2   0x080002e2   0x00000002   PAD
    0x080002e4   0x080002e4   0x00000040   Code   RO            4    .text               startup_stm32f411xe.o
    0x08000324   0x08000324   0x000000ee   Code   RO         1028    .text               c_w.l(lludivv7m.o)
    0x08000412   0x08000412   0x00000002   PAD
    0x08000414   0x08000414   0x00000034   Code   RO         1030    .text               c_w.l(vsnprintf.o)
    0x08000448   0x08000448   0x0000004e   Code   RO         1032    .text               c_w.l(rt_memclr_w.o)
    0x08000496   0x08000496   0x00000006   Code   RO         1034    .text               c_w.l(heapauxi.o)
    0x0800049c   0x0800049c   0x0000004e   Code   RO         1045    .text               c_w.l(_printf_pad.o)
    0x080004ea   0x080004ea   0x00000024   Code   RO         1047    .text               c_w.l(_printf_truncate.o)
    0x0800050e   0x0800050e   0x00000052   Code   RO         1049    .text               c_w.l(_printf_str.o)
    0x08000560   0x08000560   0x00000078   Code   RO         1051    .text               c_w.l(_printf_dec.o)
    0x080005d8   0x080005d8   0x00000028   Code   RO         1053    .text               c_w.l(_printf_charcount.o)
    0x08000600   0x08000600   0x00000030   Code   RO         1055    .text               c_w.l(_printf_char_common.o)
    0x08000630   0x08000630   0x0000000a   Code   RO         1057    .text               c_w.l(_sputc.o)
    0x0800063a   0x0800063a   0x00000010   Code   RO         1059    .text               c_w.l(_snputc.o)
    0x0800064a   0x0800064a   0x00000002   PAD
    0x0800064c   0x0800064c   0x000000bc   Code   RO         1061    .text               c_w.l(_printf_wctomb.o)
    0x08000708   0x08000708   0x0000007c   Code   RO         1064    .text               c_w.l(_printf_longlong_dec.o)
    0x08000784   0x08000784   0x00000070   Code   RO         1070    .text               c_w.l(_printf_oct_int_ll.o)
    0x080007f4   0x080007f4   0x00000094   Code   RO         1090    .text               c_w.l(_printf_hex_int_ll_ptr.o)
    0x08000888   0x08000888   0x00000188   Code   RO         1110    .text               c_w.l(__printf_flags_ss_wp.o)
    0x08000a10   0x08000a10   0x0000008a   Code   RO         1161    .text               c_w.l(lludiv10.o)
    0x08000a9a   0x08000a9a   0x000000b2   Code   RO         1163    .text               c_w.l(_printf_intcommon.o)
    0x08000b4c   0x08000b4c   0x0000041c   Code   RO         1165    .text               c_w.l(_printf_fp_dec.o)
    0x08000f68   0x08000f68   0x000002fc   Code   RO         1169    .text               c_w.l(_printf_fp_hex.o)
    0x08001264   0x08001264   0x0000002c   Code   RO         1174    .text               c_w.l(_printf_char.o)
    0x08001290   0x08001290   0x0000002c   Code   RO         1176    .text               c_w.l(_printf_wchar.o)
    0x080012bc   0x080012bc   0x00000048   Code   RO         1179    .text               c_w.l(_c16rtomb.o)
    0x08001304   0x08001304   0x0000004a   Code   RO         1181    .text               c_w.l(sys_stackheap_outer.o)
    0x0800134e   0x0800134e   0x00000002   PAD
    0x08001350   0x08001350   0x00000010   Code   RO         1183    .text               c_w.l(rt_ctype_table.o)
    0x08001360   0x08001360   0x00000008   Code   RO         1188    .text               c_w.l(rt_locale_intlibspace.o)
    0x08001368   0x08001368   0x00000080   Code   RO         1190    .text               c_w.l(_printf_fp_infnan.o)
    0x080013e8   0x080013e8   0x000000e4   Code   RO         1192    .text               c_w.l(bigflt0.o)
    0x080014cc   0x080014cc   0x00000012   Code   RO         1222    .text               c_w.l(exit.o)
    0x080014de   0x080014de   0x00000002   PAD
    0x080014e0   0x080014e0   0x00000008   Code   RO         1239    .text               c_w.l(libspace.o)
    0x080014e8   0x080014e8   0x0000007c   Code   RO         1255    .text               c_w.l(strcmpv7em.o)
    0x08001564   0x08001564   0x0000000c   Code   RO         1302    .text               c_w.l(sys_exit.o)
    0x08001570   0x08001570   0x00000002   Code   RO         1327    .text               c_w.l(use_no_semi.o)
    0x08001572   0x08001572   0x00000000   Code   RO         1329    .text               c_w.l(indicate_semi.o)
    0x08001572   0x08001572   0x00000002   Code   RO           74    .text.BusFault_Handler  stm32f4xx_it.o
    0x08001574   0x08001574   0x0000000c   Code   RO           88    .text.DMA2_Stream2_IRQHandler  stm32f4xx_it.o
    0x08001580   0x08001580   0x0000000c   Code   RO           90    .text.DMA2_Stream7_IRQHandler  stm32f4xx_it.o
    0x0800158c   0x0800158c   0x00000030   Code   RO          763    .text.DMA_CalcBaseAndBitshift  stm32f4xx_hal_dma.o
    0x080015bc   0x080015bc   0x0000002e   Code   RO          769    .text.DMA_SetConfig  stm32f4xx_hal_dma.o
    0x080015ea   0x080015ea   0x00000002   Code   RO           80    .text.DebugMon_Handler  stm32f4xx_it.o
    0x080015ec   0x080015ec   0x00000002   Code   RO           15    .text.Error_Handler  main.o
    0x080015ee   0x080015ee   0x00000002   PAD
    0x080015f0   0x080015f0   0x00000170   Code   RO          779    .text.HAL_DMA_IRQHandler  stm32f4xx_hal_dma.o
    0x08001760   0x08001760   0x00000128   Code   RO          761    .text.HAL_DMA_Init  stm32f4xx_hal_dma.o
    0x08001888   0x08001888   0x0000006a   Code   RO          771    .text.HAL_DMA_Start_IT  stm32f4xx_hal_dma.o
    0x080018f2   0x080018f2   0x00000002   PAD
    0x080018f4   0x080018f4   0x00000020   Code   RO          939    .text.HAL_Delay     stm32f4xx_hal.o
    0x08001914   0x08001914   0x00000188   Code   RO          721    .text.HAL_GPIO_Init  stm32f4xx_hal_gpio.o
    0x08001a9c   0x08001a9c   0x0000000e   Code   RO          729    .text.HAL_GPIO_TogglePin  stm32f4xx_hal_gpio.o
    0x08001aaa   0x08001aaa   0x0000000a   Code   RO          727    .text.HAL_GPIO_WritePin  stm32f4xx_hal_gpio.o
    0x08001ab4   0x08001ab4   0x00000008   Code   RO          931    .text.HAL_GetTick   stm32f4xx_hal.o
    0x08001abc   0x08001abc   0x00000018   Code   RO          929    .text.HAL_IncTick   stm32f4xx_hal.o
    0x08001ad4   0x08001ad4   0x00000034   Code   RO          919    .text.HAL_Init      stm32f4xx_hal.o
    0x08001b08   0x08001b08   0x00000078   Code   RO          109    .text.HAL_InitTick  stm32f4xx_hal_timebase_tim.o
    0x08001b80   0x08001b80   0x00000038   Code   RO          100    .text.HAL_MspInit   stm32f4xx_hal_msp.o
    0x08001bb8   0x08001bb8   0x0000001c   Code   RO          876    .text.HAL_NVIC_EnableIRQ  stm32f4xx_hal_cortex.o
    0x08001bd4   0x08001bd4   0x0000003c   Code   RO          872    .text.HAL_NVIC_SetPriority  stm32f4xx_hal_cortex.o
    0x08001c10   0x08001c10   0x00000020   Code   RO          870    .text.HAL_NVIC_SetPriorityGrouping  stm32f4xx_hal_cortex.o
    0x08001c30   0x08001c30   0x00000120   Code   RO          581    .text.HAL_RCC_ClockConfig  stm32f4xx_hal_rcc.o
    0x08001d50   0x08001d50   0x00000038   Code   RO          599    .text.HAL_RCC_GetClockConfig  stm32f4xx_hal_rcc.o
    0x08001d88   0x08001d88   0x00000014   Code   RO          593    .text.HAL_RCC_GetPCLK1Freq  stm32f4xx_hal_rcc.o
    0x08001d9c   0x08001d9c   0x00000020   Code   RO          595    .text.HAL_RCC_GetPCLK2Freq  stm32f4xx_hal_rcc.o
    0x08001dbc   0x08001dbc   0x0000005c   Code   RO          583    .text.HAL_RCC_GetSysClockFreq  stm32f4xx_hal_rcc.o
    0x08001e18   0x08001e18   0x000002d8   Code   RO          579    .text.HAL_RCC_OscConfig  stm32f4xx_hal_rcc.o
    0x080020f0   0x080020f0   0x00000002   Code   RO          451    .text.HAL_TIMEx_BreakCallback  stm32f4xx_hal_tim_ex.o
    0x080020f2   0x080020f2   0x00000002   Code   RO          447    .text.HAL_TIMEx_CommutCallback  stm32f4xx_hal_tim_ex.o
    0x080020f4   0x080020f4   0x00000034   Code   RO          146    .text.HAL_TIM_Base_Init  stm32f4xx_hal_tim.o
    0x08002128   0x08002128   0x00000002   Code   RO          148    .text.HAL_TIM_Base_MspInit  stm32f4xx_hal_tim.o
    0x0800212a   0x0800212a   0x00000020   Code   RO          160    .text.HAL_TIM_Base_Start_IT  stm32f4xx_hal_tim.o
    0x0800214a   0x0800214a   0x00000002   Code   RO          282    .text.HAL_TIM_IC_CaptureCallback  stm32f4xx_hal_tim.o
    0x0800214c   0x0800214c   0x0000016a   Code   RO          280    .text.HAL_TIM_IRQHandler  stm32f4xx_hal_tim.o
    0x080022b6   0x080022b6   0x00000002   Code   RO          284    .text.HAL_TIM_OC_DelayElapsedCallback  stm32f4xx_hal_tim.o
    0x080022b8   0x080022b8   0x00000002   Code   RO          286    .text.HAL_TIM_PWM_PulseFinishedCallback  stm32f4xx_hal_tim.o
    0x080022ba   0x080022ba   0x00000002   PAD
    0x080022bc   0x080022bc   0x00000014   Code   RO           17    .text.HAL_TIM_PeriodElapsedCallback  main.o
    0x080022d0   0x080022d0   0x00000002   Code   RO          290    .text.HAL_TIM_TriggerCallback  stm32f4xx_hal_tim.o
    0x080022d2   0x080022d2   0x00000002   Code   RO          544    .text.HAL_UART_ErrorCallback  stm32f4xx_hal_uart.o
    0x080022d4   0x080022d4   0x0000005c   Code   RO          464    .text.HAL_UART_Init  stm32f4xx_hal_uart.o
    0x08002330   0x08002330   0x000000e8   Code   RO           52    .text.HAL_UART_MspInit  usart.o
    0x08002418   0x08002418   0x00000078   Code   RO          490    .text.HAL_UART_Transmit_DMA  stm32f4xx_hal_uart.o
    0x08002490   0x08002490   0x00000002   Code   RO          546    .text.HAL_UART_TxCpltCallback  stm32f4xx_hal_uart.o
    0x08002492   0x08002492   0x00000002   Code   RO          548    .text.HAL_UART_TxHalfCpltCallback  stm32f4xx_hal_uart.o
    0x08002494   0x08002494   0x00000002   Code   RO           70    .text.HardFault_Handler  stm32f4xx_it.o
    0x08002496   0x08002496   0x00000002   PAD
    0x08002498   0x08002498   0x00000040   Code   RO           40    .text.MX_DMA_Init   dma.o
    0x080024d8   0x080024d8   0x000000cc   Code   RO           29    .text.MX_GPIO_Init  gpio.o
    0x080025a4   0x080025a4   0x00000034   Code   RO           50    .text.MX_USART1_UART_Init  usart.o
    0x080025d8   0x080025d8   0x00000002   Code   RO           72    .text.MemManage_Handler  stm32f4xx_it.o
    0x080025da   0x080025da   0x00000002   Code   RO           68    .text.NMI_Handler   stm32f4xx_it.o
    0x080025dc   0x080025dc   0x00000002   Code   RO           82    .text.PendSV_Handler  stm32f4xx_it.o
    0x080025de   0x080025de   0x00000002   Code   RO           78    .text.SVC_Handler   stm32f4xx_it.o
    0x080025e0   0x080025e0   0x00000002   Code   RO           84    .text.SysTick_Handler  stm32f4xx_it.o
    0x080025e2   0x080025e2   0x00000002   PAD
    0x080025e4   0x080025e4   0x00000084   Code   RO           13    .text.SystemClock_Config  main.o
    0x08002668   0x08002668   0x0000004c   Code   RO         1011    .text.SystemInit    system_stm32f4xx.o
    0x080026b4   0x080026b4   0x0000000c   Code   RO           86    .text.TIM1_TRG_COM_TIM11_IRQHandler  stm32f4xx_it.o
    0x080026c0   0x080026c0   0x00000084   Code   RO          150    .text.TIM_Base_SetConfig  stm32f4xx_hal_tim.o
    0x08002744   0x08002744   0x00000054   Code   RO          496    .text.UART_DMAError  stm32f4xx_hal_uart.o
    0x08002798   0x08002798   0x00000024   Code   RO          492    .text.UART_DMATransmitCplt  stm32f4xx_hal_uart.o
    0x080027bc   0x080027bc   0x00000006   Code   RO          494    .text.UART_DMATxHalfCplt  stm32f4xx_hal_uart.o
    0x080027c2   0x080027c2   0x0000001a   Code   RO          510    .text.UART_EndRxTransfer  stm32f4xx_hal_uart.o
    0x080027dc   0x080027dc   0x0000017c   Code   RO          468    .text.UART_SetConfig  stm32f4xx_hal_uart.o
    0x08002958   0x08002958   0x00000040   Code   RO          131    .text.USART1_IRQHandler  serial.o
    0x08002998   0x08002998   0x00000002   Code   RO           76    .text.UsageFault_Handler  stm32f4xx_it.o
    0x0800299a   0x0800299a   0x00000002   PAD
    0x0800299c   0x0800299c   0x00000024   Code   RO          874    .text.__NVIC_SetPriority  stm32f4xx_hal_cortex.o
    0x080029c0   0x080029c0   0x00000044   Code   RO          125    .text.em_printf     serial.o
    0x08002a04   0x08002a04   0x0000006c   Code   RO          127    .text.initSerial    serial.o
    0x08002a70   0x08002a70   0x00000064   Code   RO           11    .text.main          main.o
    0x08002ad4   0x08002ad4   0x0000003e   Code   RO         1195    CL$$btod_d2e        c_w.l(btod.o)
    0x08002b12   0x08002b12   0x00000046   Code   RO         1197    CL$$btod_d2e_denorm_low  c_w.l(btod.o)
    0x08002b58   0x08002b58   0x00000060   Code   RO         1196    CL$$btod_d2e_norm_op1  c_w.l(btod.o)
    0x08002bb8   0x08002bb8   0x00000338   Code   RO         1205    CL$$btod_div_common  c_w.l(btod.o)
    0x08002ef0   0x08002ef0   0x000000dc   Code   RO         1202    CL$$btod_e2e        c_w.l(btod.o)
    0x08002fcc   0x08002fcc   0x0000002a   Code   RO         1199    CL$$btod_ediv       c_w.l(btod.o)
    0x08002ff6   0x08002ff6   0x0000002a   Code   RO         1198    CL$$btod_emul       c_w.l(btod.o)
    0x08003020   0x08003020   0x00000244   Code   RO         1204    CL$$btod_mult_common  c_w.l(btod.o)
    0x08003264   0x08003264   0x00000030   Code   RO         1237    i.__ARM_fpclassify  m_wm.l(fpclassify.o)
    0x08003294   0x08003294   0x0000000e   Code   RO         1103    i._is_digit         c_w.l(__printf_wp.o)
    0x080032a2   0x080032a2   0x00000002   PAD
    0x080032a4   0x080032a4   0x0000002c   Code   RO         1220    locale$$code        c_w.l(lc_numeric_c.o)
    0x080032d0   0x080032d0   0x0000002c   Code   RO         1249    locale$$code        c_w.l(lc_ctype_c.o)
    0x080032fc   0x080032fc   0x0000001a   Code   RO         1321    x$fpl$fpinit        fz_wm.l(fpinit.o)
    0x08003316   0x08003316   0x00000004   Code   RO         1136    x$fpl$printf1       fz_wm.l(printf1.o)
    0x0800331a   0x0800331a   0x00000004   Code   RO         1138    x$fpl$printf2       fz_wm.l(printf2.o)
    0x0800331e   0x0800331e   0x00000000   Code   RO         1236    x$fpl$usenofp       fz_wm.l(usenofp.o)
    0x0800331e   0x0800331e   0x00000002   PAD
    0x08003320   0x08003320   0x00000008   Data   RO         1062    .constdata          c_w.l(_printf_wctomb.o)
    0x08003328   0x08003328   0x00000028   Data   RO         1091    .constdata          c_w.l(_printf_hex_int_ll_ptr.o)
    0x08003350   0x08003350   0x00000011   Data   RO         1111    .constdata          c_w.l(__printf_flags_ss_wp.o)
    0x08003361   0x08003361   0x00000026   Data   RO         1170    .constdata          c_w.l(_printf_fp_hex.o)
    0x08003387   0x08003387   0x00000001   PAD
    0x08003388   0x08003388   0x00000094   Data   RO         1193    .constdata          c_w.l(bigflt0.o)
    0x0800341c   0x0800341c   0x00000010   Data   RO         1016    .rodata.AHBPrescTable  system_stm32f4xx.o
    0x0800342c   0x0800342c   0x00000008   Data   RO         1017    .rodata.APBPrescTable  system_stm32f4xx.o
    0x08003434   0x08003434   0x00000020   Data   RO         1382    Region$$Table       anon$$obj.o
    0x08003454   0x08003454   0x0000001c   Data   RO         1219    locale$$data        c_w.l(lc_numeric_c.o)
    0x08003470   0x08003470   0x00000110   Data   RO         1248    locale$$data        c_w.l(lc_ctype_c.o)


    Execution Region RW_IRAM1 (Exec base: 0x20000000, Load base: 0x08003580, Size: 0x000011c0, Max: 0x00020000, ABSOLUTE)

    Exec Addr    Load Addr    Size         Type   Attr      Idx    E Section Name        Object

    0x20000000   0x08003580   0x00000008   Data   RW          974    .data..L_MergedGlobals  stm32f4xx_hal.o
    0x20000008   0x08003588   0x00000004   Data   RW         1015    .data.SystemCoreClock  system_stm32f4xx.o
    0x2000000c   0x0800358c   0x00000004   PAD
    0x20000010        -       0x00000060   Zero   RW         1240    .bss                c_w.l(libspace.o)
    0x20000070        -       0x00000008   Zero   RW          136    .bss..L_MergedGlobals  serial.o
    0x20000078        -       0x00000060   Zero   RW           57    .bss.hdma_usart1_rx  usart.o
    0x200000d8        -       0x00000060   Zero   RW           58    .bss.hdma_usart1_tx  usart.o
    0x20000138        -       0x00000040   Zero   RW          115    .bss.htim11         stm32f4xx_hal_timebase_tim.o
    0x20000178        -       0x00000040   Zero   RW           56    .bss.huart1         usart.o
    0x200001b8        -       0x00000002   Zero   RW          134    .bss.length         serial.o
    0x200001ba        -       0x00000200   Zero   RW          133    .bss.printf_buf     serial.o
    0x200003ba        -       0x00000200   Zero   RW          135    .bss.recvbuf        serial.o
    0x200005ba   0x0800358c   0x00000002   PAD
    0x200005bc        -       0x00000004   Zero   RW          973    .bss.uwTick         stm32f4xx_hal.o
    0x200005c0        -       0x00000400   Zero   RW            2    HEAP                startup_stm32f411xe.o
    0x200009c0        -       0x00000800   Zero   RW            1    STACK               startup_stm32f411xe.o


==============================================================================

Image component sizes


      Code (inc. data)   RO Data    RW Data    ZI Data      Debug   Object Name

        64          0          0          0          0       2882   dma.o
       204         16          0          0          0       2274   gpio.o
       254         40          0          0          0       5592   main.o
       240         16          0          0       1034       4326   serial.o
        64         26        408          0       3072        880   startup_stm32f411xe.o
       116         12          0          8          4       6874   stm32f4xx_hal.o
       156         20          0          0          0       9369   stm32f4xx_hal_cortex.o
       864         20          0          0          0       8326   stm32f4xx_hal_dma.o
       416         20          0          0          0       4926   stm32f4xx_hal_gpio.o
        56          4          0          0          0       1545   stm32f4xx_hal_msp.o
      1216         44          0          0          0       7112   stm32f4xx_hal_rcc.o
       588         28          0          0          0      35468   stm32f4xx_hal_tim.o
         4          0          0          0          0      13670   stm32f4xx_hal_tim_ex.o
       120         16          0          0         64       6288   stm32f4xx_hal_timebase_tim.o
       750         24          0          0          0      15883   stm32f4xx_hal_uart.o
        54         12          0          0          0       1338   stm32f4xx_it.o
        76         16         24          4          0       2691   system_stm32f4xx.o
       284         16          0          0        256       6402   usart.o

    ----------------------------------------------------------------------
      5538        330        464         12       4436     135846   Object Totals
         0          0         32          0          0          0   (incl. Generated)
        12          0          0          0          6          0   (incl. Padding)

    ----------------------------------------------------------------------

      Code (inc. data)   RO Data    RW Data    ZI Data      Debug   Library Member Name

         8          0          0          0          0         68   __main.o
       392          4         17          0          0         92   __printf_flags_ss_wp.o
        14          0          0          0          0         68   __printf_wp.o
         0          0          0          0          0          0   __rtentry.o
        12          0          0          0          0          0   __rtentry2.o
         6          0          0          0          0          0   __rtentry4.o
        52          8          0          0          0          0   __scatter.o
        26          0          0          0          0          0   __scatter_copy.o
        28          0          0          0          0          0   __scatter_zi.o
        72          0          0          0          0         96   _c16rtomb.o
         6          0          0          0          0          0   _printf_a.o
         6          0          0          0          0          0   _printf_c.o
        44          0          0          0          0        108   _printf_char.o
        48          6          0          0          0         96   _printf_char_common.o
        40          0          0          0          0         68   _printf_charcount.o
         6          0          0          0          0          0   _printf_d.o
       120         16          0          0          0         92   _printf_dec.o
         6          0          0          0          0          0   _printf_e.o
         6          0          0          0          0          0   _printf_f.o
      1052          0          0          0          0        148   _printf_fp_dec.o
       764          8         38          0          0        100   _printf_fp_hex.o
       128         16          0          0          0         84   _printf_fp_infnan.o
         6          0          0          0          0          0   _printf_g.o
       148          4         40          0          0        160   _printf_hex_int_ll_ptr.o
         6          0          0          0          0          0   _printf_i.o
       178          0          0          0          0         88   _printf_intcommon.o
        10          0          0          0          0          0   _printf_l.o
         6          0          0          0          0          0   _printf_lc.o
        10          0          0          0          0          0   _printf_ll.o
         6          0          0          0          0          0   _printf_lld.o
         6          0          0          0          0          0   _printf_lli.o
         6          0          0          0          0          0   _printf_llo.o
         6          0          0          0          0          0   _printf_llu.o
         6          0          0          0          0          0   _printf_llx.o
       124         16          0          0          0         92   _printf_longlong_dec.o
         6          0          0          0          0          0   _printf_ls.o
         6          0          0          0          0          0   _printf_n.o
         6          0          0          0          0          0   _printf_o.o
       112          8          0          0          0        124   _printf_oct_int_ll.o
         6          0          0          0          0          0   _printf_p.o
        78          0          0          0          0        108   _printf_pad.o
         0          0          0          0          0          0   _printf_percent.o
         4          0          0          0          0          0   _printf_percent_end.o
         6          0          0          0          0          0   _printf_s.o
        82          0          0          0          0         80   _printf_str.o
        36          0          0          0          0         84   _printf_truncate.o
         6          0          0          0          0          0   _printf_u.o
        44          0          0          0          0        108   _printf_wchar.o
       188          6          8          0          0         92   _printf_wctomb.o
         6          0          0          0          0          0   _printf_x.o
        16          0          0          0          0         68   _snputc.o
        10          0          0          0          0         68   _sputc.o
       228          4        148          0          0         96   bigflt0.o
      1936        128          0          0          0        672   btod.o
        18          0          0          0          0         80   exit.o
         6          0          0          0          0        152   heapauxi.o
         0          0          0          0          0          0   indicate_semi.o
        44         10        272          0          0         76   lc_ctype_c.o
        44         10         28          0          0         76   lc_numeric_c.o
         2          0          0          0          0          0   libinit.o
        34          0          0          0          0          0   libinit2.o
         2          0          0          0          0          0   libshutdown.o
         2          0          0          0          0          0   libshutdown2.o
         8          4          0          0         96         68   libspace.o
       138          0          0          0          0         80   lludiv10.o
       238          0          0          0          0        100   lludivv7m.o
        16          4          0          0          0         76   rt_ctype_table.o
         8          4          0          0          0         68   rt_locale_intlibspace.o
        78          0          0          0          0         80   rt_memclr_w.o
         2          0          0          0          0          0   rtexit.o
        10          0          0          0          0          0   rtexit2.o
       124          0          0          0          0         88   strcmpv7em.o
        12          4          0          0          0         68   sys_exit.o
        74          0          0          0          0         80   sys_stackheap_outer.o
         2          0          0          0          0         68   use_no_semi.o
        52          4          0          0          0         80   vsnprintf.o
        26          0          0          0          0        116   fpinit.o
         4          0          0          0          0        116   printf1.o
         4          0          0          0          0        116   printf2.o
         0          0          0          0          0          0   usenofp.o
        48          0          0          0          0        124   fpclassify.o

    ----------------------------------------------------------------------
      7142        264        552          0         96       4572   Library Totals
        16          0          1          0          0          0   (incl. Padding)

    ----------------------------------------------------------------------

      Code (inc. data)   RO Data    RW Data    ZI Data      Debug   Library Name

      7044        264        551          0         96       4100   c_w.l
        34          0          0          0          0        348   fz_wm.l
        48          0          0          0          0        124   m_wm.l

    ----------------------------------------------------------------------
      7142        264        552          0         96       4572   Library Totals

    ----------------------------------------------------------------------

==============================================================================


      Code (inc. data)   RO Data    RW Data    ZI Data      Debug   

     12680        594       1016         12       4532     137778   Grand Totals
     12680        594       1016         12       4532     137778   ELF Image Totals
     12680        594       1016         12          0          0   ROM Totals

==============================================================================

    Total RO  Size (Code + RO Data)                13696 (  13.38kB)
    Total RW  Size (RW Data + ZI Data)              4544 (   4.44kB)
    Total ROM Size (Code + RO Data + RW Data)      13708 (  13.39kB)

==============================================================================

