<html>
<body>
<pre>
<h1>�Vision Build Log</h1>
<h2>Tool Versions:</h2>
IDE-Version: ��Vision V5.29.0.0
Copyright (C) 2019 ARM Ltd and ARM Germany GmbH. All rights reserved.
License Information: 1 lwz, 1, LIC=2TTQ1-C8X11-JPIZQ-N0F8E-3GT9J-VD76Z
 
Tool Versions:
Toolchain:       MDK-ARM Professional  Version: 5.29.0.0
Toolchain Path:  C:\Keil_v5\ARM\ARMCLANG\Bin
C Compiler:      ArmClang.exe V6.13.1
Assembler:       Armasm.exe V6.13.1
Linker/Locator:  ArmLink.exe V6.13.1
Library Manager: ArmAr.exe V6.13.1
Hex Converter:   FromElf.exe V6.13.1
CPU DLL:         SARMCM3.DLL V5.29.0.0
Dialog DLL:      DCM.DLL V1.17.3.0
Target DLL:      Segger\JL2CM3.dll V2.99.36.0
Dialog DLL:      TCM.DLL V1.36.5.0
 
<h2>Project:</h2>
C:\Users\lwz\Desktop\Git\ddzOffice\Tiny-bord\Software\BasicDemo\BackToC\MDK-ARM\BackToC.uvprojx
Project File Date:  01/13/2020

<h2>Output:</h2>
*** Using Compiler 'V6.13.1', folder: 'C:\Keil_v5\ARM\ARMCLANG\Bin'
Build target 'BackToC'
compiling memory.c...
../EM_Users/em_main.c(119): warning: passing 'char [200]' to parameter of type 'unsigned char *' converts between pointers to integer types with different sign [-Wpointer-sign]
            len = MQTTSerialize_connect(mqttbuf, buflen, &data);                /*1 ¹¹ÔìÁ¬½Ó±¨ÎÄ*/
                                        ^~~~~~~
../MQTT\MQTTConnect.h(139): note: passing argument to parameter 'buf' here
DLLExport int MQTTSerialize_connect(unsigned char* buf, int buflen, MQTTPacket_connectData* options);
                                                   ^
../EM_Users/em_main.c(121): warning: passing 'char [200]' to parameter of type 'unsigned char *' converts between pointers to integer types with different sign [-Wpointer-sign]
            transport_sendPacketBuffer(mqtt, mqttbuf, len); //·¢ËÍÁ¬½ÓÇëÇó
                                             ^~~~~~~
../MQTT\transport.h(18): note: passing argument to parameter 'buf' here
int transport_sendPacketBuffer(int sock, unsigned char* buf, int buflen);
                                                        ^
../EM_Users/em_main.c(127): warning: passing 'char [200]' to parameter of type 'unsigned char *' converts between pointers to integer types with different sign [-Wpointer-sign]
                    while (MQTTPacket_read(mqttbuf, buflen, transport_getdata) != CONNACK) //¶Ô½ÓÊÕµ½µÄ±¨ÎÄ½øÐÐ½âÎö
                                           ^~~~~~~
../MQTT/MQTTPacket.h(115): note: passing argument to parameter 'buf' here
DLLExport int MQTTPacket_read(unsigned char* buf, int buflen, int (*getfn)(unsigned char*, int));
                                             ^
../EM_Users/em_main.c(131): warning: passing 'char [200]' to parameter of type 'unsigned char *' converts between pointers to integer types with different sign [-Wpointer-sign]
                } while (MQTTDeserialize_connack(&sessionPresent, &connack_rc, mqttbuf, buflen) != 1 || connack_rc != 0);
                                                                               ^~~~~~~
../MQTT\MQTTConnect.h(143): note: passing argument to parameter 'buf' here
DLLExport int MQTTDeserialize_connack(unsigned char* sessionPresent, unsigned char* connack_rc, unsigned char* buf, int buflen);
                                                                                                               ^
../EM_Users/em_main.c(150): warning: passing 'char [200]' to parameter of type 'unsigned char *' converts between pointers to integer types with different sign [-Wpointer-sign]
        len = MQTTSerialize_pingreq(mqttbuf, buflen);
                                    ^~~~~~~
../MQTT\MQTTConnect.h(146): note: passing argument to parameter 'buf' here
DLLExport int MQTTSerialize_pingreq(unsigned char* buf, int buflen);
                                                   ^
../EM_Users/em_main.c(151): warning: passing 'char [200]' to parameter of type 'unsigned char *' converts between pointers to integer types with different sign [-Wpointer-sign]
        transport_sendPacketBuffer(mqtt, mqttbuf, len);
                                         ^~~~~~~
../MQTT\transport.h(18): note: passing argument to parameter 'buf' here
int transport_sendPacketBuffer(int sock, unsigned char* buf, int buflen);
                                                        ^
6 warnings generated.
compiling em_main.c...
compiling oled.c...
compiling serial.c...
compiling setup.c...
../EM_Device/wifi.c(537): warning: control reaches end of non-void function [-Wreturn-type]
}
^
1 warning generated.
compiling wifi.c...
compiling w25qxx.c...
compiling signal_slot.c...
compiling MQTTConnectServer.c...
compiling MQTTDeserializePublish.c...
compiling MQTTConnectClient.c...
compiling MQTTSerializePublish.c...
compiling MQTTFormat.c...
compiling MQTTPacket.c...
compiling MQTTSubscribeClient.c...
compiling MQTTSubscribeServer.c...
compiling MQTTUnsubscribeClient.c...
compiling MQTTUnsubscribeServer.c...
compiling transport.c...
compiling main.c...
compiling gpio.c...
compiling dma.c...
compiling rtc.c...
compiling i2c.c...
compiling spi.c...
compiling stm32f4xx_hal_timebase_tim.c...
compiling usart.c...
compiling sys.c...
compiling tim.c...
assembling startup_stm32f411xe.s...
compiling stm32f4xx_it.c...
compiling stm32f4xx_hal_msp.c...
compiling stm32f4xx_hal_i2c_ex.c...
compiling stm32f4xx_hal_rcc_ex.c...
compiling stm32f4xx_hal_rcc.c...
compiling stm32f4xx_hal_flash.c...
compiling stm32f4xx_hal_flash_ramfunc.c...
compiling stm32f4xx_hal_flash_ex.c...
compiling stm32f4xx_hal_gpio.c...
compiling stm32f4xx_hal_i2c.c...
compiling stm32f4xx_hal_dma_ex.c...
compiling stm32f4xx_hal_dma.c...
compiling stm32f4xx_hal_pwr.c...
compiling stm32f4xx_hal_pwr_ex.c...
compiling stm32f4xx_hal_cortex.c...
compiling stm32f4xx_hal.c...
compiling stm32f4xx_hal_exti.c...
compiling stm32f4xx_hal_rtc.c...
compiling stm32f4xx_hal_rtc_ex.c...
assembling irq_cm4f.s...
compiling stm32f4xx_hal_tim_ex.c...
compiling stm32f4xx_hal_spi.c...
compiling system_stm32f4xx.c...
compiling stm32f4xx_hal_uart.c...
compiling stm32f4xx_hal_tim.c...
compiling rtx_delay.c...
compiling rtx_lib.c...
compiling rtx_evflags.c...
compiling rtx_memory.c...
compiling rtx_kernel.c...
compiling rtx_evr.c...
compiling rtx_mempool.c...
compiling rtx_mutex.c...
compiling rtx_semaphore.c...
compiling rtx_msgqueue.c...
compiling rtx_system.c...
compiling rtx_timer.c...
compiling RTX_Config.c...
compiling os_systick.c...
compiling retarget_io.c...
compiling rtx_thread.c...
compiling EventRecorder.c...
compiling cJSON_Utils.c...
compiling cJSON.c...
linking...
Program Size: Code=35790 RO-data=1554 RW-data=180 ZI-data=46860  
FromELF: creating hex file...
"BackToC\BackToC.axf" - 0 Error(s), 7 Warning(s).

<h2>Software Packages used:</h2>

Package Vendor: ARM
                http://www.keil.com/pack/ARM.CMSIS.5.6.0.pack
                ARM.CMSIS.5.6.0
                CMSIS (Cortex Microcontroller Software Interface Standard)
   * Component: RTOS2 Version: 2.1.3
   * Component: CORE Version: 5.3.0
   * Component: Keil RTX5 Variant: Source Version: 5.5.1

Package Vendor: MDK-Packs
                https://github.com/MDK-Packs/Pack/raw/master/cJSON/MDK-Packs.cJSON.1.0.0.pack
                MDK-Packs.cJSON.1.0.0
                Ultralightweight JSON parser in ANSI C
   * Component: cJSON Version: 1.7.7

Package Vendor: Keil
                http://www.keil.com/pack/Keil.ARM_Compiler.1.6.2.pack
                Keil.ARM_Compiler.1.6.2
                Keil ARM Compiler extensions for ARM Compiler 5 and ARM Compiler 6
   * Component: Event Recorder Variant: DAP Version: 1.4.0
   * Component: STDOUT Variant: EVR Version: 1.2.0

Package Vendor: Keil
                http://www.keil.com/pack/Keil.STM32F4xx_DFP.2.14.0.pack
                Keil.STM32F4xx_DFP.2.14.0
                STMicroelectronics STM32F4 Series Device Support, Drivers and Examples

<h2>Collection of Component include folders:</h2>
  .\RTE\CMSIS
  .\RTE\Compiler
  .\RTE\_BackToC
  C:\Users\lwz\AppData\Local\Arm\Packs\ARM\CMSIS\5.6.0\CMSIS\Core\Include
  C:\Users\lwz\AppData\Local\Arm\Packs\ARM\CMSIS\5.6.0\CMSIS\RTOS2\Include
  C:\Users\lwz\AppData\Local\Arm\Packs\ARM\CMSIS\5.6.0\CMSIS\RTOS2\RTX\Include
  C:\Users\lwz\AppData\Local\Arm\Packs\Keil\ARM_Compiler\1.6.2\Include
  C:\Users\lwz\AppData\Local\Arm\Packs\Keil\STM32F4xx_DFP\2.14.0\Drivers\CMSIS\Device\ST\STM32F4xx\Include
  C:\Users\lwz\AppData\Local\Arm\Packs\MDK-Packs\cJSON\1.0.0

<h2>Collection of Component Files used:</h2>

   * Component: ::CMSIS:RTOS2:2.1.3 (API)
      Include file:  CMSIS\RTOS2\Include\cmsis_os2.h

   * Component: ARM::CMSIS:CORE:5.3.0

   * Component: ARM::CMSIS:RTOS2:Keil RTX5:Source:5.5.1
      Source file:   CMSIS\RTOS2\Source\os_systick.c
      Source file:   CMSIS\RTOS2\RTX\Source\rtx_msgqueue.c
      Source file:   CMSIS\RTOS2\RTX\Source\rtx_timer.c
      Source file:   CMSIS\RTOS2\RTX\Source\rtx_lib.c
      Source file:   CMSIS\RTOS2\RTX\Source\rtx_evr.c
      Source file:   CMSIS\RTOS2\RTX\Source\ARM\irq_cm4f.s
      Source file:   CMSIS\RTOS2\RTX\Source\rtx_semaphore.c
      Source file:   CMSIS\RTOS2\RTX\Source\rtx_mempool.c
      Source file:   CMSIS\RTOS2\RTX\Source\rtx_system.c
      Source file:   CMSIS\RTOS2\RTX\Source\rtx_memory.c
      Source file:   CMSIS\RTOS2\RTX\Source\rtx_delay.c
      Source file:   CMSIS\RTOS2\RTX\Source\rtx_evflags.c
      Source file:   CMSIS\RTOS2\RTX\Source\rtx_mutex.c
      Source file:   CMSIS\RTOS2\RTX\Template\MsgQueue.c
      Source file:   CMSIS\RTOS2\RTX\Template\Mutex.c
      Source file:   CMSIS\RTOS2\RTX\Template\Semaphore.c
      Source file:   CMSIS\RTOS2\RTX\Template\Thread.c
      Source file:   CMSIS\RTOS2\RTX\Template\Timer.c
      Source file:   CMSIS\RTOS2\RTX\Template\svc_user.c
      Source file:   CMSIS\RTOS2\RTX\Source\rtx_kernel.c
      Source file:   CMSIS\RTOS2\RTX\Source\rtx_thread.c
      Include file:  CMSIS\RTOS2\RTX\Include\rtx_os.h
      Include file:  CMSIS\RTOS2\RTX\Config\RTX_Config.h
      Source file:   CMSIS\RTOS2\RTX\Config\RTX_Config.c
      Source file:   CMSIS\RTOS2\RTX\Template\MemPool.c
      Source file:   CMSIS\RTOS2\RTX\Template\Events.c
      Source file:   CMSIS\RTOS2\RTX\Template\main.c

   * Component: Keil.ARM Compiler::Compiler:Event Recorder:DAP:1.4.0
      Include file:  Include\EventRecorder.h
      Source file:   Source\EventRecorder.c
      Include file:  Config\EventRecorderConf.h

   * Component: Keil.ARM Compiler::Compiler:I/O:STDOUT:EVR:1.2.0
      Source file:   Source\retarget_io.c

   * Component: MDK-Packs::Data Exchange:JSON:cJSON:1.7.7
      Include file:  cJSON.h
      Source file:   cJSON.c
      Include file:  cJSON_Utils.h
      Source file:   cJSON_Utils.c
Build Time Elapsed:  00:00:11
</pre>
</body>
</html>
