Component: ARM Compiler 6.12 Tool: armlink [5d624300]

==============================================================================

Section Cross References

    serial.o(.ARM.exidx.text.emHAL_UART_Transmit_DMA) refers to serial.o(.text.emHAL_UART_Transmit_DMA) for [Anonymous Symbol]
    serial.o(.text.em_printf) refers to vsnprintf.o(.text) for vsnprintf
    serial.o(.text.em_printf) refers to serial.o(.text.emHAL_UART_Transmit_DMA) for emHAL_UART_Transmit_DMA
    serial.o(.text.em_printf) refers to serial.o(.bss..L_MergedGlobals) for [Anonymous Symbol]
    serial.o(.ARM.exidx.text.em_printf) refers to serial.o(.text.em_printf) for [Anonymous Symbol]
    serial.o(.ARM.exidx.text.initSerial) refers to serial.o(.text.initSerial) for [Anonymous Symbol]
    serial.o(.ARM.exidx.text.restartDMA) refers to serial.o(.text.restartDMA) for [Anonymous Symbol]
    serial.o(.text.USART1_IRQHandler) refers to serial.o(.text.em_printf) for em_printf
    serial.o(.text.USART1_IRQHandler) refers to rtx_semaphore.o(.text.osSemaphoreRelease) for osSemaphoreRelease
    serial.o(.text.USART1_IRQHandler) refers to serial.o(.bss..L_MergedGlobals) for [Anonymous Symbol]
    serial.o(.ARM.exidx.text.USART1_IRQHandler) refers to serial.o(.text.USART1_IRQHandler) for [Anonymous Symbol]
    serial.o(.text.registerSerial) refers to serial.o(.text.em_printf) for em_printf
    serial.o(.text.registerSerial) refers to h1_alloc_threads.o(.text) for malloc
    serial.o(.text.registerSerial) refers to serial.o(.text.initSerial) for initSerial
    serial.o(.text.registerSerial) refers to serial.o(.text.restartDMA) for restartDMA
    serial.o(.text.registerSerial) refers to serial.o(.bss..L_MergedGlobals) for [Anonymous Symbol]
    serial.o(.text.registerSerial) refers to serial.o(.rodata.str1.1) for .L.str.4
    serial.o(.ARM.exidx.text.registerSerial) refers to serial.o(.text.registerSerial) for [Anonymous Symbol]
    osmain.o(.text.app_main) refers to rtx_semaphore.o(.text.osSemaphoreAcquire) for osSemaphoreAcquire
    osmain.o(.text.app_main) refers to serial.o(.text.em_printf) for em_printf
    osmain.o(.text.app_main) refers to osmain.o(.bss..L_MergedGlobals) for [Anonymous Symbol]
    osmain.o(.ARM.exidx.text.app_main) refers to osmain.o(.text.app_main) for [Anonymous Symbol]
    osmain.o(.text.osMain) refers to system_stm32f4xx.o(.text.SystemCoreClockUpdate) for SystemCoreClockUpdate
    osmain.o(.text.osMain) refers to rtx_semaphore.o(.text.osSemaphoreNew) for osSemaphoreNew
    osmain.o(.text.osMain) refers to serial.o(.text.registerSerial) for registerSerial
    osmain.o(.text.osMain) refers to rtx_kernel.o(.text.osKernelInitialize) for osKernelInitialize
    osmain.o(.text.osMain) refers to rtx_thread.o(.text.osThreadNew) for osThreadNew
    osmain.o(.text.osMain) refers to rtx_kernel.o(.text.osKernelStart) for osKernelStart
    osmain.o(.text.osMain) refers to osmain.o(.bss..L_MergedGlobals) for [Anonymous Symbol]
    osmain.o(.text.osMain) refers to usart.o(.bss.huart1) for huart1
    osmain.o(.text.osMain) refers to osmain.o(.text.app_main) for app_main
    osmain.o(.ARM.exidx.text.osMain) refers to osmain.o(.text.osMain) for [Anonymous Symbol]
    main.o(.text.main) refers to stm32f4xx_hal.o(.text.HAL_Init) for HAL_Init
    main.o(.text.main) refers to main.o(.text.SystemClock_Config) for SystemClock_Config
    main.o(.text.main) refers to gpio.o(.text.MX_GPIO_Init) for MX_GPIO_Init
    main.o(.text.main) refers to dma.o(.text.MX_DMA_Init) for MX_DMA_Init
    main.o(.text.main) refers to usart.o(.text.MX_USART1_UART_Init) for MX_USART1_UART_Init
    main.o(.text.main) refers to spi.o(.text.MX_SPI2_Init) for MX_SPI2_Init
    main.o(.text.main) refers to osmain.o(.text.osMain) for osMain
    main.o(.ARM.exidx.text.main) refers to main.o(.text.main) for [Anonymous Symbol]
    main.o(.text.SystemClock_Config) refers to rt_memclr_w.o(.text) for __aeabi_memclr4
    main.o(.text.SystemClock_Config) refers to stm32f4xx_hal_rcc.o(.text.HAL_RCC_OscConfig) for HAL_RCC_OscConfig
    main.o(.text.SystemClock_Config) refers to stm32f4xx_hal_rcc.o(.text.HAL_RCC_ClockConfig) for HAL_RCC_ClockConfig
    main.o(.ARM.exidx.text.SystemClock_Config) refers to main.o(.text.SystemClock_Config) for [Anonymous Symbol]
    main.o(.ARM.exidx.text.Error_Handler) refers to main.o(.text.Error_Handler) for [Anonymous Symbol]
    main.o(.text.HAL_TIM_PeriodElapsedCallback) refers to stm32f4xx_hal.o(.text.HAL_IncTick) for HAL_IncTick
    main.o(.ARM.exidx.text.HAL_TIM_PeriodElapsedCallback) refers to main.o(.text.HAL_TIM_PeriodElapsedCallback) for [Anonymous Symbol]
    gpio.o(.text.MX_GPIO_Init) refers to stm32f4xx_hal_gpio.o(.text.HAL_GPIO_WritePin) for HAL_GPIO_WritePin
    gpio.o(.text.MX_GPIO_Init) refers to stm32f4xx_hal_gpio.o(.text.HAL_GPIO_Init) for HAL_GPIO_Init
    gpio.o(.ARM.exidx.text.MX_GPIO_Init) refers to gpio.o(.text.MX_GPIO_Init) for [Anonymous Symbol]
[...]
    SPI2_IRQHandler                          0x08000313   Thumb Code     0  startup_stm32f411xe.o(.text)
    SPI3_IRQHandler                          0x08000313   Thumb Code     0  startup_stm32f411xe.o(.text)
    SPI4_IRQHandler                          0x08000313   Thumb Code     0  startup_stm32f411xe.o(.text)
    SPI5_IRQHandler                          0x08000313   Thumb Code     0  startup_stm32f411xe.o(.text)
    TAMP_STAMP_IRQHandler                    0x08000313   Thumb Code     0  startup_stm32f411xe.o(.text)
    TIM1_BRK_TIM9_IRQHandler                 0x08000313   Thumb Code     0  startup_stm32f411xe.o(.text)
    TIM1_CC_IRQHandler                       0x08000313   Thumb Code     0  startup_stm32f411xe.o(.text)
    TIM1_UP_TIM10_IRQHandler                 0x08000313   Thumb Code     0  startup_stm32f411xe.o(.text)
    TIM2_IRQHandler                          0x08000313   Thumb Code     0  startup_stm32f411xe.o(.text)
    TIM3_IRQHandler                          0x08000313   Thumb Code     0  startup_stm32f411xe.o(.text)
    TIM4_IRQHandler                          0x08000313   Thumb Code     0  startup_stm32f411xe.o(.text)
    TIM5_IRQHandler                          0x08000313   Thumb Code     0  startup_stm32f411xe.o(.text)
    USART2_IRQHandler                        0x08000313   Thumb Code     0  startup_stm32f411xe.o(.text)
    USART6_IRQHandler                        0x08000313   Thumb Code     0  startup_stm32f411xe.o(.text)
    WWDG_IRQHandler                          0x08000313   Thumb Code     0  startup_stm32f411xe.o(.text)
    __user_initial_stackheap                 0x08000315   Thumb Code     0  startup_stm32f411xe.o(.text)
    SVC_Handler                              0x08000339   Thumb Code   152  irq_cm4f.o(.text)
    PendSV_Handler                           0x080003d1   Thumb Code    16  irq_cm4f.o(.text)
    SysTick_Handler                          0x080003e1   Thumb Code    16  irq_cm4f.o(.text)
    malloc_internal$concurrent               0x0800040d   Thumb Code   130  h1_alloc_threads.o(.text)
    malloc                                   0x0800048f   Thumb Code    20  h1_alloc_threads.o(.text)
    __aeabi_uldivmod                         0x080004a3   Thumb Code     0  lludivv7m.o(.text)
    _ll_udiv                                 0x080004a3   Thumb Code   238  lludivv7m.o(.text)
    vsnprintf                                0x08000591   Thumb Code    48  vsnprintf.o(.text)
    __aeabi_memcpy                           0x080005c5   Thumb Code     0  rt_memcpy_v6.o(.text)
    __rt_memcpy                              0x080005c5   Thumb Code   138  rt_memcpy_v6.o(.text)
    _memcpy_lastbytes                        0x0800062b   Thumb Code     0  rt_memcpy_v6.o(.text)
    __aeabi_memclr                           0x0800064f   Thumb Code     0  rt_memclr.o(.text)
    __rt_memclr                              0x0800064f   Thumb Code    68  rt_memclr.o(.text)
    _memset                                  0x08000653   Thumb Code     0  rt_memclr.o(.text)
    __aeabi_memclr4                          0x08000693   Thumb Code     0  rt_memclr_w.o(.text)
    __aeabi_memclr8                          0x08000693   Thumb Code     0  rt_memclr_w.o(.text)
    __rt_memclr_w                            0x08000693   Thumb Code    78  rt_memclr_w.o(.text)
    _memset_w                                0x08000697   Thumb Code     0  rt_memclr_w.o(.text)
    __use_two_region_memory                  0x080006e1   Thumb Code     2  heapauxi.o(.text)
    __rt_heap_escrow                         0x080006e3   Thumb Code     2  heapauxi.o(.text)
    __rt_heap_expand                         0x080006e5   Thumb Code     2  heapauxi.o(.text)
    __rt_heap_descriptor                     0x080006e7   Thumb Code    10  rt_heap_descriptor_twolibspace.o(.text)
    __use_no_heap                            0x080006f1   Thumb Code     2  hguard.o(.text)
    __heap$guard                             0x080006f3   Thumb Code     2  hguard.o(.text)
    _terminate_user_alloc                    0x080006f5   Thumb Code     2  init_alloc.o(.text)
    _init_user_alloc                         0x080006f7   Thumb Code     2  init_alloc.o(.text)
    __Heap_Full                              0x080006f9   Thumb Code    34  init_alloc.o(.text)
    __Heap_Broken                            0x0800071b   Thumb Code     6  init_alloc.o(.text)
    _init_alloc                              0x08000721   Thumb Code    94  init_alloc.o(.text)
    __Heap_Initialize                        0x0800077f   Thumb Code    14  h1_init_threads.o(.text)
    __Heap_DescSize                          0x0800078d   Thumb Code     4  h1_init_threads.o(.text)
    free_internal$concurrent                 0x08000791   Thumb Code    98  h1_free_threads.o(.text)
    free                                     0x080007f3   Thumb Code    20  h1_free_threads.o(.text)
    _printf_pre_padding                      0x08000807   Thumb Code    44  _printf_pad.o(.text)
    _printf_post_padding                     0x08000833   Thumb Code    34  _printf_pad.o(.text)
    _printf_truncate_signed                  0x08000855   Thumb Code    18  _printf_truncate.o(.text)
    _printf_truncate_unsigned                0x08000867   Thumb Code    18  _printf_truncate.o(.text)
    _printf_str                              0x08000879   Thumb Code    82  _printf_str.o(.text)
    _printf_int_dec                          0x080008cd   Thumb Code   104  _printf_dec.o(.text)
    _printf_charcount                        0x08000945   Thumb Code    40  _printf_charcount.o(.text)
    _printf_char_common                      0x08000977   Thumb Code    32  _printf_char_common.o(.text)
    _sputc                                   0x0800099d   Thumb Code    10  _sputc.o(.text)
    _snputc                                  0x080009a7   Thumb Code    16  _snputc.o(.text)
    _printf_wctomb                           0x080009b9   Thumb Code   182  _printf_wctomb.o(.text)
    _printf_longlong_dec                     0x08000a75   Thumb Code   108  _printf_longlong_dec.o(.text)
    _printf_longlong_oct                     0x08000af1   Thumb Code    68  _printf_oct_int_ll.o(.text)
    _printf_int_oct                          0x08000b35   Thumb Code    24  _printf_oct_int_ll.o(.text)
    _printf_ll_oct                           0x08000b4d   Thumb Code    12  _printf_oct_int_ll.o(.text)
    _printf_longlong_hex                     0x08000b61   Thumb Code    86  _printf_hex_int_ll_ptr.o(.text)
    _printf_int_hex                          0x08000bb7   Thumb Code    28  _printf_hex_int_ll_ptr.o(.text)
    _printf_ll_hex                           0x08000bd3   Thumb Code    12  _printf_hex_int_ll_ptr.o(.text)
    _printf_hex_ptr                          0x08000bdf   Thumb Code    18  _printf_hex_int_ll_ptr.o(.text)
    __printf                                 0x08000bf5   Thumb Code   388  __printf_flags_ss_wp.o(.text)
    __aeabi_memcpy4                          0x08000d7d   Thumb Code     0  rt_memcpy_w.o(.text)
    __aeabi_memcpy8                          0x08000d7d   Thumb Code     0  rt_memcpy_w.o(.text)
    __rt_memcpy_w                            0x08000d7d   Thumb Code   100  rt_memcpy_w.o(.text)
    _memcpy_lastbytes_aligned                0x08000dc5   Thumb Code     0  rt_memcpy_w.o(.text)
    __user_libspace                          0x08000de1   Thumb Code     8  libspace.o(.text)
    __user_perproc_libspace                  0x08000de1   Thumb Code     0  libspace.o(.text)
    _maybe_terminate_alloc                   0x08000de9   Thumb Code     0  maybetermalloc2.o(.text)
    __Heap_ProvideMemory                     0x08000df7   Thumb Code    68  h1_extend_threads.o(.text)
    _ll_udiv10                               0x08000e3b   Thumb Code   138  lludiv10.o(.text)
    _printf_int_common                       0x08000ec5   Thumb Code   178  _printf_intcommon.o(.text)
    _printf_fp_dec_real                      0x08001127   Thumb Code   620  _printf_fp_dec.o(.text)
    _printf_fp_hex_real                      0x08001395   Thumb Code   756  _printf_fp_hex.o(.text)
    _printf_cs_common                        0x08001691   Thumb Code    20  _printf_char.o(.text)
    _printf_char                             0x080016a5   Thumb Code    16  _printf_char.o(.text)
    _printf_string                           0x080016b5   Thumb Code     8  _printf_char.o(.text)
    _printf_lcs_common                       0x080016bd   Thumb Code    20  _printf_wchar.o(.text)
    _printf_wchar                            0x080016d1   Thumb Code    16  _printf_wchar.o(.text)
    _printf_wstring                          0x080016e1   Thumb Code     8  _printf_wchar.o(.text)
    _c16rtomb                                0x080016e9   Thumb Code    72  _c16rtomb.o(.text)
    _wcrtomb                                 0x080016e9   Thumb Code     0  _c16rtomb.o(.text)
    __rt_SIGRTMEM                            0x08001731   Thumb Code    14  defsig_rtmem_outer.o(.text)
    __I$use$semihosting                      0x0800173f   Thumb Code     0  use_no_semi.o(.text)
    __use_no_semihosting_swi                 0x0800173f   Thumb Code     2  use_no_semi.o(.text)
    __semihosting_library_function           0x08001741   Thumb Code     0  indicate_semi.o(.text)
    __user_setup_stackheap                   0x08001741   Thumb Code    74  sys_stackheap_outer.o(.text)
    __rt_ctype_table                         0x0800178d   Thumb Code    16  rt_ctype_table.o(.text)
    __rt_locale                              0x0800179d   Thumb Code    10  rt_locale_twolibspace.o(.text)
    _terminate_alloc                         0x080017a7   Thumb Code    16  term_alloc.o(.text)
    _printf_fp_infnan                        0x080017b9   Thumb Code   112  _printf_fp_infnan.o(.text)
    _btod_etento                             0x08001839   Thumb Code   224  bigflt0.o(.text)
    exit                                     0x0800191d   Thumb Code    18  exit.o(.text)
    __sig_exit                               0x0800192f   Thumb Code    10  defsig_exit.o(.text)
    __rt_SIGRTMEM_inner                      0x08001939   Thumb Code    22  defsig_rtmem_inner.o(.text)
    _sys_exit                                0x08001989   Thumb Code     8  sys_exit.o(.text)
    __Heap_Finalize                          0x08001995   Thumb Code    10  h1_final_threads.o(.text)
    __default_signal_display                 0x0800199f   Thumb Code    50  defsig_general.o(.text)
    strcmp                                   0x080019d1   Thumb Code   124  strcmpv7em.o(.text)
    _ttywrch                                 0x08001a4d   Thumb Code    14  sys_wrch.o(.text)
    BusFault_Handler                         0x08001a5b   Thumb Code     2  stm32f4xx_it.o(.text.BusFault_Handler)
    DMA2_Stream2_IRQHandler                  0x08001a5d   Thumb Code    12  stm32f4xx_it.o(.text.DMA2_Stream2_IRQHandler)
    DMA2_Stream7_IRQHandler                  0x08001a69   Thumb Code    12  stm32f4xx_it.o(.text.DMA2_Stream7_IRQHandler)
    DebugMon_Handler                         0x08001aa5   Thumb Code     2  stm32f4xx_it.o(.text.DebugMon_Handler)
    Error_Handler                            0x08001aa7   Thumb Code     2  main.o(.text.Error_Handler)
    EvrRtxDelayCompleted                     0x08001aa9   Thumb Code     2  rtx_evr.o(.text.EvrRtxDelayCompleted)
    EvrRtxEventFlagsWaitTimeout              0x08001aab   Thumb Code     2  rtx_evr.o(.text.EvrRtxEventFlagsWaitTimeout)
    EvrRtxKernelError                        0x08001aad   Thumb Code     2  rtx_evr.o(.text.EvrRtxKernelError)
    EvrRtxKernelGetState                     0x08001aaf   Thumb Code     2  rtx_evr.o(.text.EvrRtxKernelGetState)
    EvrRtxKernelInitialize                   0x08001ab1   Thumb Code     2  rtx_evr.o(.text.EvrRtxKernelInitialize)
    EvrRtxKernelInitialized                  0x08001ab3   Thumb Code     2  rtx_evr.o(.text.EvrRtxKernelInitialized)
    EvrRtxKernelStart                        0x08001ab5   Thumb Code     2  rtx_evr.o(.text.EvrRtxKernelStart)
    EvrRtxKernelStarted                      0x08001ab7   Thumb Code     2  rtx_evr.o(.text.EvrRtxKernelStarted)
    EvrRtxMemoryAlloc                        0x08001ab9   Thumb Code     2  rtx_evr.o(.text.EvrRtxMemoryAlloc)
    EvrRtxMemoryBlockAlloc                   0x08001abb   Thumb Code     2  rtx_evr.o(.text.EvrRtxMemoryBlockAlloc)
    EvrRtxMemoryBlockFree                    0x08001abd   Thumb Code     2  rtx_evr.o(.text.EvrRtxMemoryBlockFree)
    EvrRtxMemoryBlockInit                    0x08001abf   Thumb Code     2  rtx_evr.o(.text.EvrRtxMemoryBlockInit)
    EvrRtxMemoryFree                         0x08001ac1   Thumb Code     2  rtx_evr.o(.text.EvrRtxMemoryFree)
    EvrRtxMemoryInit                         0x08001ac3   Thumb Code     2  rtx_evr.o(.text.EvrRtxMemoryInit)
    EvrRtxMemoryPoolAllocTimeout             0x08001ac5   Thumb Code     2  rtx_evr.o(.text.EvrRtxMemoryPoolAllocTimeout)
    EvrRtxMessageQueueCreated                0x08001ac7   Thumb Code     2  rtx_evr.o(.text.EvrRtxMessageQueueCreated)
    EvrRtxMessageQueueError                  0x08001ac9   Thumb Code     2  rtx_evr.o(.text.EvrRtxMessageQueueError)
    EvrRtxMessageQueueGet                    0x08001acb   Thumb Code     2  rtx_evr.o(.text.EvrRtxMessageQueueGet)
    EvrRtxMessageQueueGetPending             0x08001acd   Thumb Code     2  rtx_evr.o(.text.EvrRtxMessageQueueGetPending)
    EvrRtxMessageQueueGetTimeout             0x08001acf   Thumb Code     2  rtx_evr.o(.text.EvrRtxMessageQueueGetTimeout)
    EvrRtxMessageQueueInsertPending          0x08001ad1   Thumb Code     2  rtx_evr.o(.text.EvrRtxMessageQueueInsertPending)
    EvrRtxMessageQueueInserted               0x08001ad3   Thumb Code     2  rtx_evr.o(.text.EvrRtxMessageQueueInserted)
    EvrRtxMessageQueueNew                    0x08001ad5   Thumb Code     2  rtx_evr.o(.text.EvrRtxMessageQueueNew)
    EvrRtxMessageQueueNotInserted            0x08001ad7   Thumb Code     2  rtx_evr.o(.text.EvrRtxMessageQueueNotInserted)
    EvrRtxMessageQueueNotRetrieved           0x08001ad9   Thumb Code     2  rtx_evr.o(.text.EvrRtxMessageQueueNotRetrieved)
    EvrRtxMessageQueuePut                    0x08001adb   Thumb Code     2  rtx_evr.o(.text.EvrRtxMessageQueuePut)
    EvrRtxMessageQueuePutPending             0x08001add   Thumb Code     2  rtx_evr.o(.text.EvrRtxMessageQueuePutPending)
    EvrRtxMessageQueuePutTimeout             0x08001adf   Thumb Code     2  rtx_evr.o(.text.EvrRtxMessageQueuePutTimeout)
    EvrRtxMessageQueueRetrieved              0x08001ae1   Thumb Code     2  rtx_evr.o(.text.EvrRtxMessageQueueRetrieved)
    EvrRtxMutexAcquire                       0x08001ae3   Thumb Code     2  rtx_evr.o(.text.EvrRtxMutexAcquire)
    EvrRtxMutexAcquirePending                0x08001ae5   Thumb Code     2  rtx_evr.o(.text.EvrRtxMutexAcquirePending)
    EvrRtxMutexAcquireTimeout                0x08001ae7   Thumb Code     2  rtx_evr.o(.text.EvrRtxMutexAcquireTimeout)
    EvrRtxMutexAcquired                      0x08001ae9   Thumb Code     2  rtx_evr.o(.text.EvrRtxMutexAcquired)
    EvrRtxMutexCreated                       0x08001aeb   Thumb Code     2  rtx_evr.o(.text.EvrRtxMutexCreated)
    EvrRtxMutexDelete                        0x08001aed   Thumb Code     2  rtx_evr.o(.text.EvrRtxMutexDelete)
    EvrRtxMutexDestroyed                     0x08001aef   Thumb Code     2  rtx_evr.o(.text.EvrRtxMutexDestroyed)
    EvrRtxMutexError                         0x08001af1   Thumb Code     2  rtx_evr.o(.text.EvrRtxMutexError)
    EvrRtxMutexNew                           0x08001af3   Thumb Code     2  rtx_evr.o(.text.EvrRtxMutexNew)
    EvrRtxMutexNotAcquired                   0x08001af5   Thumb Code     2  rtx_evr.o(.text.EvrRtxMutexNotAcquired)
    EvrRtxMutexRelease                       0x08001af7   Thumb Code     2  rtx_evr.o(.text.EvrRtxMutexRelease)
    EvrRtxMutexReleased                      0x08001af9   Thumb Code     2  rtx_evr.o(.text.EvrRtxMutexReleased)
    EvrRtxSemaphoreAcquire                   0x08001afb   Thumb Code     2  rtx_evr.o(.text.EvrRtxSemaphoreAcquire)
    EvrRtxSemaphoreAcquirePending            0x08001afd   Thumb Code     2  rtx_evr.o(.text.EvrRtxSemaphoreAcquirePending)
    EvrRtxSemaphoreAcquireTimeout            0x08001aff   Thumb Code     2  rtx_evr.o(.text.EvrRtxSemaphoreAcquireTimeout)
    EvrRtxSemaphoreAcquired                  0x08001b01   Thumb Code     2  rtx_evr.o(.text.EvrRtxSemaphoreAcquired)
    EvrRtxSemaphoreCreated                   0x08001b03   Thumb Code     2  rtx_evr.o(.text.EvrRtxSemaphoreCreated)
    EvrRtxSemaphoreError                     0x08001b05   Thumb Code     2  rtx_evr.o(.text.EvrRtxSemaphoreError)
    EvrRtxSemaphoreNew                       0x08001b07   Thumb Code     2  rtx_evr.o(.text.EvrRtxSemaphoreNew)
    EvrRtxSemaphoreNotAcquired               0x08001b09   Thumb Code     2  rtx_evr.o(.text.EvrRtxSemaphoreNotAcquired)
    EvrRtxSemaphoreRelease                   0x08001b0b   Thumb Code     2  rtx_evr.o(.text.EvrRtxSemaphoreRelease)
    EvrRtxSemaphoreReleased                  0x08001b0d   Thumb Code     2  rtx_evr.o(.text.EvrRtxSemaphoreReleased)
    EvrRtxThreadBlocked                      0x08001b0f   Thumb Code     2  rtx_evr.o(.text.EvrRtxThreadBlocked)
    EvrRtxThreadCreated                      0x08001b11   Thumb Code     2  rtx_evr.o(.text.EvrRtxThreadCreated)
    EvrRtxThreadDestroyed                    0x08001b13   Thumb Code     2  rtx_evr.o(.text.EvrRtxThreadDestroyed)
    EvrRtxThreadError                        0x08001b15   Thumb Code     2  rtx_evr.o(.text.EvrRtxThreadError)
    EvrRtxThreadExit                         0x08001b17   Thumb Code     2  rtx_evr.o(.text.EvrRtxThreadExit)
    EvrRtxThreadFlagsWaitCompleted           0x08001b19   Thumb Code     2  rtx_evr.o(.text.EvrRtxThreadFlagsWaitCompleted)
    EvrRtxThreadFlagsWaitTimeout             0x08001b1b   Thumb Code     2  rtx_evr.o(.text.EvrRtxThreadFlagsWaitTimeout)
    EvrRtxThreadJoined                       0x08001b1d   Thumb Code     2  rtx_evr.o(.text.EvrRtxThreadJoined)
    EvrRtxThreadNew                          0x08001b1f   Thumb Code     2  rtx_evr.o(.text.EvrRtxThreadNew)
    EvrRtxThreadPreempted                    0x08001b21   Thumb Code     2  rtx_evr.o(.text.EvrRtxThreadPreempted)
    EvrRtxThreadSwitched                     0x08001b23   Thumb Code     2  rtx_evr.o(.text.EvrRtxThreadSwitched)
    EvrRtxThreadUnblocked                    0x08001b25   Thumb Code     2  rtx_evr.o(.text.EvrRtxThreadUnblocked)
    EvrRtxTimerCallback                      0x08001b27   Thumb Code     2  rtx_evr.o(.text.EvrRtxTimerCallback)
    HAL_DMA_IRQHandler                       0x08001b29   Thumb Code   368  stm32f4xx_hal_dma.o(.text.HAL_DMA_IRQHandler)
    HAL_DMA_Init                             0x08001c99   Thumb Code   296  stm32f4xx_hal_dma.o(.text.HAL_DMA_Init)
    HAL_GPIO_Init                            0x08001dc1   Thumb Code   396  stm32f4xx_hal_gpio.o(.text.HAL_GPIO_Init)
    HAL_GPIO_WritePin                        0x08001f49   Thumb Code    10  stm32f4xx_hal_gpio.o(.text.HAL_GPIO_WritePin)
    HAL_GetTick                              0x08001f55   Thumb Code    12  stm32f4xx_hal.o(.text.HAL_GetTick)
    HAL_IncTick                              0x08001f5d   Thumb Code    24  stm32f4xx_hal.o(.text.HAL_IncTick)
    HAL_Init                                 0x08001f75   Thumb Code    52  stm32f4xx_hal.o(.text.HAL_Init)
    HAL_InitTick                             0x08001fa9   Thumb Code   120  stm32f4xx_hal_timebase_tim.o(.text.HAL_InitTick)
    HAL_MspInit                              0x08002021   Thumb Code    56  stm32f4xx_hal_msp.o(.text.HAL_MspInit)
    HAL_NVIC_EnableIRQ                       0x08002059   Thumb Code    28  stm32f4xx_hal_cortex.o(.text.HAL_NVIC_EnableIRQ)
    HAL_NVIC_SetPriority                     0x08002075   Thumb Code    64  stm32f4xx_hal_cortex.o(.text.HAL_NVIC_SetPriority)
    HAL_NVIC_SetPriorityGrouping             0x080020b1   Thumb Code    32  stm32f4xx_hal_cortex.o(.text.HAL_NVIC_SetPriorityGrouping)
    HAL_RCC_ClockConfig                      0x080020d1   Thumb Code   292  stm32f4xx_hal_rcc.o(.text.HAL_RCC_ClockConfig)
    HAL_RCC_GetClockConfig                   0x080021f1   Thumb Code    60  stm32f4xx_hal_rcc.o(.text.HAL_RCC_GetClockConfig)
    HAL_RCC_GetPCLK1Freq                     0x08002229   Thumb Code    32  stm32f4xx_hal_rcc.o(.text.HAL_RCC_GetPCLK1Freq)
    HAL_RCC_GetPCLK2Freq                     0x0800223d   Thumb Code    32  stm32f4xx_hal_rcc.o(.text.HAL_RCC_GetPCLK2Freq)
    HAL_RCC_GetSysClockFreq                  0x0800225d   Thumb Code    92  stm32f4xx_hal_rcc.o(.text.HAL_RCC_GetSysClockFreq)
    HAL_RCC_OscConfig                        0x080022b9   Thumb Code   728  stm32f4xx_hal_rcc.o(.text.HAL_RCC_OscConfig)
    HAL_SPI_Init                             0x08002591   Thumb Code   126  stm32f4xx_hal_spi.o(.text.HAL_SPI_Init)
    HAL_SPI_MspInit                          0x08002611   Thumb Code   108  spi.o(.text.HAL_SPI_MspInit)
    HAL_TIMEx_BreakCallback                  0x08002679   Thumb Code     2  stm32f4xx_hal_tim_ex.o(.text.HAL_TIMEx_BreakCallback)
    HAL_TIMEx_CommutCallback                 0x0800267b   Thumb Code     2  stm32f4xx_hal_tim_ex.o(.text.HAL_TIMEx_CommutCallback)
    HAL_TIM_Base_Init                        0x0800267d   Thumb Code    52  stm32f4xx_hal_tim.o(.text.HAL_TIM_Base_Init)
    HAL_TIM_Base_MspInit                     0x080026b1   Thumb Code     2  stm32f4xx_hal_tim.o(.text.HAL_TIM_Base_MspInit)
    HAL_TIM_Base_Start_IT                    0x080026b3   Thumb Code    32  stm32f4xx_hal_tim.o(.text.HAL_TIM_Base_Start_IT)
    HAL_TIM_IC_CaptureCallback               0x080026d3   Thumb Code     2  stm32f4xx_hal_tim.o(.text.HAL_TIM_IC_CaptureCallback)
    HAL_TIM_IRQHandler                       0x080026d5   Thumb Code   362  stm32f4xx_hal_tim.o(.text.HAL_TIM_IRQHandler)
    HAL_TIM_OC_DelayElapsedCallback          0x0800283f   Thumb Code     2  stm32f4xx_hal_tim.o(.text.HAL_TIM_OC_DelayElapsedCallback)
    HAL_TIM_PWM_PulseFinishedCallback        0x08002841   Thumb Code     2  stm32f4xx_hal_tim.o(.text.HAL_TIM_PWM_PulseFinishedCallback)
    HAL_TIM_PeriodElapsedCallback            0x08002845   Thumb Code    20  main.o(.text.HAL_TIM_PeriodElapsedCallback)
    HAL_TIM_TriggerCallback                  0x08002859   Thumb Code     2  stm32f4xx_hal_tim.o(.text.HAL_TIM_TriggerCallback)
    HAL_UART_Init                            0x0800285b   Thumb Code    92  stm32f4xx_hal_uart.o(.text.HAL_UART_Init)
    HAL_UART_MspInit                         0x080028b9   Thumb Code   240  usart.o(.text.HAL_UART_MspInit)
    HardFault_Handler                        0x080029a1   Thumb Code     2  stm32f4xx_it.o(.text.HardFault_Handler)
    MX_DMA_Init                              0x080029a5   Thumb Code    68  dma.o(.text.MX_DMA_Init)
    MX_GPIO_Init                             0x080029e9   Thumb Code   212  gpio.o(.text.MX_GPIO_Init)
    MX_SPI2_Init                             0x08002abd   Thumb Code    72  spi.o(.text.MX_SPI2_Init)
    MX_USART1_UART_Init                      0x08002b05   Thumb Code    56  usart.o(.text.MX_USART1_UART_Init)
    MemManage_Handler                        0x08002b3d   Thumb Code     2  stm32f4xx_it.o(.text.MemManage_Handler)
    NMI_Handler                              0x08002c01   Thumb Code     2  stm32f4xx_it.o(.text.NMI_Handler)
    OS_Tick_AcknowledgeIRQ                   0x08002c05   Thumb Code    12  os_systick.o(.text.OS_Tick_AcknowledgeIRQ)
    OS_Tick_Enable                           0x08002c0d   Thumb Code    44  os_systick.o(.text.OS_Tick_Enable)
    OS_Tick_GetIRQn                          0x08002c31   Thumb Code     6  os_systick.o(.text.OS_Tick_GetIRQn)
    OS_Tick_Setup                            0x08002c39   Thumb Code    64  os_systick.o(.text.OS_Tick_Setup)
    SystemClock_Config                       0x08002c75   Thumb Code   132  main.o(.text.SystemClock_Config)
    SystemCoreClockUpdate                    0x08002cf9   Thumb Code   108  system_stm32f4xx.o(.text.SystemCoreClockUpdate)
    SystemInit                               0x08002d65   Thumb Code    76  system_stm32f4xx.o(.text.SystemInit)
    TIM1_TRG_COM_TIM11_IRQHandler            0x08002db1   Thumb Code    12  stm32f4xx_it.o(.text.TIM1_TRG_COM_TIM11_IRQHandler)
    TIM_Base_SetConfig                       0x08002dbd   Thumb Code   132  stm32f4xx_hal_tim.o(.text.TIM_Base_SetConfig)
    USART1_IRQHandler                        0x08003079   Thumb Code   112  serial.o(.text.USART1_IRQHandler)
    UsageFault_Handler                       0x080030e9   Thumb Code     2  stm32f4xx_it.o(.text.UsageFault_Handler)
    _mutex_acquire                           0x08003111   Thumb Code    26  rtx_lib.o(.text._mutex_acquire)
    _mutex_free                              0x0800312b   Thumb Code     6  rtx_lib.o(.text._mutex_free)
    _mutex_initialize                        0x08003131   Thumb Code    32  rtx_lib.o(.text._mutex_initialize)
    _mutex_release                           0x08003151   Thumb Code    22  rtx_lib.o(.text._mutex_release)
    _platform_post_stackheap_init            0x08003167   Thumb Code     4  rtx_lib.o(.text._platform_post_stackheap_init)
    app_main                                 0x0800316d   Thumb Code    48  osmain.o(.text.app_main)
    emHAL_UART_Transmit_DMA                  0x0800319d   Thumb Code    70  serial.o(.text.emHAL_UART_Transmit_DMA)
    em_printf                                0x080031e5   Thumb Code    76  serial.o(.text.em_printf)
    initSerial                               0x08003231   Thumb Code   104  serial.o(.text.initSerial)
    main                                     0x08003299   Thumb Code    30  main.o(.text.main)
    osKernelGetState                         0x080032b9   Thumb Code    44  rtx_kernel.o(.text.osKernelGetState)
    osKernelInitialize                       0x080032e5   Thumb Code    56  rtx_kernel.o(.text.osKernelInitialize)
    osKernelStart                            0x0800331d   Thumb Code    52  rtx_kernel.o(.text.osKernelStart)
    osMain                                   0x08003351   Thumb Code    72  osmain.o(.text.osMain)
    osMessageQueueGet                        0x08003399   Thumb Code   148  rtx_msgqueue.o(.text.osMessageQueueGet)
    osMessageQueueNew                        0x0800342d   Thumb Code    68  rtx_msgqueue.o(.text.osMessageQueueNew)
    osMessageQueuePut                        0x08003471   Thumb Code   152  rtx_msgqueue.o(.text.osMessageQueuePut)
    osMutexAcquire                           0x08003509   Thumb Code    60  rtx_mutex.o(.text.osMutexAcquire)
    osMutexDelete                            0x08003545   Thumb Code    56  rtx_mutex.o(.text.osMutexDelete)
    osMutexNew                               0x0800357d   Thumb Code    60  rtx_mutex.o(.text.osMutexNew)
    osMutexRelease                           0x080035b9   Thumb Code    56  rtx_mutex.o(.text.osMutexRelease)
    osRtxErrorNotify                         0x080035f1   Thumb Code     2  rtx_config.o(.text.osRtxErrorNotify)
    osRtxIdleThread                          0x080035f3   Thumb Code     2  rtx_config.o(.text.osRtxIdleThread)
    osRtxKernelPreInit                       0x080035f5   Thumb Code     2  rtx_kernel.o(.text.osRtxKernelPreInit)
    osRtxMemoryAlloc                         0x080035f7   Thumb Code   138  rtx_memory.o(.text.osRtxMemoryAlloc)
    osRtxMemoryFree                          0x08003681   Thumb Code    82  rtx_memory.o(.text.osRtxMemoryFree)
    osRtxMemoryInit                          0x080036d3   Thumb Code    62  rtx_memory.o(.text.osRtxMemoryInit)
    osRtxMemoryPoolAlloc                     0x08003711   Thumb Code    68  rtx_mempool.o(.text.osRtxMemoryPoolAlloc)
    osRtxMemoryPoolFree                      0x08003755   Thumb Code    86  rtx_mempool.o(.text.osRtxMemoryPoolFree)
    osRtxMemoryPoolInit                      0x080037ab   Thumb Code    76  rtx_mempool.o(.text.osRtxMemoryPoolInit)
    osRtxMutexOwnerRelease                   0x080038e9   Thumb Code    90  rtx_mutex.o(.text.osRtxMutexOwnerRelease)
    osRtxPendSV_Handler                      0x08003945   Thumb Code   144  rtx_system.o(.text.osRtxPendSV_Handler)
    osRtxPostProcess                         0x080039d1   Thumb Code   116  rtx_system.o(.text.osRtxPostProcess)
    osRtxThreadDelayTick                     0x08003b79   Thumb Code   188  rtx_thread.o(.text.osRtxThreadDelayTick)
    osRtxThreadDispatch                      0x08003c31   Thumb Code    92  rtx_thread.o(.text.osRtxThreadDispatch)
    osRtxThreadListGet                       0x08003ce1   Thumb Code    20  rtx_thread.o(.text.osRtxThreadListGet)
    osRtxThreadListPut                       0x08003cf5   Thumb Code    42  rtx_thread.o(.text.osRtxThreadListPut)
    osRtxThreadListRemove                    0x08003d1f   Thumb Code    20  rtx_thread.o(.text.osRtxThreadListRemove)
    osRtxThreadListSort                      0x08003d3f   Thumb Code    40  rtx_thread.o(.text.osRtxThreadListSort)
    osRtxThreadReadyPut                      0x08003da1   Thumb Code    20  rtx_thread.o(.text.osRtxThreadReadyPut)
    osRtxThreadRegPtr                        0x08003db5   Thumb Code    20  rtx_thread.o(.text.osRtxThreadRegPtr)
    osRtxThreadStackCheck                    0x08003dc9   Thumb Code    40  rtx_thread.o(.text.osRtxThreadStackCheck)
    osRtxThreadStartup                       0x08003ded   Thumb Code    64  rtx_thread.o(.text.osRtxThreadStartup)
    osRtxThreadSwitch                        0x08003e25   Thumb Code    32  rtx_thread.o(.text.osRtxThreadSwitch)
    osRtxThreadWaitEnter                     0x08003e45   Thumb Code    76  rtx_thread.o(.text.osRtxThreadWaitEnter)
    osRtxThreadWaitExit                      0x08003e91   Thumb Code    56  rtx_thread.o(.text.osRtxThreadWaitExit)
    osRtxTick_Handler                        0x08003ec9   Thumb Code   120  rtx_system.o(.text.osRtxTick_Handler)
    osRtxTimerThread                         0x08003f41   Thumb Code    68  rtx_timer.o(.text.osRtxTimerThread)
    osSemaphoreAcquire                       0x08003fd9   Thumb Code   128  rtx_semaphore.o(.text.osSemaphoreAcquire)
    osSemaphoreNew                           0x08004059   Thumb Code    68  rtx_semaphore.o(.text.osSemaphoreNew)
    osSemaphoreRelease                       0x0800409d   Thumb Code   140  rtx_semaphore.o(.text.osSemaphoreRelease)
    osThreadExit                             0x08004129   Thumb Code    28  rtx_thread.o(.text.osThreadExit)
    osThreadNew                              0x08004145   Thumb Code    68  rtx_thread.o(.text.osThreadNew)
    registerSerial                           0x080041a9   Thumb Code   132  serial.o(.text.registerSerial)
    restartDMA                               0x0800422d   Thumb Code    70  serial.o(.text.restartDMA)
    _btod_d2e                                0x08004ed1   Thumb Code    62  btod.o(CL$$btod_d2e)
    _d2e_denorm_low                          0x08004f0f   Thumb Code    70  btod.o(CL$$btod_d2e_denorm_low)
    _d2e_norm_op1                            0x08004f55   Thumb Code    96  btod.o(CL$$btod_d2e_norm_op1)
    __btod_div_common                        0x08004fb5   Thumb Code   696  btod.o(CL$$btod_div_common)
    _e2e                                     0x080052ed   Thumb Code   220  btod.o(CL$$btod_e2e)
    _btod_ediv                               0x080053c9   Thumb Code    42  btod.o(CL$$btod_ediv)
    _btod_emul                               0x080053f3   Thumb Code    42  btod.o(CL$$btod_emul)
    __btod_mult_common                       0x0800541d   Thumb Code   580  btod.o(CL$$btod_mult_common)
    __ARM_fpclassify                         0x08005661   Thumb Code    48  fpclassify.o(i.__ARM_fpclassify)
    _is_digit                                0x08005691   Thumb Code    14  __printf_wp.o(i._is_digit)
    _get_lc_numeric                          0x080056a1   Thumb Code    44  lc_numeric_c.o(locale$$code)
    _get_lc_ctype                            0x080056cd   Thumb Code    44  lc_ctype_c.o(locale$$code)
    _fp_init                                 0x080056f9   Thumb Code    26  fpinit.o(x$fpl$fpinit)
    __fplib_config_fpu_vfp                   0x08005711   Thumb Code     0  fpinit.o(x$fpl$fpinit)
    __fplib_config_pureend_doubles           0x08005711   Thumb Code     0  fpinit.o(x$fpl$fpinit)
    _printf_fp_dec                           0x08005713   Thumb Code     4  printf1.o(x$fpl$printf1)
    _printf_fp_hex                           0x08005717   Thumb Code     4  printf2.o(x$fpl$printf2)
    __I$use$fp                               0x0800571a   Number         0  usenofp.o(x$fpl$usenofp)
    osRtxConfig                              0x08005818   Data         104  rtx_lib.o(.rodata)
    os_cb_sections                           0x08005880   Data          56  rtx_lib.o(.rodata)
    AHBPrescTable                            0x080058b8   Data          16  system_stm32f4xx.o(.rodata.AHBPrescTable)
    APBPrescTable                            0x080058c8   Data           8  system_stm32f4xx.o(.rodata.APBPrescTable)
    osRtxUserSVC                             0x080058d0   Data           4  rtx_lib.o(.rodata.osRtxUserSVC)
    Region$$Table$$Base                      0x08005960   Number         0  anon$$obj.o(Region$$Table)
    Region$$Table$$Limit                     0x08005980   Number         0  anon$$obj.o(Region$$Table)
    __ctype                                  0x080059a9   Data           0  lc_ctype_c.o(locale$$data)
    uwTickFreq                               0x20000000   Data           1  stm32f4xx_hal.o(.data..L_MergedGlobals)
    uwTickPrio                               0x20000004   Data           4  stm32f4xx_hal.o(.data..L_MergedGlobals)
    SystemCoreClock                          0x20000008   Data           4  system_stm32f4xx.o(.data.SystemCoreClock)
    osRtxInfo                                0x2000000c   Data         164  rtx_kernel.o(.data.os)
    __libspace_start                         0x200000b0   Data          96  libspace.o(.bss)
    __temporary_stack_top$libspace           0x20000110   Data           0  libspace.o(.bss)
    m_serialDev                              0x20000114   Data           4  serial.o(.bss..L_MergedGlobals)
    semSerial                                0x20000118   Data           4  osmain.o(.bss..L_MergedGlobals)
    emSerial                                 0x2000011c   Data           4  osmain.o(.bss..L_MergedGlobals)
    hdma_usart1_rx                           0x20000124   Data          96  usart.o(.bss.hdma_usart1_rx)
    hdma_usart1_tx                           0x20000184   Data          96  usart.o(.bss.hdma_usart1_tx)
    hspi2                                    0x200001e4   Data          88  spi.o(.bss.hspi2)
    htim11                                   0x2000023c   Data          64  stm32f4xx_hal_timebase_tim.o(.bss.htim11)
    huart1                                   0x2000027c   Data          64  usart.o(.bss.huart1)
    .bss.os.msgqueue.cb$$Base                0x20001300   Number         0  rtx_lib.o(.bss.os.msgqueue.cb)
    .bss.os.msgqueue.cb$$Limit               0x20001334   Number         0  rtx_lib.o(.bss.os.msgqueue.cb)
    .bss.os.thread.cb$$Base                  0x20001384   Number         0  rtx_lib.o(.bss.os.thread.cb)
    .bss.os.thread.cb$$Limit                 0x2000140c   Number         0  rtx_lib.o(.bss.os.thread.cb)
    uwTick                                   0x20001614   Data           4  stm32f4xx_hal.o(.bss.uwTick)



==============================================================================

Memory Map of the image

  Image Entry point : 0x08000199

  Load Region LR_IROM1 (Base: 0x08000000, Size: 0x00005b60, Max: 0x00080000, ABSOLUTE)

    Execution Region ER_IROM1 (Exec base: 0x08000000, Load base: 0x08000000, Size: 0x00005aac, Max: 0x00080000, ABSOLUTE)

    Exec Addr    Load Addr    Size         Type   Attr      Idx    E Section Name        Object

    0x08000000   0x08000000   0x00000198   Data   RO         1148    RESET               startup_stm32f411xe.o
    0x08000198   0x08000198   0x00000008   Code   RO         2184  * !!!main             c_w.l(__main.o)
    0x080001a0   0x080001a0   0x00000034   Code   RO         2581    !!!scatter          c_w.l(__scatter.o)
    0x080001d4   0x080001d4   0x0000001a   Code   RO         2583    !!handler_copy      c_w.l(__scatter_copy.o)
    0x080001ee   0x080001ee   0x00000002   PAD
    0x080001f0   0x080001f0   0x0000001c   Code   RO         2585    !!handler_zi        c_w.l(__scatter_zi.o)
    0x0800020c   0x0800020c   0x00000000   Code   RO         2305    .ARM.Collect$$_printf_percent$$00000000  c_w.l(_printf_percent.o)
    0x0800020c   0x0800020c   0x00000006   Code   RO         2294    .ARM.Collect$$_printf_percent$$00000001  c_w.l(_printf_n.o)
    0x08000212   0x08000212   0x00000006   Code   RO         2296    .ARM.Collect$$_printf_percent$$00000002  c_w.l(_printf_p.o)
    0x08000218   0x08000218   0x00000006   Code   RO         2301    .ARM.Collect$$_printf_percent$$00000003  c_w.l(_printf_f.o)
    0x0800021e   0x0800021e   0x00000006   Code   RO         2302    .ARM.Collect$$_printf_percent$$00000004  c_w.l(_printf_e.o)
    0x08000224   0x08000224   0x00000006   Code   RO         2303    .ARM.Collect$$_printf_percent$$00000005  c_w.l(_printf_g.o)
    0x0800022a   0x0800022a   0x00000006   Code   RO         2304    .ARM.Collect$$_printf_percent$$00000006  c_w.l(_printf_a.o)
    0x08000230   0x08000230   0x0000000a   Code   RO         2309    .ARM.Collect$$_printf_percent$$00000007  c_w.l(_printf_ll.o)
    0x0800023a   0x0800023a   0x00000006   Code   RO         2298    .ARM.Collect$$_printf_percent$$00000008  c_w.l(_printf_i.o)
    0x08000240   0x08000240   0x00000006   Code   RO         2299    .ARM.Collect$$_printf_percent$$00000009  c_w.l(_printf_d.o)
    0x08000246   0x08000246   0x00000006   Code   RO         2300    .ARM.Collect$$_printf_percent$$0000000A  c_w.l(_printf_u.o)
    0x0800024c   0x0800024c   0x00000006   Code   RO         2297    .ARM.Collect$$_printf_percent$$0000000B  c_w.l(_printf_o.o)
    0x08000252   0x08000252   0x00000006   Code   RO         2295    .ARM.Collect$$_printf_percent$$0000000C  c_w.l(_printf_x.o)
    0x08000258   0x08000258   0x00000006   Code   RO         2306    .ARM.Collect$$_printf_percent$$0000000D  c_w.l(_printf_lli.o)
    0x0800025e   0x0800025e   0x00000006   Code   RO         2307    .ARM.Collect$$_printf_percent$$0000000E  c_w.l(_printf_lld.o)
    0x08000264   0x08000264   0x00000006   Code   RO         2308    .ARM.Collect$$_printf_percent$$0000000F  c_w.l(_printf_llu.o)
    0x0800026a   0x0800026a   0x00000006   Code   RO         2313    .ARM.Collect$$_printf_percent$$00000010  c_w.l(_printf_llo.o)
    0x08000270   0x08000270   0x00000006   Code   RO         2314    .ARM.Collect$$_printf_percent$$00000011  c_w.l(_printf_llx.o)
    0x08000276   0x08000276   0x0000000a   Code   RO         2310    .ARM.Collect$$_printf_percent$$00000012  c_w.l(_printf_l.o)
    0x08000280   0x08000280   0x00000006   Code   RO         2292    .ARM.Collect$$_printf_percent$$00000013  c_w.l(_printf_c.o)
    0x08000286   0x08000286   0x00000006   Code   RO         2293    .ARM.Collect$$_printf_percent$$00000014  c_w.l(_printf_s.o)
    0x0800028c   0x0800028c   0x00000006   Code   RO         2311    .ARM.Collect$$_printf_percent$$00000015  c_w.l(_printf_lc.o)
    0x08000292   0x08000292   0x00000006   Code   RO         2312    .ARM.Collect$$_printf_percent$$00000016  c_w.l(_printf_ls.o)
    0x08000298   0x08000298   0x00000004   Code   RO         2421    .ARM.Collect$$_printf_percent$$00000017  c_w.l(_printf_percent_end.o)
    0x0800029c   0x0800029c   0x00000002   Code   RO         2502    .ARM.Collect$$libinit$$00000000  c_w.l(libinit.o)
    0x0800029e   0x0800029e   0x00000004   Code   RO         2319    .ARM.Collect$$libinit$$00000001  c_w.l(libinit2.o)
    0x080002a2   0x080002a2   0x00000000   Code   RO         2322    .ARM.Collect$$libinit$$00000004  c_w.l(libinit2.o)
    0x080002a2   0x080002a2   0x00000008   Code   RO         2323    .ARM.Collect$$libinit$$00000005  c_w.l(libinit2.o)
    0x080002aa   0x080002aa   0x00000000   Code   RO         2325    .ARM.Collect$$libinit$$0000000A  c_w.l(libinit2.o)
    0x080002aa   0x080002aa   0x00000000   Code   RO         2327    .ARM.Collect$$libinit$$0000000C  c_w.l(libinit2.o)
    0x080002aa   0x080002aa   0x00000000   Code   RO         2329    .ARM.Collect$$libinit$$0000000E  c_w.l(libinit2.o)
    0x080002aa   0x080002aa   0x00000006   Code   RO         2330    .ARM.Collect$$libinit$$0000000F  c_w.l(libinit2.o)
    0x080002b0   0x080002b0   0x00000000   Code   RO         2332    .ARM.Collect$$libinit$$00000011  c_w.l(libinit2.o)
    0x080002b0   0x080002b0   0x0000000c   Code   RO         2333    .ARM.Collect$$libinit$$00000012  c_w.l(libinit2.o)
    0x080002bc   0x080002bc   0x00000000   Code   RO         2334    .ARM.Collect$$libinit$$00000013  c_w.l(libinit2.o)
    0x080002bc   0x080002bc   0x00000000   Code   RO         2336    .ARM.Collect$$libinit$$00000015  c_w.l(libinit2.o)
    0x080002bc   0x080002bc   0x0000000a   Code   RO         2337    .ARM.Collect$$libinit$$00000016  c_w.l(libinit2.o)
    0x080002c6   0x080002c6   0x00000000   Code   RO         2338    .ARM.Collect$$libinit$$00000017  c_w.l(libinit2.o)
    0x080002c6   0x080002c6   0x00000000   Code   RO         2340    .ARM.Collect$$libinit$$00000019  c_w.l(libinit2.o)
    0x080002c6   0x080002c6   0x00000000   Code   RO         2342    .ARM.Collect$$libinit$$0000001B  c_w.l(libinit2.o)
    0x080002c6   0x080002c6   0x00000000   Code   RO         2344    .ARM.Collect$$libinit$$0000001D  c_w.l(libinit2.o)
    0x080002c6   0x080002c6   0x00000000   Code   RO         2346    .ARM.Collect$$libinit$$0000001F  c_w.l(libinit2.o)
    0x080002c6   0x080002c6   0x00000000   Code   RO         2348    .ARM.Collect$$libinit$$00000021  c_w.l(libinit2.o)
    0x080002c6   0x080002c6   0x00000000   Code   RO         2350    .ARM.Collect$$libinit$$00000023  c_w.l(libinit2.o)
    0x080002c6   0x080002c6   0x00000000   Code   RO         2352    .ARM.Collect$$libinit$$00000025  c_w.l(libinit2.o)
    0x080002c6   0x080002c6   0x00000000   Code   RO         2356    .ARM.Collect$$libinit$$0000002C  c_w.l(libinit2.o)
    0x080002c6   0x080002c6   0x00000000   Code   RO         2358    .ARM.Collect$$libinit$$0000002E  c_w.l(libinit2.o)
    0x080002c6   0x080002c6   0x00000000   Code   RO         2360    .ARM.Collect$$libinit$$00000030  c_w.l(libinit2.o)
    0x080002c6   0x080002c6   0x00000000   Code   RO         2362    .ARM.Collect$$libinit$$00000032  c_w.l(libinit2.o)
    0x080002c6   0x080002c6   0x00000002   Code   RO         2363    .ARM.Collect$$libinit$$00000033  c_w.l(libinit2.o)
    0x080002c8   0x080002c8   0x00000002   Code   RO         2578    .ARM.Collect$$libshutdown$$00000000  c_w.l(libshutdown.o)
    0x080002ca   0x080002ca   0x00000000   Code   RO         2532    .ARM.Collect$$libshutdown$$00000002  c_w.l(libshutdown2.o)
    0x080002ca   0x080002ca   0x00000000   Code   RO         2534    .ARM.Collect$$libshutdown$$00000004  c_w.l(libshutdown2.o)
    0x080002ca   0x080002ca   0x00000000   Code   RO         2537    .ARM.Collect$$libshutdown$$00000007  c_w.l(libshutdown2.o)
    0x080002ca   0x080002ca   0x00000000   Code   RO         2540    .ARM.Collect$$libshutdown$$0000000A  c_w.l(libshutdown2.o)
    0x080002ca   0x080002ca   0x00000000   Code   RO         2542    .ARM.Collect$$libshutdown$$0000000C  c_w.l(libshutdown2.o)
    0x080002ca   0x080002ca   0x00000004   Code   RO         2543    .ARM.Collect$$libshutdown$$0000000D  c_w.l(libshutdown2.o)
    0x080002ce   0x080002ce   0x00000000   Code   RO         2545    .ARM.Collect$$libshutdown$$0000000F  c_w.l(libshutdown2.o)
    0x080002ce   0x080002ce   0x00000002   Code   RO         2546    .ARM.Collect$$libshutdown$$00000010  c_w.l(libshutdown2.o)
    0x080002d0   0x080002d0   0x00000000   Code   RO         2186    .ARM.Collect$$rtentry$$00000000  c_w.l(__rtentry.o)
    0x080002d0   0x080002d0   0x00000000   Code   RO         2380    .ARM.Collect$$rtentry$$00000002  c_w.l(__rtentry2.o)
    0x080002d0   0x080002d0   0x00000006   Code   RO         2392    .ARM.Collect$$rtentry$$00000004  c_w.l(__rtentry4.o)
    0x080002d6   0x080002d6   0x00000008   Code   RO         2381    .ARM.Collect$$rtentry$$00000008  c_w.l(__rtentry2.o)
    0x080002de   0x080002de   0x00000004   Code   RO         2383    .ARM.Collect$$rtentry$$0000000A  c_w.l(__rtentry2.o)
    0x080002e2   0x080002e2   0x00000000   Code   RO         2385    .ARM.Collect$$rtentry$$0000000C  c_w.l(__rtentry2.o)
    0x080002e2   0x080002e2   0x00000008   Code   RO         2386    .ARM.Collect$$rtentry$$0000000D  c_w.l(__rtentry2.o)
    0x080002ea   0x080002ea   0x00000002   Code   RO         2512    .ARM.Collect$$rtexit$$00000000  c_w.l(rtexit.o)
    0x080002ec   0x080002ec   0x00000000   Code   RO         2552    .ARM.Collect$$rtexit$$00000002  c_w.l(rtexit2.o)
    0x080002ec   0x080002ec   0x00000004   Code   RO         2553    .ARM.Collect$$rtexit$$00000003  c_w.l(rtexit2.o)
    0x080002f0   0x080002f0   0x00000006   Code   RO         2554    .ARM.Collect$$rtexit$$00000004  c_w.l(rtexit2.o)
    0x080002f6   0x080002f6   0x00000002   PAD
    0x080002f8   0x080002f8   0x00000040   Code   RO         1149    .text               startup_stm32f411xe.o
    0x08000338   0x08000338   0x000000c4   Code   RO         1172    .text               irq_cm4f.o
    0x080003fc   0x080003fc   0x000000a6   Code   RO         2120    .text               c_w.l(h1_alloc_threads.o)
    0x080004a2   0x080004a2   0x000000ee   Code   RO         2172    .text               c_w.l(lludivv7m.o)
    0x08000590   0x08000590   0x00000034   Code   RO         2174    .text               c_w.l(vsnprintf.o)
    0x080005c4   0x080005c4   0x0000008a   Code   RO         2176    .text               c_w.l(rt_memcpy_v6.o)
    0x0800064e   0x0800064e   0x00000044   Code   RO         2178    .text               c_w.l(rt_memclr.o)
    0x08000692   0x08000692   0x0000004e   Code   RO         2180    .text               c_w.l(rt_memclr_w.o)
    0x080006e0   0x080006e0   0x00000006   Code   RO         2182    .text               c_w.l(heapauxi.o)
    0x080006e6   0x080006e6   0x0000000a   Code   RO         2196    .text               c_w.l(rt_heap_descriptor_twolibspace.o)
    0x080006f0   0x080006f0   0x00000004   Code   RO         2198    .text               c_w.l(hguard.o)
    0x080006f4   0x080006f4   0x0000008a   Code   RO         2200    .text               c_w.l(init_alloc.o)
    0x0800077e   0x0800077e   0x00000012   Code   RO         2210    .text               c_w.l(h1_init_threads.o)
    0x08000790   0x08000790   0x00000076   Code   RO         2212    .text               c_w.l(h1_free_threads.o)
    0x08000806   0x08000806   0x0000004e   Code   RO         2224    .text               c_w.l(_printf_pad.o)
    0x08000854   0x08000854   0x00000024   Code   RO         2226    .text               c_w.l(_printf_truncate.o)
    0x08000878   0x08000878   0x00000052   Code   RO         2228    .text               c_w.l(_printf_str.o)
    0x080008ca   0x080008ca   0x00000002   PAD
    0x080008cc   0x080008cc   0x00000078   Code   RO         2230    .text               c_w.l(_printf_dec.o)
    0x08000944   0x08000944   0x00000028   Code   RO         2232    .text               c_w.l(_printf_charcount.o)
    0x0800096c   0x0800096c   0x00000030   Code   RO         2234    .text               c_w.l(_printf_char_common.o)
    0x0800099c   0x0800099c   0x0000000a   Code   RO         2236    .text               c_w.l(_sputc.o)
    0x080009a6   0x080009a6   0x00000010   Code   RO         2238    .text               c_w.l(_snputc.o)
    0x080009b6   0x080009b6   0x00000002   PAD
    0x080009b8   0x080009b8   0x000000bc   Code   RO         2240    .text               c_w.l(_printf_wctomb.o)
    0x08000a74   0x08000a74   0x0000007c   Code   RO         2243    .text               c_w.l(_printf_longlong_dec.o)
    0x08000af0   0x08000af0   0x00000070   Code   RO         2249    .text               c_w.l(_printf_oct_int_ll.o)
    0x08000b60   0x08000b60   0x00000094   Code   RO         2269    .text               c_w.l(_printf_hex_int_ll_ptr.o)
    0x08000bf4   0x08000bf4   0x00000188   Code   RO         2289    .text               c_w.l(__printf_flags_ss_wp.o)
    0x08000d7c   0x08000d7c   0x00000064   Code   RO         2315    .text               c_w.l(rt_memcpy_w.o)
    0x08000de0   0x08000de0   0x00000008   Code   RO         2376    .text               c_w.l(libspace.o)
    0x08000de8   0x08000de8   0x00000000   Code   RO         2399    .text               c_w.l(maybetermalloc2.o)
    0x08000de8   0x08000de8   0x00000052   Code   RO         2402    .text               c_w.l(h1_extend_threads.o)
    0x08000e3a   0x08000e3a   0x0000008a   Code   RO         2404    .text               c_w.l(lludiv10.o)
    0x08000ec4   0x08000ec4   0x000000b2   Code   RO         2406    .text               c_w.l(_printf_intcommon.o)
    0x08000f76   0x08000f76   0x0000041c   Code   RO         2408    .text               c_w.l(_printf_fp_dec.o)
    0x08001392   0x08001392   0x00000002   PAD
    0x08001394   0x08001394   0x000002fc   Code   RO         2412    .text               c_w.l(_printf_fp_hex.o)
    0x08001690   0x08001690   0x0000002c   Code   RO         2417    .text               c_w.l(_printf_char.o)
    0x080016bc   0x080016bc   0x0000002c   Code   RO         2419    .text               c_w.l(_printf_wchar.o)
    0x080016e8   0x080016e8   0x00000048   Code   RO         2422    .text               c_w.l(_c16rtomb.o)
    0x08001730   0x08001730   0x0000000e   Code   RO         2424    .text               c_w.l(defsig_rtmem_outer.o)
    0x0800173e   0x0800173e   0x00000002   Code   RO         2435    .text               c_w.l(use_no_semi.o)
    0x08001740   0x08001740   0x00000000   Code   RO         2437    .text               c_w.l(indicate_semi.o)
    0x08001740   0x08001740   0x0000004a   Code   RO         2438    .text               c_w.l(sys_stackheap_outer.o)
    0x0800178a   0x0800178a   0x00000002   PAD
    0x0800178c   0x0800178c   0x00000010   Code   RO         2440    .text               c_w.l(rt_ctype_table.o)
    0x0800179c   0x0800179c   0x0000000a   Code   RO         2449    .text               c_w.l(rt_locale_twolibspace.o)
    0x080017a6   0x080017a6   0x00000010   Code   RO         2451    .text               c_w.l(term_alloc.o)
    0x080017b6   0x080017b6   0x00000002   PAD
    0x080017b8   0x080017b8   0x00000080   Code   RO         2453    .text               c_w.l(_printf_fp_infnan.o)
    0x08001838   0x08001838   0x000000e4   Code   RO         2455    .text               c_w.l(bigflt0.o)
    0x0800191c   0x0800191c   0x00000012   Code   RO         2485    .text               c_w.l(exit.o)
    0x0800192e   0x0800192e   0x0000000a   Code   RO         2487    .text               c_w.l(defsig_exit.o)
    0x08001938   0x08001938   0x00000050   Code   RO         2493    .text               c_w.l(defsig_rtmem_inner.o)
    0x08001988   0x08001988   0x0000000c   Code   RO         2508    .text               c_w.l(sys_exit.o)
    0x08001994   0x08001994   0x0000000a   Code   RO         2516    .text               c_w.l(h1_final_threads.o)
    0x0800199e   0x0800199e   0x00000032   Code   RO         2525    .text               c_w.l(defsig_general.o)
    0x080019d0   0x080019d0   0x0000007c   Code   RO         2529    .text               c_w.l(strcmpv7em.o)
    0x08001a4c   0x08001a4c   0x0000000e   Code   RO         2547    .text               c_w.l(sys_wrch.o)
    0x08001a5a   0x08001a5a   0x00000002   Code   RO          118    .text.BusFault_Handler  stm32f4xx_it.o
    0x08001a5c   0x08001a5c   0x0000000c   Code   RO          126    .text.DMA2_Stream2_IRQHandler  stm32f4xx_it.o
    0x08001a68   0x08001a68   0x0000000c   Code   RO          128    .text.DMA2_Stream7_IRQHandler  stm32f4xx_it.o
    0x08001a74   0x08001a74   0x00000030   Code   RO          899    .text.DMA_CalcBaseAndBitshift  stm32f4xx_hal_dma.o
    0x08001aa4   0x08001aa4   0x00000002   Code   RO          122    .text.DebugMon_Handler  stm32f4xx_it.o
    0x08001aa6   0x08001aa6   0x00000002   Code   RO           43    .text.Error_Handler  main.o
    0x08001aa8   0x08001aa8   0x00000002   Code   RO         1383    .text.EvrRtxDelayCompleted  rtx_evr.o
    0x08001aaa   0x08001aaa   0x00000002   Code   RO         1431    .text.EvrRtxEventFlagsWaitTimeout  rtx_evr.o
    0x08001aac   0x08001aac   0x00000002   Code   RO         1247    .text.EvrRtxKernelError  rtx_evr.o
    0x08001aae   0x08001aae   0x00000002   Code   RO         1257    .text.EvrRtxKernelGetState  rtx_evr.o
    0x08001ab0   0x08001ab0   0x00000002   Code   RO         1249    .text.EvrRtxKernelInitialize  rtx_evr.o
    0x08001ab2   0x08001ab2   0x00000002   Code   RO         1251    .text.EvrRtxKernelInitialized  rtx_evr.o
    0x08001ab4   0x08001ab4   0x00000002   Code   RO         1259    .text.EvrRtxKernelStart  rtx_evr.o
    0x08001ab6   0x08001ab6   0x00000002   Code   RO         1261    .text.EvrRtxKernelStarted  rtx_evr.o
    0x08001ab8   0x08001ab8   0x00000002   Code   RO         1237    .text.EvrRtxMemoryAlloc  rtx_evr.o
    0x08001aba   0x08001aba   0x00000002   Code   RO         1243    .text.EvrRtxMemoryBlockAlloc  rtx_evr.o
    0x08001abc   0x08001abc   0x00000002   Code   RO         1245    .text.EvrRtxMemoryBlockFree  rtx_evr.o
    0x08001abe   0x08001abe   0x00000002   Code   RO         1241    .text.EvrRtxMemoryBlockInit  rtx_evr.o
    0x08001ac0   0x08001ac0   0x00000002   Code   RO         1239    .text.EvrRtxMemoryFree  rtx_evr.o
    0x08001ac2   0x08001ac2   0x00000002   Code   RO         1235    .text.EvrRtxMemoryInit  rtx_evr.o
    0x08001ac4   0x08001ac4   0x00000002   Code   RO         1509    .text.EvrRtxMemoryPoolAllocTimeout  rtx_evr.o
    0x08001ac6   0x08001ac6   0x00000002   Code   RO         1537    .text.EvrRtxMessageQueueCreated  rtx_evr.o
    0x08001ac8   0x08001ac8   0x00000002   Code   RO         1533    .text.EvrRtxMessageQueueError  rtx_evr.o
    0x08001aca   0x08001aca   0x00000002   Code   RO         1553    .text.EvrRtxMessageQueueGet  rtx_evr.o
    0x08001acc   0x08001acc   0x00000002   Code   RO         1555    .text.EvrRtxMessageQueueGetPending  rtx_evr.o
    0x08001ace   0x08001ace   0x00000002   Code   RO         1557    .text.EvrRtxMessageQueueGetTimeout  rtx_evr.o
    0x08001ad0   0x08001ad0   0x00000002   Code   RO         1547    .text.EvrRtxMessageQueueInsertPending  rtx_evr.o
    0x08001ad2   0x08001ad2   0x00000002   Code   RO         1549    .text.EvrRtxMessageQueueInserted  rtx_evr.o
    0x08001ad4   0x08001ad4   0x00000002   Code   RO         1535    .text.EvrRtxMessageQueueNew  rtx_evr.o
    0x08001ad6   0x08001ad6   0x00000002   Code   RO         1551    .text.EvrRtxMessageQueueNotInserted  rtx_evr.o
    0x08001ad8   0x08001ad8   0x00000002   Code   RO         1561    .text.EvrRtxMessageQueueNotRetrieved  rtx_evr.o
    0x08001ada   0x08001ada   0x00000002   Code   RO         1541    .text.EvrRtxMessageQueuePut  rtx_evr.o
    0x08001adc   0x08001adc   0x00000002   Code   RO         1543    .text.EvrRtxMessageQueuePutPending  rtx_evr.o
    0x08001ade   0x08001ade   0x00000002   Code   RO         1545    .text.EvrRtxMessageQueuePutTimeout  rtx_evr.o
    0x08001ae0   0x08001ae0   0x00000002   Code   RO         1559    .text.EvrRtxMessageQueueRetrieved  rtx_evr.o
    0x08001ae2   0x08001ae2   0x00000002   Code   RO         1449    .text.EvrRtxMutexAcquire  rtx_evr.o
    0x08001ae4   0x08001ae4   0x00000002   Code   RO         1451    .text.EvrRtxMutexAcquirePending  rtx_evr.o
    0x08001ae6   0x08001ae6   0x00000002   Code   RO         1453    .text.EvrRtxMutexAcquireTimeout  rtx_evr.o
    0x08001ae8   0x08001ae8   0x00000002   Code   RO         1455    .text.EvrRtxMutexAcquired  rtx_evr.o
    0x08001aea   0x08001aea   0x00000002   Code   RO         1445    .text.EvrRtxMutexCreated  rtx_evr.o
    0x08001aec   0x08001aec   0x00000002   Code   RO         1465    .text.EvrRtxMutexDelete  rtx_evr.o
    0x08001aee   0x08001aee   0x00000002   Code   RO         1467    .text.EvrRtxMutexDestroyed  rtx_evr.o
    0x08001af0   0x08001af0   0x00000002   Code   RO         1441    .text.EvrRtxMutexError  rtx_evr.o
    0x08001af2   0x08001af2   0x00000002   Code   RO         1443    .text.EvrRtxMutexNew  rtx_evr.o
    0x08001af4   0x08001af4   0x00000002   Code   RO         1457    .text.EvrRtxMutexNotAcquired  rtx_evr.o
    0x08001af6   0x08001af6   0x00000002   Code   RO         1459    .text.EvrRtxMutexRelease  rtx_evr.o
    0x08001af8   0x08001af8   0x00000002   Code   RO         1461    .text.EvrRtxMutexReleased  rtx_evr.o
    0x08001afa   0x08001afa   0x00000002   Code   RO         1477    .text.EvrRtxSemaphoreAcquire  rtx_evr.o
    0x08001afc   0x08001afc   0x00000002   Code   RO         1479    .text.EvrRtxSemaphoreAcquirePending  rtx_evr.o
    0x08001afe   0x08001afe   0x00000002   Code   RO         1481    .text.EvrRtxSemaphoreAcquireTimeout  rtx_evr.o
    0x08001b00   0x08001b00   0x00000002   Code   RO         1483    .text.EvrRtxSemaphoreAcquired  rtx_evr.o
    0x08001b02   0x08001b02   0x00000002   Code   RO         1473    .text.EvrRtxSemaphoreCreated  rtx_evr.o
    0x08001b04   0x08001b04   0x00000002   Code   RO         1469    .text.EvrRtxSemaphoreError  rtx_evr.o
    0x08001b06   0x08001b06   0x00000002   Code   RO         1471    .text.EvrRtxSemaphoreNew  rtx_evr.o
    0x08001b08   0x08001b08   0x00000002   Code   RO         1485    .text.EvrRtxSemaphoreNotAcquired  rtx_evr.o
    0x08001b0a   0x08001b0a   0x00000002   Code   RO         1487    .text.EvrRtxSemaphoreRelease  rtx_evr.o
    0x08001b0c   0x08001b0c   0x00000002   Code   RO         1489    .text.EvrRtxSemaphoreReleased  rtx_evr.o
    0x08001b0e   0x08001b0e   0x00000002   Code   RO         1333    .text.EvrRtxThreadBlocked  rtx_evr.o
    0x08001b10   0x08001b10   0x00000002   Code   RO         1295    .text.EvrRtxThreadCreated  rtx_evr.o
    0x08001b12   0x08001b12   0x00000002   Code   RO         1345    .text.EvrRtxThreadDestroyed  rtx_evr.o
    0x08001b14   0x08001b14   0x00000002   Code   RO         1291    .text.EvrRtxThreadError  rtx_evr.o
    0x08001b16   0x08001b16   0x00000002   Code   RO         1341    .text.EvrRtxThreadExit  rtx_evr.o
    0x08001b18   0x08001b18   0x00000002   Code   RO         1369    .text.EvrRtxThreadFlagsWaitCompleted  rtx_evr.o
    0x08001b1a   0x08001b1a   0x00000002   Code   RO         1367    .text.EvrRtxThreadFlagsWaitTimeout  rtx_evr.o
    0x08001b1c   0x08001b1c   0x00000002   Code   RO         1331    .text.EvrRtxThreadJoined  rtx_evr.o
    0x08001b1e   0x08001b1e   0x00000002   Code   RO         1293    .text.EvrRtxThreadNew  rtx_evr.o
    0x08001b20   0x08001b20   0x00000002   Code   RO         1337    .text.EvrRtxThreadPreempted  rtx_evr.o
    0x08001b22   0x08001b22   0x00000002   Code   RO         1339    .text.EvrRtxThreadSwitched  rtx_evr.o
    0x08001b24   0x08001b24   0x00000002   Code   RO         1335    .text.EvrRtxThreadUnblocked  rtx_evr.o
    0x08001b26   0x08001b26   0x00000002   Code   RO         1387    .text.EvrRtxTimerCallback  rtx_evr.o
    0x08001b28   0x08001b28   0x00000170   Code   RO          915    .text.HAL_DMA_IRQHandler  stm32f4xx_hal_dma.o
    0x08001c98   0x08001c98   0x00000128   Code   RO          897    .text.HAL_DMA_Init  stm32f4xx_hal_dma.o
    0x08001dc0   0x08001dc0   0x00000188   Code   RO          857    .text.HAL_GPIO_Init  stm32f4xx_hal_gpio.o
    0x08001f48   0x08001f48   0x0000000a   Code   RO          863    .text.HAL_GPIO_WritePin  stm32f4xx_hal_gpio.o
    0x08001f52   0x08001f52   0x00000002   PAD
    0x08001f54   0x08001f54   0x00000008   Code   RO         1067    .text.HAL_GetTick   stm32f4xx_hal.o
    0x08001f5c   0x08001f5c   0x00000018   Code   RO         1065    .text.HAL_IncTick   stm32f4xx_hal.o
    0x08001f74   0x08001f74   0x00000034   Code   RO         1055    .text.HAL_Init      stm32f4xx_hal.o
    0x08001fa8   0x08001fa8   0x00000078   Code   RO          147    .text.HAL_InitTick  stm32f4xx_hal_timebase_tim.o
    0x08002020   0x08002020   0x00000038   Code   RO          138    .text.HAL_MspInit   stm32f4xx_hal_msp.o
    0x08002058   0x08002058   0x0000001c   Code   RO         1012    .text.HAL_NVIC_EnableIRQ  stm32f4xx_hal_cortex.o
    0x08002074   0x08002074   0x0000003c   Code   RO         1008    .text.HAL_NVIC_SetPriority  stm32f4xx_hal_cortex.o
    0x080020b0   0x080020b0   0x00000020   Code   RO         1006    .text.HAL_NVIC_SetPriorityGrouping  stm32f4xx_hal_cortex.o
    0x080020d0   0x080020d0   0x00000120   Code   RO          717    .text.HAL_RCC_ClockConfig  stm32f4xx_hal_rcc.o
    0x080021f0   0x080021f0   0x00000038   Code   RO          735    .text.HAL_RCC_GetClockConfig  stm32f4xx_hal_rcc.o
    0x08002228   0x08002228   0x00000014   Code   RO          729    .text.HAL_RCC_GetPCLK1Freq  stm32f4xx_hal_rcc.o
    0x0800223c   0x0800223c   0x00000020   Code   RO          731    .text.HAL_RCC_GetPCLK2Freq  stm32f4xx_hal_rcc.o
    0x0800225c   0x0800225c   0x0000005c   Code   RO          719    .text.HAL_RCC_GetSysClockFreq  stm32f4xx_hal_rcc.o
    0x080022b8   0x080022b8   0x000002d8   Code   RO          715    .text.HAL_RCC_OscConfig  stm32f4xx_hal_rcc.o
    0x08002590   0x08002590   0x0000007e   Code   RO          163    .text.HAL_SPI_Init  stm32f4xx_hal_spi.o
    0x0800260e   0x0800260e   0x00000002   PAD
    0x08002610   0x08002610   0x00000068   Code   RO           80    .text.HAL_SPI_MspInit  spi.o
    0x08002678   0x08002678   0x00000002   Code   RO          587    .text.HAL_TIMEx_BreakCallback  stm32f4xx_hal_tim_ex.o
    0x0800267a   0x0800267a   0x00000002   Code   RO          583    .text.HAL_TIMEx_CommutCallback  stm32f4xx_hal_tim_ex.o
    0x0800267c   0x0800267c   0x00000034   Code   RO          282    .text.HAL_TIM_Base_Init  stm32f4xx_hal_tim.o
    0x080026b0   0x080026b0   0x00000002   Code   RO          284    .text.HAL_TIM_Base_MspInit  stm32f4xx_hal_tim.o
    0x080026b2   0x080026b2   0x00000020   Code   RO          296    .text.HAL_TIM_Base_Start_IT  stm32f4xx_hal_tim.o
    0x080026d2   0x080026d2   0x00000002   Code   RO          418    .text.HAL_TIM_IC_CaptureCallback  stm32f4xx_hal_tim.o
    0x080026d4   0x080026d4   0x0000016a   Code   RO          416    .text.HAL_TIM_IRQHandler  stm32f4xx_hal_tim.o
    0x0800283e   0x0800283e   0x00000002   Code   RO          420    .text.HAL_TIM_OC_DelayElapsedCallback  stm32f4xx_hal_tim.o
    0x08002840   0x08002840   0x00000002   Code   RO          422    .text.HAL_TIM_PWM_PulseFinishedCallback  stm32f4xx_hal_tim.o
    0x08002842   0x08002842   0x00000002   PAD
    0x08002844   0x08002844   0x00000014   Code   RO           45    .text.HAL_TIM_PeriodElapsedCallback  main.o
    0x08002858   0x08002858   0x00000002   Code   RO          426    .text.HAL_TIM_TriggerCallback  stm32f4xx_hal_tim.o
    0x0800285a   0x0800285a   0x0000005c   Code   RO          600    .text.HAL_UART_Init  stm32f4xx_hal_uart.o
    0x080028b6   0x080028b6   0x00000002   PAD
    0x080028b8   0x080028b8   0x000000e8   Code   RO           96    .text.HAL_UART_MspInit  usart.o
    0x080029a0   0x080029a0   0x00000002   Code   RO          114    .text.HardFault_Handler  stm32f4xx_it.o
    0x080029a2   0x080029a2   0x00000002   PAD
    0x080029a4   0x080029a4   0x00000044   Code   RO           68    .text.MX_DMA_Init   dma.o
    0x080029e8   0x080029e8   0x000000d4   Code   RO           57    .text.MX_GPIO_Init  gpio.o
    0x08002abc   0x08002abc   0x00000048   Code   RO           78    .text.MX_SPI2_Init  spi.o
    0x08002b04   0x08002b04   0x00000038   Code   RO           94    .text.MX_USART1_UART_Init  usart.o
    0x08002b3c   0x08002b3c   0x00000002   Code   RO          116    .text.MemManage_Handler  stm32f4xx_it.o
    0x08002b3e   0x08002b3e   0x00000044   Code   RO         1796    .text.MessageQueueGet  rtx_msgqueue.o
    0x08002b82   0x08002b82   0x00000062   Code   RO         1790    .text.MessageQueuePut  rtx_msgqueue.o
    0x08002be4   0x08002be4   0x0000001c   Code   RO         1788    .text.MessageQueueRemove  rtx_msgqueue.o
    0x08002c00   0x08002c00   0x00000002   Code   RO          112    .text.NMI_Handler   stm32f4xx_it.o
    0x08002c02   0x08002c02   0x00000002   PAD
    0x08002c04   0x08002c04   0x00000008   Code   RO         2080    .text.OS_Tick_AcknowledgeIRQ  os_systick.o
    0x08002c0c   0x08002c0c   0x00000024   Code   RO         2076    .text.OS_Tick_Enable  os_systick.o
    0x08002c30   0x08002c30   0x00000006   Code   RO         2082    .text.OS_Tick_GetIRQn  os_systick.o
    0x08002c36   0x08002c36   0x00000002   PAD
    0x08002c38   0x08002c38   0x0000003c   Code   RO         2074    .text.OS_Tick_Setup  os_systick.o
    0x08002c74   0x08002c74   0x00000084   Code   RO           41    .text.SystemClock_Config  main.o
    0x08002cf8   0x08002cf8   0x0000006c   Code   RO         1158    .text.SystemCoreClockUpdate  system_stm32f4xx.o
    0x08002d64   0x08002d64   0x0000004c   Code   RO         1156    .text.SystemInit    system_stm32f4xx.o
    0x08002db0   0x08002db0   0x0000000c   Code   RO          124    .text.TIM1_TRG_COM_TIM11_IRQHandler  stm32f4xx_it.o
    0x08002dbc   0x08002dbc   0x00000084   Code   RO          286    .text.TIM_Base_SetConfig  stm32f4xx_hal_tim.o
    0x08002e40   0x08002e40   0x0000006a   Code   RO         1980    .text.ThreadFlagsCheck  rtx_thread.o
    0x08002eaa   0x08002eaa   0x00000002   PAD
    0x08002eac   0x08002eac   0x00000050   Code   RO         2049    .text.TimerInsert   rtx_timer.o
    0x08002efc   0x08002efc   0x0000017c   Code   RO          604    .text.UART_SetConfig  stm32f4xx_hal_uart.o
    0x08003078   0x08003078   0x00000070   Code   RO           10    .text.USART1_IRQHandler  serial.o
    0x080030e8   0x080030e8   0x00000002   Code   RO          120    .text.UsageFault_Handler  stm32f4xx_it.o
    0x080030ea   0x080030ea   0x00000002   PAD
    0x080030ec   0x080030ec   0x00000024   Code   RO         1010    .text.__NVIC_SetPriority  stm32f4xx_hal_cortex.o
    0x08003110   0x08003110   0x0000001a   Code   RO         1660    .text._mutex_acquire  rtx_lib.o
    0x0800312a   0x0800312a   0x00000006   Code   RO         1664    .text._mutex_free   rtx_lib.o
    0x08003130   0x08003130   0x00000020   Code   RO         1658    .text._mutex_initialize  rtx_lib.o
    0x08003150   0x08003150   0x00000016   Code   RO         1662    .text._mutex_release  rtx_lib.o
    0x08003166   0x08003166   0x00000004   Code   RO         1652    .text._platform_post_stackheap_init  rtx_lib.o
    0x0800316a   0x0800316a   0x00000002   PAD
    0x0800316c   0x0800316c   0x00000030   Code   RO           26    .text.app_main      osmain.o
    0x0800319c   0x0800319c   0x00000046   Code   RO            2    .text.emHAL_UART_Transmit_DMA  serial.o
    0x080031e2   0x080031e2   0x00000002   PAD
    0x080031e4   0x080031e4   0x0000004c   Code   RO            4    .text.em_printf     serial.o
    0x08003230   0x08003230   0x00000068   Code   RO            6    .text.initSerial    serial.o
    0x08003298   0x08003298   0x0000001e   Code   RO           39    .text.main          main.o
    0x080032b6   0x080032b6   0x00000002   PAD
    0x080032b8   0x080032b8   0x0000002c   Code   RO         1595    .text.osKernelGetState  rtx_kernel.o
    0x080032e4   0x080032e4   0x00000038   Code   RO         1589    .text.osKernelInitialize  rtx_kernel.o
    0x0800331c   0x0800331c   0x00000034   Code   RO         1599    .text.osKernelStart  rtx_kernel.o
    0x08003350   0x08003350   0x00000048   Code   RO           28    .text.osMain        osmain.o
    0x08003398   0x08003398   0x00000094   Code   RO         1762    .text.osMessageQueueGet  rtx_msgqueue.o
    0x0800342c   0x0800342c   0x00000044   Code   RO         1756    .text.osMessageQueueNew  rtx_msgqueue.o
    0x08003470   0x08003470   0x00000098   Code   RO         1760    .text.osMessageQueuePut  rtx_msgqueue.o
    0x08003508   0x08003508   0x0000003c   Code   RO         1819    .text.osMutexAcquire  rtx_mutex.o
    0x08003544   0x08003544   0x00000038   Code   RO         1825    .text.osMutexDelete  rtx_mutex.o
    0x0800357c   0x0800357c   0x0000003c   Code   RO         1815    .text.osMutexNew    rtx_mutex.o
    0x080035b8   0x080035b8   0x00000038   Code   RO         1821    .text.osMutexRelease  rtx_mutex.o
    0x080035f0   0x080035f0   0x00000002   Code   RO         2104    .text.osRtxErrorNotify  rtx_config.o
    0x080035f2   0x080035f2   0x00000002   Code   RO         2102    .text.osRtxIdleThread  rtx_config.o
    0x080035f4   0x080035f4   0x00000002   Code   RO         1587    .text.osRtxKernelPreInit  rtx_kernel.o
    0x080035f6   0x080035f6   0x0000008a   Code   RO         1690    .text.osRtxMemoryAlloc  rtx_memory.o
    0x08003680   0x08003680   0x00000052   Code   RO         1692    .text.osRtxMemoryFree  rtx_memory.o
    0x080036d2   0x080036d2   0x0000003e   Code   RO         1688    .text.osRtxMemoryInit  rtx_memory.o
    0x08003710   0x08003710   0x00000044   Code   RO         1705    .text.osRtxMemoryPoolAlloc  rtx_mempool.o
    0x08003754   0x08003754   0x00000056   Code   RO         1707    .text.osRtxMemoryPoolFree  rtx_mempool.o
    0x080037aa   0x080037aa   0x0000004c   Code   RO         1703    .text.osRtxMemoryPoolInit  rtx_mempool.o
    0x080037f6   0x080037f6   0x000000f2   Code   RO         1786    .text.osRtxMessageQueuePostProcess  rtx_msgqueue.o
    0x080038e8   0x080038e8   0x0000005a   Code   RO         1813    .text.osRtxMutexOwnerRelease  rtx_mutex.o
    0x08003942   0x08003942   0x00000002   PAD
    0x08003944   0x08003944   0x0000008c   Code   RO         1885    .text.osRtxPendSV_Handler  rtx_system.o
    0x080039d0   0x080039d0   0x00000070   Code   RO         1887    .text.osRtxPostProcess  rtx_system.o
    0x08003a40   0x08003a40   0x00000042   Code   RO         1864    .text.osRtxSemaphorePostProcess  rtx_semaphore.o
    0x08003a82   0x08003a82   0x00000002   PAD
    0x08003a84   0x08003a84   0x00000038   Code   RO         1920    .text.osRtxThreadBlock  rtx_thread.o
    0x08003abc   0x08003abc   0x00000084   Code   RO         1928    .text.osRtxThreadDelayInsert  rtx_thread.o
    0x08003b40   0x08003b40   0x00000038   Code   RO         1924    .text.osRtxThreadDelayRemove  rtx_thread.o
    0x08003b78   0x08003b78   0x000000b8   Code   RO         1908    .text.osRtxThreadDelayTick  rtx_thread.o
    0x08003c30   0x08003c30   0x00000058   Code   RO         1918    .text.osRtxThreadDispatch  rtx_thread.o
    0x08003c88   0x08003c88   0x00000058   Code   RO         2004    .text.osRtxThreadFree  rtx_thread.o
    0x08003ce0   0x08003ce0   0x00000014   Code   RO         1900    .text.osRtxThreadListGet  rtx_thread.o
    0x08003cf4   0x08003cf4   0x0000002a   Code   RO         1898    .text.osRtxThreadListPut  rtx_thread.o
    0x08003d1e   0x08003d1e   0x00000014   Code   RO         1904    .text.osRtxThreadListRemove  rtx_thread.o
    0x08003d32   0x08003d32   0x0000000c   Code   RO         1910    .text.osRtxThreadListRoot  rtx_thread.o
    0x08003d3e   0x08003d3e   0x00000028   Code   RO         1902    .text.osRtxThreadListSort  rtx_thread.o
    0x08003d66   0x08003d66   0x0000003a   Code   RO         1978    .text.osRtxThreadPostProcess  rtx_thread.o
    0x08003da0   0x08003da0   0x00000014   Code   RO         1906    .text.osRtxThreadReadyPut  rtx_thread.o
    0x08003db4   0x08003db4   0x00000014   Code   RO         1912    .text.osRtxThreadRegPtr  rtx_thread.o
    0x08003dc8   0x08003dc8   0x00000024   Code   RO         1916    .text.osRtxThreadStackCheck  rtx_thread.o
    0x08003dec   0x08003dec   0x00000038   Code   RO         1930    .text.osRtxThreadStartup  rtx_thread.o
    0x08003e24   0x08003e24   0x00000020   Code   RO         1914    .text.osRtxThreadSwitch  rtx_thread.o
    0x08003e44   0x08003e44   0x0000004c   Code   RO         1926    .text.osRtxThreadWaitEnter  rtx_thread.o
    0x08003e90   0x08003e90   0x00000038   Code   RO         1922    .text.osRtxThreadWaitExit  rtx_thread.o
    0x08003ec8   0x08003ec8   0x00000078   Code   RO         1883    .text.osRtxTick_Handler  rtx_system.o
    0x08003f40   0x08003f40   0x00000040   Code   RO         2033    .text.osRtxTimerThread  rtx_timer.o
    0x08003f80   0x08003f80   0x00000058   Code   RO         2035    .text.osRtxTimerTick  rtx_timer.o
    0x08003fd8   0x08003fd8   0x00000080   Code   RO         1852    .text.osSemaphoreAcquire  rtx_semaphore.o
    0x08004058   0x08004058   0x00000044   Code   RO         1848    .text.osSemaphoreNew  rtx_semaphore.o
    0x0800409c   0x0800409c   0x0000008c   Code   RO         1854    .text.osSemaphoreRelease  rtx_semaphore.o
    0x08004128   0x08004128   0x0000001c   Code   RO         1962    .text.osThreadExit  rtx_thread.o
    0x08004144   0x08004144   0x00000044   Code   RO         1934    .text.osThreadNew   rtx_thread.o
    0x08004188   0x08004188   0x00000020   Code   RO         1656    .text.os_kernel_is_active  rtx_lib.o
    0x080041a8   0x080041a8   0x00000084   Code   RO           12    .text.registerSerial  serial.o
    0x0800422c   0x0800422c   0x00000046   Code   RO            8    .text.restartDMA    serial.o
    0x08004272   0x08004272   0x00000002   PAD
    0x08004274   0x08004274   0x00000014   Code   RO         1597    .text.svcRtxKernelGetState  rtx_kernel.o
    0x08004288   0x08004288   0x00000154   Code   RO         1627    .text.svcRtxKernelInitialize  rtx_kernel.o
    0x080043dc   0x080043dc   0x000000a0   Code   RO         1629    .text.svcRtxKernelStart  rtx_kernel.o
    0x0800447c   0x0800447c   0x00000110   Code   RO         1798    .text.svcRtxMessageQueueGet  rtx_msgqueue.o
    0x0800458c   0x0800458c   0x00000144   Code   RO         1784    .text.svcRtxMessageQueueNew  rtx_msgqueue.o
    0x080046d0   0x080046d0   0x000000ec   Code   RO         1794    .text.svcRtxMessageQueuePut  rtx_msgqueue.o
    0x080047bc   0x080047bc   0x000000d4   Code   RO         1831    .text.svcRtxMutexAcquire  rtx_mutex.o
    0x08004890   0x08004890   0x000000c4   Code   RO         1837    .text.svcRtxMutexDelete  rtx_mutex.o
    0x08004954   0x08004954   0x00000080   Code   RO         1827    .text.svcRtxMutexNew  rtx_mutex.o
    0x080049d4   0x080049d4   0x000000e8   Code   RO         1833    .text.svcRtxMutexRelease  rtx_mutex.o
    0x08004abc   0x08004abc   0x00000088   Code   RO         1868    .text.svcRtxSemaphoreAcquire  rtx_semaphore.o
    0x08004b44   0x08004b44   0x0000009c   Code   RO         1862    .text.svcRtxSemaphoreNew  rtx_semaphore.o
    0x08004be0   0x08004be0   0x00000086   Code   RO         1870    .text.svcRtxSemaphoreRelease  rtx_semaphore.o
    0x08004c66   0x08004c66   0x00000002   PAD
    0x08004c68   0x08004c68   0x0000007c   Code   RO         2008    .text.svcRtxThreadExit  rtx_thread.o
    0x08004ce4   0x08004ce4   0x000001ec   Code   RO         1932    .text.svcRtxThreadNew  rtx_thread.o
    0x08004ed0   0x08004ed0   0x0000003e   Code   RO         2458    CL$$btod_d2e        c_w.l(btod.o)
    0x08004f0e   0x08004f0e   0x00000046   Code   RO         2460    CL$$btod_d2e_denorm_low  c_w.l(btod.o)
    0x08004f54   0x08004f54   0x00000060   Code   RO         2459    CL$$btod_d2e_norm_op1  c_w.l(btod.o)
    0x08004fb4   0x08004fb4   0x00000338   Code   RO         2468    CL$$btod_div_common  c_w.l(btod.o)
    0x080052ec   0x080052ec   0x000000dc   Code   RO         2465    CL$$btod_e2e        c_w.l(btod.o)
    0x080053c8   0x080053c8   0x0000002a   Code   RO         2462    CL$$btod_ediv       c_w.l(btod.o)
    0x080053f2   0x080053f2   0x0000002a   Code   RO         2461    CL$$btod_emul       c_w.l(btod.o)
    0x0800541c   0x0800541c   0x00000244   Code   RO         2467    CL$$btod_mult_common  c_w.l(btod.o)
    0x08005660   0x08005660   0x00000030   Code   RO         2506    i.__ARM_fpclassify  m_wm.l(fpclassify.o)
    0x08005690   0x08005690   0x0000000e   Code   RO         2282    i._is_digit         c_w.l(__printf_wp.o)
    0x0800569e   0x0800569e   0x00000002   PAD
    0x080056a0   0x080056a0   0x0000002c   Code   RO         2483    locale$$code        c_w.l(lc_numeric_c.o)
    0x080056cc   0x080056cc   0x0000002c   Code   RO         2521    locale$$code        c_w.l(lc_ctype_c.o)
    0x080056f8   0x080056f8   0x0000001a   Code   RO         2433    x$fpl$fpinit        fz_wm.l(fpinit.o)
    0x08005712   0x08005712   0x00000004   Code   RO         2364    x$fpl$printf1       fz_wm.l(printf1.o)
    0x08005716   0x08005716   0x00000004   Code   RO         2366    x$fpl$printf2       fz_wm.l(printf2.o)
    0x0800571a   0x0800571a   0x00000000   Code   RO         2505    x$fpl$usenofp       fz_wm.l(usenofp.o)
    0x0800571a   0x0800571a   0x00000002   PAD
    0x0800571c   0x0800571c   0x00000008   Data   RO         2241    .constdata          c_w.l(_printf_wctomb.o)
    0x08005724   0x08005724   0x00000028   Data   RO         2270    .constdata          c_w.l(_printf_hex_int_ll_ptr.o)
    0x0800574c   0x0800574c   0x00000011   Data   RO         2290    .constdata          c_w.l(__printf_flags_ss_wp.o)
    0x0800575d   0x0800575d   0x00000026   Data   RO         2413    .constdata          c_w.l(_printf_fp_hex.o)
    0x08005783   0x08005783   0x00000001   PAD
    0x08005784   0x08005784   0x00000094   Data   RO         2456    .constdata          c_w.l(bigflt0.o)
    0x08005818   0x08005818   0x000000a0   Data   RO         1670    .rodata             rtx_lib.o
    0x080058b8   0x080058b8   0x00000010   Data   RO         1161    .rodata.AHBPrescTable  system_stm32f4xx.o
    0x080058c8   0x080058c8   0x00000008   Data   RO         1162    .rodata.APBPrescTable  system_stm32f4xx.o
    0x080058d0   0x080058d0   0x00000004   Data   RO         1672    .rodata.osRtxUserSVC  rtx_lib.o
    0x080058d4   0x080058d4   0x00000024   Data   RO         1667    .rodata.os_idle_thread_attr  rtx_lib.o
    0x080058f8   0x080058f8   0x00000018   Data   RO         1669    .rodata.os_timer_mq_attr  rtx_lib.o
    0x08005910   0x08005910   0x00000024   Data   RO         1668    .rodata.os_timer_thread_attr  rtx_lib.o
    0x08005934   0x08005934   0x00000020   Data   RO           15    .rodata.str1.1      serial.o
    0x08005954   0x08005954   0x0000000b   Data   RO         1641    .rodata.str1.4      rtx_kernel.o
    0x0800595f   0x0800595f   0x00000001   PAD
    0x08005960   0x08005960   0x00000020   Data   RO         2580    Region$$Table       anon$$obj.o
    0x08005980   0x08005980   0x0000001c   Data   RO         2482    locale$$data        c_w.l(lc_numeric_c.o)
    0x0800599c   0x0800599c   0x00000110   Data   RO         2520    locale$$data        c_w.l(lc_ctype_c.o)


    Execution Region RW_IRAM1 (Exec base: 0x20000000, Load base: 0x08005ab0, Size: 0x00006e18, Max: 0x00020000, ABSOLUTE)

    Exec Addr    Load Addr    Size         Type   Attr      Idx    E Section Name        Object

    0x20000000   0x08005ab0   0x00000008   Data   RW         1110    .data..L_MergedGlobals  stm32f4xx_hal.o
    0x20000008   0x08005ab8   0x00000004   Data   RW         1160    .data.SystemCoreClock  system_stm32f4xx.o
    0x2000000c   0x08005abc   0x000000a4   Data   RW         1642    .data.os            rtx_kernel.o
    0x200000b0        -       0x00000060   Zero   RW         2377    .bss                c_w.l(libspace.o)
    0x20000110        -       0x00000008   Zero   RW           16    .bss..L_MergedGlobals  serial.o
    0x20000118        -       0x00000008   Zero   RW           30    .bss..L_MergedGlobals  osmain.o
    0x20000120        -       0x00000001   Zero   RW         2092    .bss.PendST         os_systick.o
    0x20000121   0x08005b60   0x00000003   PAD
    0x20000124        -       0x00000060   Zero   RW          101    .bss.hdma_usart1_rx  usart.o
    0x20000184        -       0x00000060   Zero   RW          102    .bss.hdma_usart1_tx  usart.o
    0x200001e4        -       0x00000058   Zero   RW           84    .bss.hspi2          spi.o
    0x2000023c        -       0x00000040   Zero   RW          153    .bss.htim11         stm32f4xx_hal_timebase_tim.o
    0x2000027c        -       0x00000040   Zero   RW          100    .bss.huart1         usart.o
    0x200002bc   0x08005b60   0x00000004   PAD
    0x200002c0        -       0x00001040   Zero   RW         1666    .bss.os             rtx_lib.o
    0x20001300        -       0x00000034   Zero   RW         1676    .bss.os.msgqueue.cb  rtx_lib.o
    0x20001334        -       0x00000050   Zero   RW         1677    .bss.os.msgqueue.mem  rtx_lib.o
    0x20001384        -       0x00000088   Zero   RW         1674    .bss.os.thread.cb   rtx_lib.o
    0x2000140c   0x08005b60   0x00000004   PAD
    0x20001410        -       0x00000200   Zero   RW         1675    .bss.os.thread.stack  rtx_lib.o
    0x20001610        -       0x00000001   Zero   RW         1678    .bss.os_kernel_is_active.os_kernel_active  rtx_lib.o
    0x20001611   0x08005b60   0x00000003   PAD
    0x20001614        -       0x00000004   Zero   RW         1109    .bss.uwTick         stm32f4xx_hal.o
    0x20001618        -       0x00005000   Zero   RW         1147    HEAP                startup_stm32f411xe.o
    0x20006618        -       0x00000800   Zero   RW         1146    STACK               startup_stm32f411xe.o


==============================================================================

Image component sizes


      Code (inc. data)   RO Data    RW Data    ZI Data      Debug   Object Name

        68          4          0          0          0       2881   dma.o
       212         16          0          0          0       2270   gpio.o
       196         12          0          0          0        664   irq_cm4f.o
       184         12          0          0          0       5312   main.o
       110         16          0          0          1       4123   os_systick.o
       120         32          0          0          8       3685   osmain.o
         4          0          0          0          0        793   rtx_config.o
       128          0          0          0          0      24168   rtx_evr.o
       674         32         11        164          0      17397   rtx_kernel.o
       122          4        260          0       4941       7127   rtx_lib.o
       282          0          0          0          0       2705   rtx_memory.o
       230          0          0          0          0      15299   rtx_mempool.o
      1636         24          0          0          0      18930   rtx_msgqueue.o
      1090         24          0          0          0       9971   rtx_mutex.o
       828         20          0          0          0      11607   rtx_semaphore.o
       372         18          0          0          0       5574   rtx_system.o
      1910         70          0          0          0      34215   rtx_thread.o
       232         16          0          0          0      10940   rtx_timer.o
       564         72         32          0          8       5608   serial.o
       176         12          0          0         88       4984   spi.o
        64         26        408          0      22528        880   startup_stm32f411xe.o
        84         12          0          8          4       6873   stm32f4xx_hal.o
       156         20          0          0          0       9368   stm32f4xx_hal_cortex.o
       712         20          0          0          0       8325   stm32f4xx_hal_dma.o
       402         20          0          0          0       4925   stm32f4xx_hal_gpio.o
        56          4          0          0          0       1544   stm32f4xx_hal_msp.o
      1216         44          0          0          0       7111   stm32f4xx_hal_rcc.o
       126          0          0          0          0      19203   stm32f4xx_hal_spi.o
       588         28          0          0          0      35467   stm32f4xx_hal_tim.o
         4          0          0          0          0      13669   stm32f4xx_hal_tim_ex.o
       120         16          0          0         64       6287   stm32f4xx_hal_timebase_tim.o
       472         12          0          0          0      15880   stm32f4xx_hal_uart.o
        48         12          0          0          0       1105   stm32f4xx_it.o
       184         36         24          4          0       2690   system_stm32f4xx.o
       288         20          0          0        256       6415   usart.o

    ----------------------------------------------------------------------
     13690        654        768        176      27912     327995   Object Totals
         0          0         32          0          0          0   (incl. Generated)
        32          0          1          0         14          0   (incl. Padding)

    ----------------------------------------------------------------------

      Code (inc. data)   RO Data    RW Data    ZI Data      Debug   Library Member Name

         8          0          0          0          0         68   __main.o
       392          4         17          0          0         92   __printf_flags_ss_wp.o
        14          0          0          0          0         68   __printf_wp.o
         0          0          0          0          0          0   __rtentry.o
        20          0          0          0          0          0   __rtentry2.o
         6          0          0          0          0          0   __rtentry4.o
        52          8          0          0          0          0   __scatter.o
        26          0          0          0          0          0   __scatter_copy.o
        28          0          0          0          0          0   __scatter_zi.o
        72          0          0          0          0         96   _c16rtomb.o
         6          0          0          0          0          0   _printf_a.o
         6          0          0          0          0          0   _printf_c.o
        44          0          0          0          0        108   _printf_char.o
        48          6          0          0          0         96   _printf_char_common.o
        40          0          0          0          0         68   _printf_charcount.o
         6          0          0          0          0          0   _printf_d.o
       120         16          0          0          0         92   _printf_dec.o
         6          0          0          0          0          0   _printf_e.o
         6          0          0          0          0          0   _printf_f.o
      1052          0          0          0          0        148   _printf_fp_dec.o
       764          8         38          0          0        100   _printf_fp_hex.o
       128         16          0          0          0         84   _printf_fp_infnan.o
         6          0          0          0          0          0   _printf_g.o
       148          4         40          0          0        160   _printf_hex_int_ll_ptr.o
         6          0          0          0          0          0   _printf_i.o
       178          0          0          0          0         88   _printf_intcommon.o
        10          0          0          0          0          0   _printf_l.o
         6          0          0          0          0          0   _printf_lc.o
        10          0          0          0          0          0   _printf_ll.o
         6          0          0          0          0          0   _printf_lld.o
         6          0          0          0          0          0   _printf_lli.o
         6          0          0          0          0          0   _printf_llo.o
         6          0          0          0          0          0   _printf_llu.o
         6          0          0          0          0          0   _printf_llx.o
       124         16          0          0          0         92   _printf_longlong_dec.o
         6          0          0          0          0          0   _printf_ls.o
         6          0          0          0          0          0   _printf_n.o
         6          0          0          0          0          0   _printf_o.o
       112          8          0          0          0        124   _printf_oct_int_ll.o
         6          0          0          0          0          0   _printf_p.o
        78          0          0          0          0        108   _printf_pad.o
         0          0          0          0          0          0   _printf_percent.o
         4          0          0          0          0          0   _printf_percent_end.o
         6          0          0          0          0          0   _printf_s.o
        82          0          0          0          0         80   _printf_str.o
        36          0          0          0          0         84   _printf_truncate.o
         6          0          0          0          0          0   _printf_u.o
        44          0          0          0          0        108   _printf_wchar.o
       188          6          8          0          0         92   _printf_wctomb.o
         6          0          0          0          0          0   _printf_x.o
        16          0          0          0          0         68   _snputc.o
        10          0          0          0          0         68   _sputc.o
       228          4        148          0          0         96   bigflt0.o
      1936        128          0          0          0        672   btod.o
        10          0          0          0          0         68   defsig_exit.o
        50          0          0          0          0         88   defsig_general.o
        80         58          0          0          0         76   defsig_rtmem_inner.o
        14          0          0          0          0         80   defsig_rtmem_outer.o
        18          0          0          0          0         80   exit.o
       166          0          0          0          0        144   h1_alloc_threads.o
        82          0          0          0          0        104   h1_extend_threads.o
        10          0          0          0          0         76   h1_final_threads.o
       118          0          0          0          0        108   h1_free_threads.o
        18          0          0          0          0         84   h1_init_threads.o
         6          0          0          0          0        152   heapauxi.o
         4          0          0          0          0        136   hguard.o
         0          0          0          0          0          0   indicate_semi.o
       138          0          0          0          0        168   init_alloc.o
        44         10        272          0          0         76   lc_ctype_c.o
        44         10         28          0          0         76   lc_numeric_c.o
         2          0          0          0          0          0   libinit.o
        42          0          0          0          0          0   libinit2.o
         2          0          0          0          0          0   libshutdown.o
         6          0          0          0          0          0   libshutdown2.o
         8          4          0          0         96         68   libspace.o
       138          0          0          0          0         80   lludiv10.o
       238          0          0          0          0        100   lludivv7m.o
         0          0          0          0          0          0   maybetermalloc2.o
        16          4          0          0          0         76   rt_ctype_table.o
        10          0          0          0          0         76   rt_heap_descriptor_twolibspace.o
        10          0          0          0          0         76   rt_locale_twolibspace.o
        68          0          0          0          0         68   rt_memclr.o
        78          0          0          0          0         80   rt_memclr_w.o
       138          0          0          0          0         68   rt_memcpy_v6.o
       100          0          0          0          0         80   rt_memcpy_w.o
         2          0          0          0          0          0   rtexit.o
        10          0          0          0          0          0   rtexit2.o
       124          0          0          0          0         88   strcmpv7em.o
        12          4          0          0          0         68   sys_exit.o
        74          0          0          0          0         80   sys_stackheap_outer.o
        14          0          0          0          0         76   sys_wrch.o
        16          0          0          0          0         80   term_alloc.o
         2          0          0          0          0         68   use_no_semi.o
        52          4          0          0          0         80   vsnprintf.o
        26          0          0          0          0        116   fpinit.o
         4          0          0          0          0        116   printf1.o
         4          0          0          0          0        116   printf2.o
         0          0          0          0          0          0   usenofp.o
        48          0          0          0          0        124   fpclassify.o

    ----------------------------------------------------------------------
      8202        318        552          0         96       6160   Library Totals
        18          0          1          0          0          0   (incl. Padding)

    ----------------------------------------------------------------------

      Code (inc. data)   RO Data    RW Data    ZI Data      Debug   Library Name

      8102        318        551          0         96       5688   c_w.l
        34          0          0          0          0        348   fz_wm.l
        48          0          0          0          0        124   m_wm.l

    ----------------------------------------------------------------------
      8202        318        552          0         96       6160   Library Totals

    ----------------------------------------------------------------------

==============================================================================


      Code (inc. data)   RO Data    RW Data    ZI Data      Debug   

     21892        972       1320        176      28008     330223   Grand Totals
     21892        972       1320        176      28008     330223   ELF Image Totals
     21892        972       1320        176          0          0   ROM Totals

==============================================================================

    Total RO  Size (Code + RO Data)                23212 (  22.67kB)
    Total RW  Size (RW Data + ZI Data)             28184 (  27.52kB)
    Total ROM Size (Code + RO Data + RW Data)      23388 (  22.84kB)

==============================================================================

