<html>
<body>
<pre>
<h1>µVision Build Log</h1>
<h2>Tool Versions:</h2>
IDE-Version: ¦ÌVision V5.28.0.0
Copyright (C) 2019 ARM Ltd and ARM Germany GmbH. All rights reserved.
License Information: 1 1, 1, LIC=NHYKP-MT5BM-LV31I-TTVRW-YBSKQ-VME06
 
Tool Versions:
Toolchain:       MDK-ARM Professional  Version: 5.28.0.0
Toolchain Path:  C:\Keil_v5\ARM\ARMCLANG\Bin
C Compiler:      ArmClang.exe V6.12
Assembler:       Armasm.exe V6.12
Linker/Locator:  ArmLink.exe V6.12
Library Manager: ArmAr.exe V6.12
Hex Converter:   FromElf.exe V6.12
CPU DLL:         SARMCM3.DLL V5.28.0.0
Dialog DLL:      DCM.DLL V1.17.3.0
Target DLL:      STLink\ST-LINKIII-KEIL_SWO.dll V3.0.6.0
Dialog DLL:      TCM.DLL V1.36.2.0
 
<h2>Project:</h2>
C:\Users\emeili\Desktop\GitApp\TinyBord\ddzOffice\Tiny-bord\Software\BasicDemo\6-os-serial\MDK-ARM\6-os-serial.uvprojx
Project File Date:  10/11/2019

<h2>Output:</h2>
*** Using Compiler 'V6.12', folder: 'C:\Keil_v5\ARM\ARMCLANG\Bin'
Rebuild target '6-os-serial'
compiling dma.c...
compiling gpio.c...
compiling usart.c...
compiling main.c...
compiling spi.c...
compiling osMain.c...
compiling serial.c...
compiling stm32f4xx_it.c...
compiling stm32f4xx_hal_msp.c...
compiling stm32f4xx_hal_timebase_tim.c...
compiling stm32f4xx_hal_tim_ex.c...
compiling stm32f4xx_hal_uart.c...
compiling stm32f4xx_hal_spi.c...
compiling stm32f4xx_hal_rcc_ex.c...
compiling stm32f4xx_hal_rcc.c...
compiling stm32f4xx_hal_flash.c...
compiling stm32f4xx_hal_flash_ramfunc.c...
compiling stm32f4xx_hal_flash_ex.c...
compiling stm32f4xx_hal_tim.c...
compiling stm32f4xx_hal_gpio.c...
compiling stm32f4xx_hal_dma_ex.c...
compiling stm32f4xx_hal_dma.c...
compiling stm32f4xx_hal_pwr.c...
assembling startup_stm32f411xe.s...
assembling irq_cm4f.s...
compiling stm32f4xx_hal_pwr_ex.c...
compiling stm32f4xx_hal_cortex.c...
compiling stm32f4xx_hal.c...
compiling stm32f4xx_hal_exti.c...
compiling system_stm32f4xx.c...
compiling rtx_delay.c...
compiling rtx_lib.c...
compiling rtx_evflags.c...
compiling rtx_memory.c...
compiling rtx_evr.c...
compiling rtx_kernel.c...
compiling rtx_mempool.c...
compiling rtx_mutex.c...
compiling rtx_msgqueue.c...
compiling rtx_system.c...
compiling rtx_semaphore.c...
compiling rtx_timer.c...
compiling RTX_Config.c...
compiling os_systick.c...
compiling rtx_thread.c...
linking...
Program Size: Code=21892 RO-data=1320 RW-data=176 ZI-data=28008  
FromELF: creating hex file...
"6-os-serial\6-os-serial.axf" - 0 Error(s), 0 Warning(s).

<h2>Software Packages used:</h2>

Package Vendor: ARM
                http://www.keil.com/pack/ARM.CMSIS.5.6.0.pack
                ARM.CMSIS.5.6.0
                CMSIS (Cortex Microcontroller Software Interface Standard)
   * Component: RTOS2 Version: 2.1.3
   * Component: CORE Version: 5.3.0
   * Component: Keil RTX5 Variant: Source Version: 5.5.1

Package Vendor: Keil
                http://www.keil.com/pack/Keil.STM32F4xx_DFP.2.14.0.pack
                Keil.STM32F4xx_DFP.2.14.0
                STMicroelectronics STM32F4 Series Device Support, Drivers and Examples

<h2>Collection of Component include folders:</h2>
  .\RTE\CMSIS
  .\RTE\_6-os-serial
  C:\Keil_v5\ARM\PACK\ARM\CMSIS\5.6.0\CMSIS\Core\Include
  C:\Keil_v5\ARM\PACK\ARM\CMSIS\5.6.0\CMSIS\RTOS2\Include
  C:\Keil_v5\ARM\PACK\ARM\CMSIS\5.6.0\CMSIS\RTOS2\RTX\Include
  C:\Keil_v5\ARM\PACK\Keil\STM32F4xx_DFP\2.14.0\Drivers\CMSIS\Device\ST\STM32F4xx\Include

<h2>Collection of Component Files used:</h2>

   * Component: ::CMSIS:RTOS2:2.1.3 (API)
      Include file:  CMSIS\RTOS2\Include\cmsis_os2.h

   * Component: ARM::CMSIS:CORE:5.3.0

   * Component: ARM::CMSIS:RTOS2:Keil RTX5:Source:5.5.1
      Include file:  CMSIS\RTOS2\RTX\Include\rtx_os.h
      Source file:   CMSIS\RTOS2\RTX\Config\RTX_Config.c
      Include file:  CMSIS\RTOS2\RTX\Config\RTX_Config.h
      Source file:   CMSIS\RTOS2\RTX\Template\Timer.c
      Source file:   CMSIS\RTOS2\RTX\Source\rtx_memory.c
      Source file:   CMSIS\RTOS2\RTX\Source\rtx_mempool.c
      Source file:   CMSIS\RTOS2\RTX\Source\rtx_delay.c
      Source file:   CMSIS\RTOS2\RTX\Source\rtx_timer.c
      Source file:   CMSIS\RTOS2\RTX\Source\rtx_lib.c
      Source file:   CMSIS\RTOS2\RTX\Template\Semaphore.c
      Source file:   CMSIS\RTOS2\RTX\Source\ARM\irq_cm4f.s
      Source file:   CMSIS\RTOS2\RTX\Template\Thread.c
      Source file:   CMSIS\RTOS2\RTX\Source\rtx_kernel.c
      Source file:   CMSIS\RTOS2\RTX\Template\MsgQueue.c
      Source file:   CMSIS\RTOS2\RTX\Source\rtx_mutex.c
      Source file:   CMSIS\RTOS2\RTX\Template\Events.c
      Source file:   CMSIS\RTOS2\RTX\Source\rtx_evflags.c
      Source file:   CMSIS\RTOS2\RTX\Template\MemPool.c
      Source file:   CMSIS\RTOS2\RTX\Source\rtx_msgqueue.c
      Source file:   CMSIS\RTOS2\RTX\Template\Mutex.c
      Source file:   CMSIS\RTOS2\RTX\Source\rtx_semaphore.c
      Source file:   CMSIS\RTOS2\RTX\Source\rtx_system.c
      Source file:   CMSIS\RTOS2\RTX\Template\svc_user.c
      Source file:   CMSIS\RTOS2\RTX\Template\main.c
      Source file:   CMSIS\RTOS2\RTX\Source\rtx_thread.c
      Source file:   CMSIS\RTOS2\RTX\Source\rtx_evr.c
      Source file:   CMSIS\RTOS2\Source\os_systick.c
Build Time Elapsed:  00:00:05
</pre>
</body>
</html>
