<html>
<body>
<pre>
<h1>µVision Build Log</h1>
<h2>Tool Versions:</h2>
IDE-Version: ¦ÌVision V5.28.0.0
Copyright (C) 2019 ARM Ltd and ARM Germany GmbH. All rights reserved.
License Information: 1 1, 1, LIC=NHYKP-MT5BM-LV31I-TTVRW-YBSKQ-VME06
 
Tool Versions:
Toolchain:       MDK-ARM Professional  Version: 5.28.0.0
Toolchain Path:  C:\Keil_v5\ARM\ARMCLANG\Bin
C Compiler:      ArmClang.exe V6.12
Assembler:       Armasm.exe V6.12
Linker/Locator:  ArmLink.exe V6.12
Library Manager: ArmAr.exe V6.12
Hex Converter:   FromElf.exe V6.12
CPU DLL:         SARMCM3.DLL V5.28.0.0
Dialog DLL:      DCM.DLL V1.17.3.0
Target DLL:      Segger\JL2CM3.dll V2.99.36.0
Dialog DLL:      TCM.DLL V1.36.2.0
 
<h2>Project:</h2>
C:\Users\emeili\Desktop\GitApp\TinyBord\ddzOffice\Tiny-bord\Software\BasicDemo\black\MDK-ARM\black.uvprojx
Project File Date:  11/06/2019

<h2>Output:</h2>
*** Using Compiler 'V6.12', folder: 'C:\Keil_v5\ARM\ARMCLANG\Bin'
Rebuild target 'black'
assembling startup_stm32f411xe.s...
compiling dma.c...
compiling i2c.c...
compiling gpio.c...
compiling spi.c...
compiling crc.c...
compiling main.c...
compiling sys.c...
compiling stm32f4xx_hal_timebase_tim.c...
compiling stm32f4xx_hal_msp.c...
compiling stm32f4xx_it.c...
compiling usart.c...
compiling stm32f4xx_hal_crc.c...
compiling stm32f4xx_hal_rcc.c...
compiling stm32f4xx_hal_rcc_ex.c...
compiling stm32f4xx_hal_flash_ramfunc.c...
compiling stm32f4xx_hal_flash.c...
compiling stm32f4xx_hal_flash_ex.c...
compiling stm32f4xx_hal_gpio.c...
compiling stm32f4xx_hal_dma_ex.c...
compiling stm32f4xx_hal_dma.c...
compiling stm32f4xx_hal_pwr.c...
compiling stm32f4xx_hal_pwr_ex.c...
compiling stm32f4xx_hal_cortex.c...
compiling stm32f4xx_hal.c...
compiling stm32f4xx_hal_exti.c...
compiling stm32f4xx_hal_i2c_ex.c...
compiling system_stm32f4xx.c...
compiling stm32f4xx_hal_spi.c...
compiling stm32f4xx_hal_tim_ex.c...
compiling rtx_main.c...
compiling stm32f4xx_hal_i2c.c...
compiling stm32f4xx_hal_uart.c...
compiling memory.c...
compiling stm32f4xx_hal_tim.c...
compiling serial.c...
compiling GUI_SingleThread.c...
compiling OLED_I2C.c...
compiling w25qxx.c...
../Usr/GUIDRV_Template.c(824): warning: incompatible pointer types initializing 'unsigned long (*)(GUI_DEVICE *, int, int)' (aka 'unsigned long (*)(struct GUI_DEVICE *, int, int)') with an expression of type 'unsigned int (GUI_DEVICE *, int, int)' (aka 'unsigned int (struct GUI_DEVICE *, int, int)') [-Wincompatible-pointer-types]
  _GetPixelIndex,
  ^~~~~~~~~~~~~~
../Usr/GUIDRV_Template.c(825): warning: incompatible pointer types initializing 'void (*)(GUI_DEVICE *, int, int, unsigned long)' (aka 'void (*)(struct GUI_DEVICE *, int, int, unsigned long)') with an expression of type 'void (GUI_DEVICE *, int, int, int)' (aka 'void (struct GUI_DEVICE *, int, int, int)') [-Wincompatible-pointer-types]
  _SetPixelIndex,
  ^~~~~~~~~~~~~~
2 warnings generated.
compiling GUIDRV_Template.c...
compiling Driver_Flash.c...
../Usr/shell.c(426): warning: passing 'const consoleCmd_t *' (aka 'const struct tConsoleCmd *') to parameter of type 'consoleCmd_t *' (aka 'struct tConsoleCmd *') discards qualifiers [-Wincompatible-pointer-types-discards-qualifiers]
        emConsoleCmdManage.append(&emConsoleCmdManage, &s_cmd_1);
                                                       ^~~~~~~~
1 warning generated.
compiling shell.c...
compiling 1.c...
compiling DialogDLG.c...
compiling 0.c...
compiling 2.c...
compiling 4.c...
compiling 3.c...
compiling 6.c...
compiling 9.c...
compiling 8.c...
compiling 7.c...
compiling 5.c...
compiling 11.c...
assembling irq_cm4f.s...
compiling 10.c...
compiling 12.c...
compiling rtx_delay.c...
compiling rtx_evflags.c...
compiling rtx_evr.c...
compiling rtx_lib.c...
compiling rtx_memory.c...
compiling rtx_kernel.c...
compiling rtx_mempool.c...
compiling rtx_system.c...
compiling rtx_semaphore.c...
compiling rtx_mutex.c...
compiling rtx_msgqueue.c...
compiling os_systick.c...
compiling rtx_timer.c...
compiling rtx_thread.c...
compiling RTX_Config.c...
compiling retarget_io.c...
compiling GUI_X_RTE.c...
compiling FS_Config.c...
compiling GUIConf.c...
compiling LCDConf.c...
linking...
Program Size: Code=19852 RO-data=2312 RW-data=176 ZI-data=19664  
FromELF: creating hex file...
"black\black.axf" - 0 Error(s), 3 Warning(s).

<h2>Software Packages used:</h2>

Package Vendor: ARM
                http://www.keil.com/pack/ARM.CMSIS.5.6.0.pack
                ARM.CMSIS.5.6.0
                CMSIS (Cortex Microcontroller Software Interface Standard)
   * Component: Flash Version: 2.2.0
   * Component: RTOS2 Version: 2.1.3
   * Component: Custom Version: 2.2.0
   * Component: CORE Version: 5.3.0
   * Component: Keil RTX5 Variant: Source Version: 5.5.1

Package Vendor: Keil
                http://www.keil.com/pack/Keil.ARM_Compiler.1.6.1.pack
                Keil.ARM_Compiler.1.6.1
                Keil ARM Compiler extensions for ARM Compiler 5 and ARM Compiler 6
   * Component: File Variant: File System Version: 1.2.0

Package Vendor: Keil
                http://www.keil.com/pack/Keil.MDK-Middleware.7.9.0.pack
                Keil.MDK-Middleware.7.9.0
                Middleware for Keil MDK-Professional and MDK-Plus
   * Component: CORE Variant: LFN Version: 6.12.0
   * Component: NOR Version: 6.12.0
   * Component: CORE Version: 5.50.0
   * Component: Interface Template Version: 5.50.0
   * Component: GUI Builder Version: 5.50.0

Package Vendor: Keil
                http://www.keil.com/pack/Keil.STM32F4xx_DFP.2.14.0.pack
                Keil.STM32F4xx_DFP.2.14.0
                STMicroelectronics STM32F4 Series Device Support, Drivers and Examples

<h2>Collection of Component include folders:</h2>
  .\RTE\CMSIS
  .\RTE\_black
  C:\Keil_v5\ARM\PACK\ARM\CMSIS\5.6.0\CMSIS\Core\Include
  C:\Keil_v5\ARM\PACK\ARM\CMSIS\5.6.0\CMSIS\Driver\Include
  C:\Keil_v5\ARM\PACK\ARM\CMSIS\5.6.0\CMSIS\RTOS2\Include
  C:\Keil_v5\ARM\PACK\ARM\CMSIS\5.6.0\CMSIS\RTOS2\RTX\Include
  C:\Keil_v5\ARM\PACK\Keil\MDK-Middleware\7.9.0\FileSystem\Include
  C:\Keil_v5\ARM\PACK\Keil\MDK-Middleware\7.9.0\emWin\Include
  C:\Keil_v5\ARM\PACK\Keil\STM32F4xx_DFP\2.14.0\Drivers\CMSIS\Device\ST\STM32F4xx\Include

<h2>Collection of Component Files used:</h2>

   * Component: ::CMSIS Driver:Flash:2.2.0 (API)
      Include file:  CMSIS\Driver\Include\Driver_Flash.h

   * Component: ::CMSIS:RTOS2:2.1.3 (API)
      Include file:  CMSIS\RTOS2\Include\cmsis_os2.h

   * Component: ARM::CMSIS Driver:Flash:Custom:2.2.0
      Source file:   CMSIS\Driver\DriverTemplates\Driver_Flash.c
      Include file:  CMSIS\Driver\Include\Driver_Flash.h

   * Component: ARM::CMSIS:CORE:5.3.0

   * Component: ARM::CMSIS:RTOS2:Keil RTX5:Source:5.5.1
      Source file:   CMSIS\RTOS2\RTX\Source\rtx_mempool.c
      Source file:   CMSIS\RTOS2\RTX\Template\MemPool.c
      Source file:   CMSIS\RTOS2\RTX\Template\MsgQueue.c
      Source file:   CMSIS\RTOS2\RTX\Source\rtx_mutex.c
      Source file:   CMSIS\RTOS2\RTX\Source\rtx_memory.c
      Source file:   CMSIS\RTOS2\RTX\Template\svc_user.c
      Source file:   CMSIS\RTOS2\RTX\Source\rtx_msgqueue.c
      Source file:   CMSIS\RTOS2\RTX\Source\rtx_lib.c
      Source file:   CMSIS\RTOS2\RTX\Template\Events.c
      Source file:   CMSIS\RTOS2\RTX\Template\Thread.c
      Source file:   CMSIS\RTOS2\RTX\Source\rtx_timer.c
      Source file:   CMSIS\RTOS2\RTX\Source\rtx_evflags.c
      Source file:   CMSIS\RTOS2\RTX\Source\rtx_semaphore.c
      Source file:   CMSIS\RTOS2\RTX\Source\rtx_kernel.c
      Source file:   CMSIS\RTOS2\RTX\Template\Semaphore.c
      Source file:   CMSIS\RTOS2\RTX\Source\rtx_delay.c
      Source file:   CMSIS\RTOS2\RTX\Source\ARM\irq_cm4f.s
      Source file:   CMSIS\RTOS2\RTX\Template\Mutex.c
      Source file:   CMSIS\RTOS2\RTX\Source\rtx_thread.c
      Source file:   CMSIS\RTOS2\RTX\Source\rtx_system.c
      Source file:   CMSIS\RTOS2\RTX\Template\Timer.c
      Source file:   CMSIS\RTOS2\RTX\Source\rtx_evr.c
      Include file:  CMSIS\RTOS2\RTX\Include\rtx_os.h
      Source file:   CMSIS\RTOS2\RTX\Config\RTX_Config.c
      Include file:  CMSIS\RTOS2\RTX\Config\RTX_Config.h
      Source file:   CMSIS\RTOS2\RTX\Template\main.c
      Source file:   CMSIS\RTOS2\Source\os_systick.c

   * Component: Keil.ARM Compiler::Compiler:I/O:File:File System:1.2.0
      Source file:   Source\retarget_io.c

   * Component: Keil.MDK-Plus::File System:CORE:LFN:6.12.0
      Source file:   FileSystem\Config\FS_Config.c
      Include file:  FileSystem\Include\rl_fs.h
      Library file:  FileSystem\Lib\ARM\FS_LFN_CM3_L.lib

   * Component: Keil.MDK-Plus::File System:Drive:NOR:6.12.0
      Source file:   FileSystem\Config\FS_Config_NOR.h

   * Component: Segger.MDK-Plus::Graphics:CORE:5.50.0
      Source file:   emWin\Sample\Config\GUIConf.c
      Include file:  emWin\Include\GUI.h
      Source file:   emWin\Sample\Template\RTOS2\GUI_TemplateThread.c
      Source file:   emWin\Sample\Template\RTOS2\GUI_SingleThread.c
      Source file:   emWin\Sample\Template\RTOS2\GUI_MultiThread.c
      Source file:   emWin\Sample\GUI_X\GUI_X_RTE.c
      Library file:  emWin\Lib\ARM\GUI_CM4F_L.lib

   * Component: Segger.MDK-Plus::Graphics:Display:Interface Template:5.50.0
      Source file:   emWin\Sample\Config\LCDConf.c

   * Component: Segger.MDK-Plus::Graphics:Tools:GUI Builder:5.50.0
Build Time Elapsed:  00:00:13
</pre>
</body>
</html>
